fsl_clock.h:1211:20:CLOCK_ControlGate	32	static
fsl_clock.h:1228:20:CLOCK_EnableClock	16	static
fsl_iomuxc.h:1270:20:IOMUXC_SetPinMux	24	static
fsl_iomuxc.h:1302:20:IOMUXC_SetPinConfig	24	static
pin_mux.c:228:6:BOARD_InitBootPins	8	static
pin_mux.c:247:6:BOARD_InitPins	24	static
pin_mux.c:358:6:BOARD_InitDEBUG_UART	16	static
pin_mux.c:443:6:BOARD_InitSDRAM	16	static
pin_mux.c:597:6:BOARD_InitCSI	16	static
pin_mux.c:703:6:BOARD_InitLCD	16	static
pin_mux.c:998:6:BOARD_InitCAN	16	static
pin_mux.c:1034:6:BOARD_InitENET	16	static
pin_mux.c:1090:6:BOARD_InitUSDHC	16	static
pin_mux.c:1140:6:BOARD_InitHyperFlash	16	static
