Archive member included to satisfy reference by file (symbol)

d:/programas/mcuxpressoide_11.3.1_5262/ide/plugins/com.nxp.mcuxpresso.tools.win32_11.3.0.202008311133/tools/bin/../lib/gcc/arm-none-eabi/9.3.1/../../../../arm-none-eabi/lib/thumb/v7e-m+fp/hard\libcr_semihost_nf.a(_cr__main.o)
                              ./startup/startup_mimxrt1062.o (__main)
d:/programas/mcuxpressoide_11.3.1_5262/ide/plugins/com.nxp.mcuxpresso.tools.win32_11.3.0.202008311133/tools/bin/../lib/gcc/arm-none-eabi/9.3.1/../../../../arm-none-eabi/lib/thumb/v7e-m+fp/hard\libcr_semihost_nf.a(_cr_assert.o)
                              ./freemaster/freemaster_pipes.o (__assertion_failed)
d:/programas/mcuxpressoide_11.3.1_5262/ide/plugins/com.nxp.mcuxpresso.tools.win32_11.3.0.202008311133/tools/bin/../lib/gcc/arm-none-eabi/9.3.1/../../../../arm-none-eabi/lib/thumb/v7e-m+fp/hard\libcr_semihost_nf.a(__ciob.o)
                              d:/programas/mcuxpressoide_11.3.1_5262/ide/plugins/com.nxp.mcuxpresso.tools.win32_11.3.0.202008311133/tools/bin/../lib/gcc/arm-none-eabi/9.3.1/../../../../arm-none-eabi/lib/thumb/v7e-m+fp/hard\libcr_semihost_nf.a(_cr_assert.o) (__Ciob)
d:/programas/mcuxpressoide_11.3.1_5262/ide/plugins/com.nxp.mcuxpresso.tools.win32_11.3.0.202008311133/tools/bin/../lib/gcc/arm-none-eabi/9.3.1/../../../../arm-none-eabi/lib/thumb/v7e-m+fp/hard\libcr_semihost_nf.a(__sys_appexit.o)
                              d:/programas/mcuxpressoide_11.3.1_5262/ide/plugins/com.nxp.mcuxpresso.tools.win32_11.3.0.202008311133/tools/bin/../lib/gcc/arm-none-eabi/9.3.1/../../../../arm-none-eabi/lib/thumb/v7e-m+fp/hard\libcr_semihost_nf.a(_cr_assert.o) (__sys_appexit)
d:/programas/mcuxpressoide_11.3.1_5262/ide/plugins/com.nxp.mcuxpresso.tools.win32_11.3.0.202008311133/tools/bin/../lib/gcc/arm-none-eabi/9.3.1/../../../../arm-none-eabi/lib/thumb/v7e-m+fp/hard\libcr_c.a(sqrtf_m4_hardfp.o)
                              ./source/Control.o (sqrtf)
d:/programas/mcuxpressoide_11.3.1_5262/ide/plugins/com.nxp.mcuxpresso.tools.win32_11.3.0.202008311133/tools/bin/../lib/gcc/arm-none-eabi/9.3.1/../../../../arm-none-eabi/lib/thumb/v7e-m+fp/hard\libcr_c.a(memcpy.o)
                              ./utilities/fsl_str.o (memcpy)
d:/programas/mcuxpressoide_11.3.1_5262/ide/plugins/com.nxp.mcuxpresso.tools.win32_11.3.0.202008311133/tools/bin/../lib/gcc/arm-none-eabi/9.3.1/../../../../arm-none-eabi/lib/thumb/v7e-m+fp/hard\libcr_c.a(memset.o)
                              ./freertos/freertos_kernel/stream_buffer.o (memset)
d:/programas/mcuxpressoide_11.3.1_5262/ide/plugins/com.nxp.mcuxpresso.tools.win32_11.3.0.202008311133/tools/bin/../lib/gcc/arm-none-eabi/9.3.1/../../../../arm-none-eabi/lib/thumb/v7e-m+fp/hard\libcr_c.a(_deferredlazyseek.o)
                              d:/programas/mcuxpressoide_11.3.1_5262/ide/plugins/com.nxp.mcuxpresso.tools.win32_11.3.0.202008311133/tools/bin/../lib/gcc/arm-none-eabi/9.3.1/../../../../arm-none-eabi/lib/thumb/v7e-m+fp/hard\libcr_semihost_nf.a(_cr_assert.o) (__flsbuf)
d:/programas/mcuxpressoide_11.3.1_5262/ide/plugins/com.nxp.mcuxpresso.tools.win32_11.3.0.202008311133/tools/bin/../lib/gcc/arm-none-eabi/9.3.1/../../../../arm-none-eabi/lib/thumb/v7e-m+fp/hard\libcr_c.a(_fflush.o)
                              d:/programas/mcuxpressoide_11.3.1_5262/ide/plugins/com.nxp.mcuxpresso.tools.win32_11.3.0.202008311133/tools/bin/../lib/gcc/arm-none-eabi/9.3.1/../../../../arm-none-eabi/lib/thumb/v7e-m+fp/hard\libcr_c.a(_deferredlazyseek.o) (_fflush)
d:/programas/mcuxpressoide_11.3.1_5262/ide/plugins/com.nxp.mcuxpresso.tools.win32_11.3.0.202008311133/tools/bin/../lib/gcc/arm-none-eabi/9.3.1/../../../../arm-none-eabi/lib/thumb/v7e-m+fp/hard\libcr_c.a(_writebuf.o)
                              d:/programas/mcuxpressoide_11.3.1_5262/ide/plugins/com.nxp.mcuxpresso.tools.win32_11.3.0.202008311133/tools/bin/../lib/gcc/arm-none-eabi/9.3.1/../../../../arm-none-eabi/lib/thumb/v7e-m+fp/hard\libcr_c.a(_deferredlazyseek.o) (_Cwritebuf)
d:/programas/mcuxpressoide_11.3.1_5262/ide/plugins/com.nxp.mcuxpresso.tools.win32_11.3.0.202008311133/tools/bin/../lib/gcc/arm-none-eabi/9.3.1/../../../../arm-none-eabi/lib/thumb/v7e-m+fp/hard\libcr_c.a(alloc.o)
                              ./drivers/fsl_common.o (malloc)
d:/programas/mcuxpressoide_11.3.1_5262/ide/plugins/com.nxp.mcuxpresso.tools.win32_11.3.0.202008311133/tools/bin/../lib/gcc/arm-none-eabi/9.3.1/../../../../arm-none-eabi/lib/thumb/v7e-m+fp/hard\libcr_c.a(errno.o)
                              ./utilities/fsl_str.o (errno)
d:/programas/mcuxpressoide_11.3.1_5262/ide/plugins/com.nxp.mcuxpresso.tools.win32_11.3.0.202008311133/tools/bin/../lib/gcc/arm-none-eabi/9.3.1/../../../../arm-none-eabi/lib/thumb/v7e-m+fp/hard\libcr_c.a(fputs.o)
                              d:/programas/mcuxpressoide_11.3.1_5262/ide/plugins/com.nxp.mcuxpresso.tools.win32_11.3.0.202008311133/tools/bin/../lib/gcc/arm-none-eabi/9.3.1/../../../../arm-none-eabi/lib/thumb/v7e-m+fp/hard\libcr_semihost_nf.a(_cr_assert.o) (fputs)
[...]
Memory Configuration

Name             Origin             Length             Attributes
BOARD_FLASH      0x60000000         0x00800000         xr
SRAM_DTC         0x20000000         0x00020000         xrw
SRAM_ITC         0x00000000         0x00020000         xrw
SRAM_OC          0x20200000         0x000c0000         xrw
BOARD_SDRAM      0x80000000         0x01e00000         xrw
NCACHE_REGION    0x81e00000         0x00200000         xrw
*default*        0x00000000         0xffffffff

Linker script and memory map

LOAD ./xip/evkmimxrt1060_flexspi_nor_config.o
LOAD ./xip/fsl_flexspi_nor_boot.o
LOAD ./utilities/fsl_debug_console.o
LOAD ./utilities/fsl_str.o
LOAD ./startup/startup_mimxrt1062.o
LOAD ./source/ADCbib.o
LOAD ./source/Control.o
LOAD ./source/ControlInteligente.o
LOAD ./source/FreeMasterbib.o
LOAD ./source/GPIObib.o
LOAD ./source/PWMbib.o
LOAD ./source/ParametrosControlador.o
LOAD ./source/Principal.o
LOAD ./source/ProMed.o
LOAD ./source/TablasBusqueda.o
LOAD ./source/XBARbib.o
LOAD ./source/semihost_hardfault.o
LOAD ./freertos/freertos_kernel/portable/MemMang/heap_4.o
LOAD ./freertos/freertos_kernel/portable/GCC/ARM_CM4F/port.o
LOAD ./freertos/freertos_kernel/croutine.o
LOAD ./freertos/freertos_kernel/event_groups.o
LOAD ./freertos/freertos_kernel/list.o
LOAD ./freertos/freertos_kernel/queue.o
LOAD ./freertos/freertos_kernel/stream_buffer.o
LOAD ./freertos/freertos_kernel/tasks.o
LOAD ./freertos/freertos_kernel/timers.o
LOAD ./freemaster/freemaster_appcmd.o
LOAD ./freemaster/freemaster_can.o
LOAD ./freemaster/freemaster_pdbdm.o
LOAD ./freemaster/freemaster_pipes.o
LOAD ./freemaster/freemaster_protocol.o
LOAD ./freemaster/freemaster_rec.o
LOAD ./freemaster/freemaster_scope.o
LOAD ./freemaster/freemaster_serial.o
LOAD ./freemaster/freemaster_serial_lpuart.o
LOAD ./freemaster/freemaster_sha.o
LOAD ./freemaster/freemaster_tsa.o
LOAD ./freemaster/freemaster_ures.o
LOAD ./freemaster/freemaster_utils.o
LOAD ./drivers/fsl_adc.o
LOAD ./drivers/fsl_adc_etc.o
LOAD ./drivers/fsl_clock.o
LOAD ./drivers/fsl_common.o
LOAD ./drivers/fsl_flexio.o
LOAD ./drivers/fsl_flexio_uart.o
LOAD ./drivers/fsl_gpio.o
LOAD ./drivers/fsl_lpuart.o
LOAD ./drivers/fsl_pwm.o
LOAD ./drivers/fsl_xbara.o
LOAD ./device/system_MIMXRT1062.o
LOAD ./component/uart/fsl_adapter_lpuart.o
LOAD ./component/serial_manager/fsl_component_serial_manager.o
LOAD ./component/serial_manager/fsl_component_serial_port_uart.o
LOAD ./component/lists/fsl_component_generic_list.o
LOAD ./board/board.o
LOAD ./board/clock_config.o
LOAD ./board/dcd.o
LOAD ./board/peripherals.o
LOAD ./board/pin_mux.o
START GROUP
LOAD d:/programas/mcuxpressoide_11.3.1_5262/ide/plugins/com.nxp.mcuxpresso.tools.win32_11.3.0.202008311133/tools/bin/../lib/gcc/arm-none-eabi/9.3.1/../../../../arm-none-eabi/lib/thumb/v7e-m+fp/hard\libcr_semihost_nf.a
LOAD d:/programas/mcuxpressoide_11.3.1_5262/ide/plugins/com.nxp.mcuxpresso.tools.win32_11.3.0.202008311133/tools/bin/../lib/gcc/arm-none-eabi/9.3.1/../../../../arm-none-eabi/lib/thumb/v7e-m+fp/hard\libcr_c.a
LOAD d:/programas/mcuxpressoide_11.3.1_5262/ide/plugins/com.nxp.mcuxpresso.tools.win32_11.3.0.202008311133/tools/bin/../lib/gcc/arm-none-eabi/9.3.1/thumb/v7e-m+fp/hard\libcr_eabihelpers.a
LOAD d:/programas/mcuxpressoide_11.3.1_5262/ide/plugins/com.nxp.mcuxpresso.tools.win32_11.3.0.202008311133/tools/bin/../lib/gcc/arm-none-eabi/9.3.1/thumb/v7e-m+fp/hard\libgcc.a
END GROUP
                0x60000000                __base_BOARD_FLASH = 0x60000000
                0x60000000                __base_Flash = 0x60000000
                0x60800000                __top_BOARD_FLASH = 0x60800000
                0x60800000                __top_Flash = 0x60800000
                0x20000000                __base_SRAM_DTC = 0x20000000
                0x20000000                __base_RAM = 0x20000000
                0x20020000                __top_SRAM_DTC = 0x20020000
                0x20020000                __top_RAM = 0x20020000
                0x00000000                __base_SRAM_ITC = 0x0
                0x00000000                __base_RAM2 = 0x0
                0x00020000                __top_SRAM_ITC = 0x20000
                0x00020000                __top_RAM2 = 0x20000
                0x20200000                __base_SRAM_OC = 0x20200000
                0x20200000                __base_RAM3 = 0x20200000
                0x202c0000                __top_SRAM_OC = 0x202c0000
                0x202c0000                __top_RAM3 = 0x202c0000
                0x80000000                __base_BOARD_SDRAM = 0x80000000
                0x80000000                __base_RAM4 = 0x80000000
                0x81e00000                __top_BOARD_SDRAM = 0x81e00000
                0x81e00000                __top_RAM4 = 0x81e00000
                0x81e00000                __base_NCACHE_REGION = 0x81e00000
                0x81e00000                __base_RAM5 = 0x81e00000
                0x82000000                __top_NCACHE_REGION = 0x82000000
                0x82000000                __top_RAM5 = 0x82000000

.boot_hdr       0x60000000     0x2000
 FILL mask 0xff
                0x60000000                __boot_hdr_start__ = ABSOLUTE (.)
 *(SORT_BY_ALIGNMENT(.boot_hdr.conf))
 .boot_hdr.conf
                0x60000000      0x200 ./xip/evkmimxrt1060_flexspi_nor_config.o
                0x60000000                qspiflash_config
                0x00001000                . = 0x1000
 *fill*         0x60000200      0xe00 ff
 *(SORT_BY_ALIGNMENT(.boot_hdr.ivt))
 .boot_hdr.ivt  0x60001000       0x20 ./xip/fsl_flexspi_nor_boot.o
                0x60001000                image_vector_table
                0x00001020                . = 0x1020
 *(SORT_BY_ALIGNMENT(.boot_hdr.boot_data))
 .boot_hdr.boot_data
                0x60001020       0x10 ./xip/fsl_flexspi_nor_boot.o
                0x60001020                boot_data
                0x00001030                . = 0x1030
 *(SORT_BY_ALIGNMENT(.boot_hdr.dcd_data))
                0x60001030                __boot_hdr_end__ = ABSOLUTE (.)
                0x00002000                . = 0x2000
 *fill*         0x60001030      0xfd0 ff

.text           0x60002000    0x113a4
 FILL mask 0xff
                0x60002000                __vectors_start__ = ABSOLUTE (.)
 *(SORT_BY_ALIGNMENT(.isr_vector))
 .isr_vector    0x60002000      0x2b8 ./startup/startup_mimxrt1062.o
                0x60002000                g_pfnVectors
                0x60002000                __Vectors
                0x600022b8                . = ALIGN (0x4)
                0x600022b8                __section_table_start = .
                0x600022b8                __data_section_table = .
                0x600022b8        0x4 LONG 0x600133a4 LOADADDR (.data)
                0x600022bc        0x4 LONG 0x20000000 ADDR (.data)
                0x600022c0        0x4 LONG 0x70 SIZEOF (.data)
                0x600022c4        0x4 LONG 0x600133a4 LOADADDR (.data_RAM2)
                0x600022c8        0x4 LONG 0x0 ADDR (.data_RAM2)
                0x600022cc        0x4 LONG 0x0 SIZEOF (.data_RAM2)
                0x600022d0        0x4 LONG 0x600133a4 LOADADDR (.data_RAM3)
                0x600022d4        0x4 LONG 0x20200000 ADDR (.data_RAM3)
                0x600022d8        0x4 LONG 0x0 SIZEOF (.data_RAM3)
                0x600022dc        0x4 LONG 0x600133a4 LOADADDR (.data_RAM4)
                0x600022e0        0x4 LONG 0x80000000 ADDR (.data_RAM4)
                0x600022e4        0x4 LONG 0x0 SIZEOF (.data_RAM4)
                0x600022e8        0x4 LONG 0x600133a4 LOADADDR (.data_RAM5)
                0x600022ec        0x4 LONG 0x81e00000 ADDR (.data_RAM5)
                0x600022f0        0x4 LONG 0x0 SIZEOF (.data_RAM5)
                0x600022f4                __data_section_table_end = .
                0x600022f4                __bss_section_table = .
                0x600022f4        0x4 LONG 0x20000070 ADDR (.bss)
                0x600022f8        0x4 LONG 0x4d40 SIZEOF (.bss)
                0x600022fc        0x4 LONG 0x0 ADDR (.bss_RAM2)
                0x60002300        0x4 LONG 0x0 SIZEOF (.bss_RAM2)
                0x60002304        0x4 LONG 0x20200000 ADDR (.bss_RAM3)
                0x60002308        0x4 LONG 0x0 SIZEOF (.bss_RAM3)
                0x6000230c        0x4 LONG 0x80000000 ADDR (.bss_RAM4)
                0x60002310        0x4 LONG 0x0 SIZEOF (.bss_RAM4)
                0x60002314        0x4 LONG 0x81e00000 ADDR (.bss_RAM5)
                0x60002318        0x4 LONG 0x0 SIZEOF (.bss_RAM5)
                0x6000231c                __bss_section_table_end = .
                0x6000231c                __section_table_end = .
 *(SORT_BY_ALIGNMENT(.after_vectors*))
 .after_vectors.reset
                0x6000231c       0x58 ./startup/startup_mimxrt1062.o
                0x6000231c                ResetISR
 .after_vectors.init_data
                0x60002374       0x1e ./startup/startup_mimxrt1062.o
                0x60002374                data_init
 .after_vectors.init_bss
                0x60002392       0x12 ./startup/startup_mimxrt1062.o
                0x60002392                bss_init
 .after_vectors
                0x600023a4       0x14 ./startup/startup_mimxrt1062.o
                0x600023a4                NMI_Handler
                0x600023a8                MemManage_Handler
                0x600023aa                BusFault_Handler
                0x600023ac                UsageFault_Handler
                0x600023b0                DebugMon_Handler
                0x600023b6                LPSPI2_DriverIRQHandler
                0x600023b6                LCDIF_DriverIRQHandler
                0x600023b6                SAI3_RX_DriverIRQHandler
                0x600023b6                CCM_2_DriverIRQHandler
                0x600023b6                PIT_DriverIRQHandler
                0x600023b6                PMU_EVENT_DriverIRQHandler
                0x600023b6                PWM4_FAULT_DriverIRQHandler
                0x600023b6                DMA13_DMA29_DriverIRQHandler
                0x600023b6                FLEXRAM_DriverIRQHandler
                0x600023b6                LPSPI4_DriverIRQHandler
                0x600023b6                SEMC_DriverIRQHandler
                0x600023b6                SPDIF_DriverIRQHandler
                0x600023b6                PWM4_3_DriverIRQHandler
                0x600023b6                ENET2_DriverIRQHandler
                0x600023b6                KPP_DriverIRQHandler
                0x600023b6                USB_PHY1_DriverIRQHandler
                0x600023b6                GPIO3_Combined_0_15_DriverIRQHandler
                0x600023b6                CAN3_DriverIRQHandler
                0x600023b6                Reserved171_DriverIRQHandler
                0x600023b6                DMA7_DMA23_DriverIRQHandler
                0x600023b6                BEE_DriverIRQHandler
                0x600023b6                LPI2C3_DriverIRQHandler
                0x600023b6                GPR_IRQ_DriverIRQHandler
                0x600023b6                PWM2_FAULT_DriverIRQHandler
                0x600023b6                PWM3_1_DriverIRQHandler
                0x600023b6                DMA14_DMA30_DriverIRQHandler
                0x600023b6                TMR1_DriverIRQHandler
                0x600023b6                TRNG_DriverIRQHandler
                0x600023b6                PWM3_2_DriverIRQHandler
                0x600023b6                ENET_1588_Timer_DriverIRQHandler
                0x600023b6                GPIO2_Combined_16_31_DriverIRQHandler
                0x600023b6                Reserved143_DriverIRQHandler
                0x600023b6                FLEXSPI2_DriverIRQHandler
                0x600023b6                PWM4_1_DriverIRQHandler
                0x600023b6                PWM3_3_DriverIRQHandler
                0x600023b6                DMA0_DMA16_DriverIRQHandler
                0x600023b6                IntDefaultHandler
                0x600023b6                DMA2_DMA18_DriverIRQHandler
                0x600023b6                SRC_DriverIRQHandler
                0x600023b6                GPIO1_INT4_DriverIRQHandler
                0x600023b6                Reserved144_DriverIRQHandler
                0x600023b6                USDHC1_DriverIRQHandler
                0x600023b6                ENC3_DriverIRQHandler
                0x600023b6                PWM3_FAULT_DriverIRQHandler
                0x600023b6                Reserved87_DriverIRQHandler
                0x600023b6                TSC_DIG_DriverIRQHandler
                0x600023b6                WDOG1_DriverIRQHandler
                0x600023b6                ENET_DriverIRQHandler
                0x600023b6                Reserved78_DriverIRQHandler
                0x600023b6                TMR4_DriverIRQHandler
                0x600023b6                ENC2_DriverIRQHandler
                0x600023b6                ADC_ETC_IRQ2_DriverIRQHandler
                0x600023b6                GPIO1_Combined_16_31_DriverIRQHandler
                0x600023b6                GPIO1_INT7_DriverIRQHandler
                0x600023b6                SAI1_DriverIRQHandler
                0x600023b6                DCDC_DriverIRQHandler
                0x600023b6                DMA12_DMA28_DriverIRQHandler
                0x600023b6                PWM4_0_DriverIRQHandler
                0x600023b6                ADC_ETC_ERROR_IRQ_DriverIRQHandler
                0x600023b6                ACMP2_DriverIRQHandler
                0x600023b6                GPIO5_Combined_0_15_DriverIRQHandler
                0x600023b6                GPIO1_INT0_DriverIRQHandler
                0x600023b6                GPIO1_INT2_DriverIRQHandler
                0x600023b6                RTWDOG_DriverIRQHandler
                0x600023b6                FLEXSPI_DriverIRQHandler
                0x600023b6                GPT2_DriverIRQHandler
                0x600023b6                USB_PHY2_DriverIRQHandler
                0x600023b6                DMA10_DMA26_DriverIRQHandler
                0x600023b6                PWM2_1_DriverIRQHandler
                0x600023b6                PWM1_1_DriverIRQHandler
                0x600023b6                PXP_DriverIRQHandler
                0x600023b6                ADC1_DriverIRQHandler
                0x600023b6                PWM1_0_DriverIRQHandler
                0x600023b6                SJC_DriverIRQHandler
                0x600023b6                DMA1_DMA17_DriverIRQHandler
                0x600023b6                ENC1_DriverIRQHandler
                0x600023b6                ENC4_DriverIRQHandler
                0x600023b6                CAN2_DriverIRQHandler
                0x600023b6                DCP_DriverIRQHandler
                0x600023b6                CTI0_ERROR_DriverIRQHandler
                0x600023b6                DMA8_DMA24_DriverIRQHandler
                0x600023b6                GPT1_DriverIRQHandler
                0x600023b6                ACMP3_DriverIRQHandler
                0x600023b6                DMA6_DMA22_DriverIRQHandler
                0x600023b6                CSU_DriverIRQHandler
                0x600023b6                GPIO1_INT5_DriverIRQHandler
                0x600023b6                TMR3_DriverIRQHandler
                0x600023b6                TMR2_DriverIRQHandler
                0x600023b6                CTI1_ERROR_DriverIRQHandler
                0x600023b6                GPIO1_Combined_0_15_DriverIRQHandler
                0x600023b6                USDHC2_DriverIRQHandler
                0x600023b6                PWM4_2_DriverIRQHandler
                0x600023b6                EWM_DriverIRQHandler
                0x600023b6                SAI2_DriverIRQHandler
                0x600023b6                CORE_DriverIRQHandler
                0x600023b6                DMA11_DMA27_DriverIRQHandler
                0x600023b6                CSI_DriverIRQHandler
                0x600023b6                PWM2_3_DriverIRQHandler
                0x600023b6                XBAR1_IRQ_2_3_DriverIRQHandler
                0x600023b6                SNVS_HP_WRAPPER_TZ_DriverIRQHandler
                0x600023b6                GPIO3_Combined_16_31_DriverIRQHandler
                0x600023b6                PWM1_FAULT_DriverIRQHandler
                0x600023b6                LPI2C1_DriverIRQHandler
                0x600023b6                ENET2_1588_Timer_DriverIRQHandler
                0x600023b6                PWM2_2_DriverIRQHandler
                0x600023b6                DMA4_DMA20_DriverIRQHandler
                0x600023b6                DMA9_DMA25_DriverIRQHandler
                0x600023b6                SNVS_HP_WRAPPER_DriverIRQHandler
                0x600023b6                XBAR1_IRQ_0_1_DriverIRQHandler
                0x600023b6                ADC_ETC_IRQ1_DriverIRQHandler
                0x600023b6                LPSPI1_DriverIRQHandler
                0x600023b6                DMA3_DMA19_DriverIRQHandler
                0x600023b6                GPIO1_INT3_DriverIRQHandler
                0x600023b6                DCP_VMI_DriverIRQHandler
                0x600023b6                LPI2C4_DriverIRQHandler
                0x600023b6                GPC_DriverIRQHandler
                0x600023b6                GPIO2_Combined_0_15_DriverIRQHandler
                0x600023b6                PWM1_2_DriverIRQHandler
                0x600023b6                USB_OTG1_DriverIRQHandler
                0x600023b6                TEMP_LOW_HIGH_DriverIRQHandler
                0x600023b6                SAI3_TX_DriverIRQHandler
                0x600023b6                WDOG2_DriverIRQHandler
                0x600023b6                Reserved68_DriverIRQHandler
                0x600023b6                PWM3_0_DriverIRQHandler
                0x600023b6                GPIO4_Combined_0_15_DriverIRQHandler
                0x600023b6                GPIO4_Combined_16_31_DriverIRQHandler
                0x600023b6                GPIO6_7_8_9_DriverIRQHandler
                0x600023b6                GPIO5_Combined_16_31_DriverIRQHandler
                0x600023b6                DMA5_DMA21_DriverIRQHandler
                0x600023b6                CCM_1_DriverIRQHandler
                0x600023b6                ADC2_DriverIRQHandler
                0x600023b6                Reserved115_DriverIRQHandler
                0x600023b6                TEMP_PANIC_DriverIRQHandler
                0x600023b6                ACMP4_DriverIRQHandler
                0x600023b6                DMA15_DMA31_DriverIRQHandler
                0x600023b6                LPSPI3_DriverIRQHandler
                0x600023b6                PWM1_3_DriverIRQHandler
                0x600023b6                ACMP1_DriverIRQHandler
                0x600023b6                LPI2C2_DriverIRQHandler
                0x600023b6                Reserved86_DriverIRQHandler
                0x600023b6                DMA_ERROR_DriverIRQHandler
                0x600023b6                ADC_ETC_IRQ0_DriverIRQHandler
                0x600023b6                CAN1_DriverIRQHandler
                0x600023b6                GPIO1_INT6_DriverIRQHandler
                0x600023b6                GPIO1_INT1_DriverIRQHandler
                0x600023b6                PWM2_0_DriverIRQHandler
                0x600023b6                SNVS_LP_WRAPPER_DriverIRQHandler
                0x600023b6                USB_OTG2_DriverIRQHandler
 *(SORT_BY_ALIGNMENT(.text*))
 *fill*         0x600023b8        0x8 ff
 .text.SVC_Handler
                0x600023c0       0x28 ./freertos/freertos_kernel/portable/GCC/ARM_CM4F/port.o
                0x600023c0                SVC_Handler
 *fill*         0x600023e8        0x8 ff
 .text.PendSV_Handler
                0x600023f0       0x68 ./freertos/freertos_kernel/portable/GCC/ARM_CM4F/port.o
                0x600023f0                PendSV_Handler
 .text.ModeloGenerador
                0x60002458      0x398 ./source/Control.o
                0x60002458                ModeloGenerador
 .text.Consecuentes_3x3
                0x600027f0      0x110 ./source/ControlInteligente.o
                0x600027f0                Consecuentes_3x3
 .text.Consecuentes_3x3x3
                0x60002900      0x148 ./source/ControlInteligente.o
                0x60002900                Consecuentes_3x3x3
 .text.__NVIC_EnableIRQ
                0x60002a48       0x3c ./source/ADCbib.o
 .text.__NVIC_SetPriority
                0x60002a84       0x54 ./source/ADCbib.o
 .text.ADC_Config
                0x60002ad8       0xb0 ./source/ADCbib.o
                0x60002ad8                ADC_Config
 .text.ADC_ETC_Config
                0x60002b88      0x150 ./source/ADCbib.o
                0x60002b88                ADC_ETC_Config
 .text.ADC_ETC_IRQ0_IRQHandler
                0x60002cd8      0x14c ./source/ADCbib.o
                0x60002cd8                ADC_ETC_IRQ0_IRQHandler
 .text.LazoCorriente
                0x60002e24       0xf4 ./source/Control.o
                0x60002e24                LazoCorriente
 .text.LazoTension
                0x60002f18      0x154 ./source/Control.o
                0x60002f18                LazoTension
 .text.Acondicionamiento
                0x6000306c      0x290 ./source/Control.o
                0x6000306c                Acondicionamiento
 .text.Reinicia_Control
                0x600032fc       0xfc ./source/Control.o
                0x600032fc                Reinicia_Control
 .text.Sincroniza
                0x600033f8      0x188 ./source/Control.o
                0x600033f8                Sincroniza
 .text.__NVIC_EnableIRQ
                0x60003580       0x3c ./source/FreeMasterbib.o
 .text.__NVIC_SetPriority
                0x600035bc       0x54 ./source/FreeMasterbib.o
 .text.FreeMaster_Config
                0x60003610       0x5c ./source/FreeMasterbib.o
                0x60003610                FreeMaster_Config
 .text.FMSTR_TsaGetTable_tabla_variables
                0x6000366c       0x28 ./source/FreeMasterbib.o
                0x6000366c                FMSTR_TsaGetTable_tabla_variables
 .text.__NVIC_EnableIRQ
                0x60003694       0x3c ./source/GPIObib.o
 .text.__NVIC_SetPriority
                0x600036d0       0x54 ./source/GPIObib.o
 .text.GPIO_Config
                0x60003724       0x80 ./source/GPIObib.o
                0x60003724                GPIO_Config
 .text.GPIO5_Combined_0_15_IRQHandler
                0x600037a4       0x24 ./source/GPIObib.o
                0x600037a4                GPIO5_Combined_0_15_IRQHandler
 .text.ConmutaLED
                0x600037c8       0x18 ./source/GPIObib.o
                0x600037c8                ConmutaLED
 .text.PWM_Config
                0x600037e0      0x348 ./source/PWMbib.o
                0x600037e0                PWM_Config
 .text.PWM_ActualizaCU
                0x60003b28       0xe8 ./source/PWMbib.o
                0x60003b28                PWM_ActualizaCU
 .text.main     0x60003c10       0x88 ./source/Principal.o
                0x60003c10                main
 .text.ParpadeoLED
                0x60003c98       0xc8 ./source/Principal.o
 .text.ActualizaCU
                0x60003d60      0x2b4 ./source/ProMed.o
                0x60003d60                ActualizaCU
 .text.calculaDQ
                0x60004014      0x3bc ./source/ProMed.o
                0x60004014                calculaDQ
 .text.seno_LookUp
                0x600043d0      0x168 ./source/ProMed.o
                0x600043d0                seno_LookUp
 .text.XBAR_Config
                0x60004538       0x30 ./source/XBARbib.o
                0x60004538                XBAR_Config
 .text.pvPortMalloc
                0x60004568      0x198 ./freertos/freertos_kernel/portable/MemMang/heap_4.o
                0x60004568                pvPortMalloc
 .text.vPortFree
                0x60004700       0xc4 ./freertos/freertos_kernel/portable/MemMang/heap_4.o
                0x60004700                vPortFree
 .text.prvHeapInit
                0x600047c4       0xc4 ./freertos/freertos_kernel/portable/MemMang/heap_4.o
 .text.prvInsertBlockIntoFreeList
                0x60004888       0xb4 ./freertos/freertos_kernel/portable/MemMang/heap_4.o
 .text.pxPortInitialiseStack
                0x6000493c       0x68 ./freertos/freertos_kernel/portable/GCC/ARM_CM4F/port.o
                0x6000493c                pxPortInitialiseStack
 .text.prvTaskExitError
                0x600049a4       0x58 ./freertos/freertos_kernel/portable/GCC/ARM_CM4F/port.o
 .text.prvPortStartFirstTask
                0x600049fc       0x28 ./freertos/freertos_kernel/portable/GCC/ARM_CM4F/port.o
 .text.xPortStartScheduler
                0x60004a24      0x144 ./freertos/freertos_kernel/portable/GCC/ARM_CM4F/port.o
                0x60004a24                xPortStartScheduler
 .text.vPortEnterCritical
                0x60004b68       0x60 ./freertos/freertos_kernel/portable/GCC/ARM_CM4F/port.o
                0x60004b68                vPortEnterCritical
 .text.vPortExitCritical
                0x60004bc8       0x54 ./freertos/freertos_kernel/portable/GCC/ARM_CM4F/port.o
                0x60004bc8                vPortExitCritical
 .text.SysTick_Handler
                0x60004c1c       0x44 ./freertos/freertos_kernel/portable/GCC/ARM_CM4F/port.o
                0x60004c1c                SysTick_Handler
 .text.vPortSetupTimerInterrupt
                0x60004c60       0x48 ./freertos/freertos_kernel/portable/GCC/ARM_CM4F/port.o
                0x60004c60                vPortSetupTimerInterrupt
 .text.vPortEnableVFP
                0x60004ca8       0x14 ./freertos/freertos_kernel/portable/GCC/ARM_CM4F/port.o
 .text.vPortValidateInterruptPriority
                0x60004cbc       0x80 ./freertos/freertos_kernel/portable/GCC/ARM_CM4F/port.o
                0x60004cbc                vPortValidateInterruptPriority
 .text.xQueueGenericReset
                0x60004d3c       0xd0 ./freertos/freertos_kernel/queue.o
                0x60004d3c                xQueueGenericReset
 .text.xQueueGenericSend
                0x60004e0c      0x1fc ./freertos/freertos_kernel/queue.o
                0x60004e0c                xQueueGenericSend
 .text.xQueueReceive
                0x60005008      0x1c0 ./freertos/freertos_kernel/queue.o
                0x60005008                xQueueReceive
 .text.vQueueAddToRegistry
                0x600051c8       0x54 ./freertos/freertos_kernel/queue.o
                0x600051c8                vQueueAddToRegistry
 .text.prvAddNewTaskToReadyList
                0x6000521c       0xdc ./freertos/freertos_kernel/tasks.o
 .text.vTaskDelayUntil
                0x600052f8       0xfc ./freertos/freertos_kernel/tasks.o
                0x600052f8                vTaskDelayUntil
 .text.vTaskStartScheduler
                0x600053f4       0x9c ./freertos/freertos_kernel/tasks.o
                0x600053f4                vTaskStartScheduler
 .text.vTaskSuspendAll
                0x60005490       0x1c ./freertos/freertos_kernel/tasks.o
                0x60005490                vTaskSuspendAll
 .text.xTaskResumeAll
                0x600054ac      0x138 ./freertos/freertos_kernel/tasks.o
                0x600054ac                xTaskResumeAll
 .text.xTaskGetTickCount
                0x600055e4       0x20 ./freertos/freertos_kernel/tasks.o
                0x600055e4                xTaskGetTickCount
 .text.xTaskIncrementTick
                0x60005604      0x154 ./freertos/freertos_kernel/tasks.o
                0x60005604                xTaskIncrementTick
 .text.vTaskSwitchContext
                0x60005758       0xb8 ./freertos/freertos_kernel/tasks.o
                0x60005758                vTaskSwitchContext
 .text.vTaskPlaceOnEventList
                0x60005810       0x48 ./freertos/freertos_kernel/tasks.o
                0x60005810                vTaskPlaceOnEventList
 .text.vTaskPlaceOnEventListRestricted
                0x60005858       0x58 ./freertos/freertos_kernel/tasks.o
                0x60005858                vTaskPlaceOnEventListRestricted
 .text.xTaskRemoveFromEventList
                0x600058b0       0xc4 ./freertos/freertos_kernel/tasks.o
                0x600058b0                xTaskRemoveFromEventList
 .text.vTaskInternalSetTimeOutState
                0x60005974       0x2c ./freertos/freertos_kernel/tasks.o
                0x60005974                vTaskInternalSetTimeOutState
 .text.xTaskCheckForTimeOut
                0x600059a0       0xc4 ./freertos/freertos_kernel/tasks.o
                0x600059a0                xTaskCheckForTimeOut
 .text.vTaskMissedYield
                0x60005a64       0x18 ./freertos/freertos_kernel/tasks.o
                0x60005a64                vTaskMissedYield
 .text.prvIdleTask
                0x60005a7c       0x30 ./freertos/freertos_kernel/tasks.o
 .text.prvInitialiseTaskLists
                0x60005aac       0x80 ./freertos/freertos_kernel/tasks.o
 .text.prvCheckTasksWaitingTermination
                0x60005b2c       0x5c ./freertos/freertos_kernel/tasks.o
 .text.prvResetNextTaskUnblockTime
                0x60005b88       0x40 ./freertos/freertos_kernel/tasks.o
 .text.xTaskGetSchedulerState
                0x60005bc8       0x3c ./freertos/freertos_kernel/tasks.o
                0x60005bc8                xTaskGetSchedulerState
 .text.xTaskPriorityDisinherit
                0x60005c04      0x10c ./freertos/freertos_kernel/tasks.o
                0x60005c04                xTaskPriorityDisinherit
 .text.prvAddCurrentTaskToDelayedList
                0x60005d10       0xcc ./freertos/freertos_kernel/tasks.o
 .text.xTimerCreateTimerTask
                0x60005ddc       0x64 ./freertos/freertos_kernel/timers.o
                0x60005ddc                xTimerCreateTimerTask
 .text.xTimerGenericCommand
                0x60005e40       0x9c ./freertos/freertos_kernel/timers.o
                0x60005e40                xTimerGenericCommand
 .text.prvProcessExpiredTimer
                0x60005edc       0x98 ./freertos/freertos_kernel/timers.o
 .text.prvProcessTimerOrBlockTask
                0x60005f74       0x9c ./freertos/freertos_kernel/timers.o
 .text.prvGetNextExpireTime
                0x60006010       0x48 ./freertos/freertos_kernel/timers.o
 .text.prvSampleTimeNow
                0x60006058       0x40 ./freertos/freertos_kernel/timers.o
 .text.prvInsertTimerInActiveList
                0x60006098       0x84 ./freertos/freertos_kernel/timers.o
 .text.prvProcessReceivedCommands
                0x6000611c      0x1c4 ./freertos/freertos_kernel/timers.o
 .text.prvSwitchTimerLists
                0x600062e0       0xc8 ./freertos/freertos_kernel/timers.o
 .text.prvCheckForValidListAndQueue
                0x600063a8       0x6c ./freertos/freertos_kernel/timers.o
 .text.FMSTR_InitPipes
                0x60006414       0x3c ./freemaster/freemaster_pipes.o
                0x60006414                FMSTR_InitPipes
 .text._FMSTR_FindPipe
                0x60006450       0x4c ./freemaster/freemaster_pipes.o
 .text.FMSTR_GetPipe
                0x6000649c      0x130 ./freemaster/freemaster_pipes.o
                0x6000649c                FMSTR_GetPipe
 .text.FMSTR_PipeFrame
                0x600065cc      0x20c ./freemaster/freemaster_pipes.o
                0x600065cc                FMSTR_PipeFrame
 .text.FMSTR_Init
                0x600067d8       0xbc ./freemaster/freemaster_protocol.o
                0x600067d8                FMSTR_Init
 .text.FMSTR_Poll
                0x60006894       0x14 ./freemaster/freemaster_protocol.o
                0x60006894                FMSTR_Poll
 .text.FMSTR_SendResponse
                0x600068a8       0x28 ./freemaster/freemaster_protocol.o
                0x600068a8                FMSTR_SendResponse
 .text.FMSTR_ProtocolDecoder
                0x600068d0      0x184 ./freemaster/freemaster_protocol.o
                0x600068d0                FMSTR_ProtocolDecoder
 .text._FMSTR_GetBoardConfig
                0x60006a54      0x188 ./freemaster/freemaster_protocol.o
                0x60006a54                _FMSTR_GetBoardConfig
 .text.FMSTR_InitRec
                0x60006bdc       0x4c ./freemaster/freemaster_rec.o
                0x60006bdc                FMSTR_InitRec
 .text.FMSTR_RecorderCreate
                0x60006c28       0xc4 ./freemaster/freemaster_rec.o
                0x60006c28                FMSTR_RecorderCreate
 .text._FMSTR_RecMemCfg
                0x60006cec       0xf0 ./freemaster/freemaster_rec.o
 .text._FMSTR_RecVarCfg
                0x60006ddc      0x1ac ./freemaster/freemaster_rec.o
 .text.FMSTR_SetRecCmd
                0x60006f88      0x10c ./freemaster/freemaster_rec.o
                0x60006f88                FMSTR_SetRecCmd
 .text._FMSTR_GetRecorderBufferByRecIx
                0x60007094       0x30 ./freemaster/freemaster_rec.o
 .text._FMSTR_GetRecorderByRecIx
                0x600070c4       0x34 ./freemaster/freemaster_rec.o
 .text.FMSTR_InitScope
                0x600070f8       0x18 ./freemaster/freemaster_scope.o
                0x600070f8                FMSTR_InitScope
 .text.FMSTR_SetScope
                0x60007110       0xdc ./freemaster/freemaster_scope.o
                0x60007110                FMSTR_SetScope
 .text.FMSTR_ReadScope
                0x600071ec       0xc0 ./freemaster/freemaster_scope.o
                0x600071ec                FMSTR_ReadScope
 .text._FMSTR_RxDequeue
                0x600072ac       0x4c ./freemaster/freemaster_serial.o
 .text.FMSTR_ProcessSerial
                0x600072f8       0xc8 ./freemaster/freemaster_serial.o
                0x600072f8                FMSTR_ProcessSerial
 .text._FMSTR_Listen
                0x600073c0       0x58 ./freemaster/freemaster_serial.o
 .text._FMSTR_SendError
                0x60007418       0x24 ./freemaster/freemaster_serial.o
 .text._FMSTR_SerialSendResponse
                0x6000743c      0x124 ./freemaster/freemaster_serial.o
 .text._FMSTR_Tx
                0x60007560       0x88 ./freemaster/freemaster_serial.o
 .text._FMSTR_Rx
                0x600075e8      0x198 ./freemaster/freemaster_serial.o
 .text._FMSTR_SerialInit
                0x60007780      0x1c0 ./freemaster/freemaster_serial.o
 .text._FMSTR_SerialPoll
                0x60007940       0x20 ./freemaster/freemaster_serial.o
 .text._FMSTR_SerialLpuartInit
                0x60007960       0x20 ./freemaster/freemaster_serial_lpuart.o
 .text._FMSTR_SerialLpuartEnableTransmit
                0x60007980       0x2c ./freemaster/freemaster_serial_lpuart.o
 .text._FMSTR_SerialLpuartEnableReceive
                0x600079ac       0x2c ./freemaster/freemaster_serial_lpuart.o
 .text._FMSTR_SerialLpuartEnableTransmitInterrupt
                0x600079d8       0x38 ./freemaster/freemaster_serial_lpuart.o
 .text._FMSTR_SerialLpuartEnableTransmitCompleteInterrupt
                0x60007a10       0x38 ./freemaster/freemaster_serial_lpuart.o
 .text._FMSTR_SerialLpuartEnableReceiveInterrupt
                0x60007a48       0x38 ./freemaster/freemaster_serial_lpuart.o
 .text._FMSTR_SerialLpuartIsTransmitRegEmpty
                0x60007a80       0x30 ./freemaster/freemaster_serial_lpuart.o
 .text._FMSTR_SerialLpuartIsReceiveRegFull
                0x60007ab0       0x30 ./freemaster/freemaster_serial_lpuart.o
 .text._FMSTR_SerialLpuartIsTransmitterActive
                0x60007ae0       0x30 ./freemaster/freemaster_serial_lpuart.o
 .text._FMSTR_SerialLpuartPutChar
                0x60007b10       0x24 ./freemaster/freemaster_serial_lpuart.o
 .text._FMSTR_SerialLpuartGetChar
                0x60007b34       0x18 ./freemaster/freemaster_serial_lpuart.o
 .text.FMSTR_SerialSetBaseAddress
                0x60007b4c       0x20 ./freemaster/freemaster_serial_lpuart.o
                0x60007b4c                FMSTR_SerialSetBaseAddress
 .text.FMSTR_InitTsa
                0x60007b6c       0x30 ./freemaster/freemaster_tsa.o
                0x60007b6c                FMSTR_InitTsa
 .text.FMSTR_TsaGetTable_dynamic_tsa
                0x60007b9c       0x34 ./freemaster/freemaster_tsa.o
                0x60007b9c                FMSTR_TsaGetTable_dynamic_tsa
 .text.FMSTR_GetTsaInfo
                0x60007bd0       0xa4 ./freemaster/freemaster_tsa.o
                0x60007bd0                FMSTR_GetTsaInfo
 .text.FMSTR_GetStringLen
                0x60007c74       0x64 ./freemaster/freemaster_tsa.o
                0x60007c74                FMSTR_GetStringLen
 .text._FMSTR_IsMemoryMapped
                0x60007cd8       0x3c ./freemaster/freemaster_tsa.o
 .text.FMSTR_UresControl
                0x60007d14       0xe4 ./freemaster/freemaster_ures.o
                0x60007d14                FMSTR_UresControl
 .text._FMSTR_UresControlRead
                0x60007df8      0x108 ./freemaster/freemaster_ures.o
 .text._FMSTR_UresControlWrite
                0x60007f00      0x100 ./freemaster/freemaster_ures.o
 .text._FMSTR_UresControlIoctl
                0x60008000      0x124 ./freemaster/freemaster_ures.o
 .text._FMSTR_MemCpyDstAligned
                0x60008124       0xa0 ./freemaster/freemaster_utils.o
 .text._FMSTR_MemCpySrcAligned
                0x600081c4       0xa0 ./freemaster/freemaster_utils.o
 .text._FMSTR_MemCpyMaskedDstAligned
                0x60008264       0xe4 ./freemaster/freemaster_utils.o
 .text.FMSTR_GetAlignmentCorrection
                0x60008348       0x64 ./freemaster/freemaster_utils.o
                0x60008348                FMSTR_GetAlignmentCorrection
 .text._FMSTR_RingBuffCreate
                0x600083ac       0x58 ./freemaster/freemaster_utils.o
                0x600083ac                _FMSTR_RingBuffCreate
 .text._FMSTR_RingBuffPut
                0x60008404       0x5c ./freemaster/freemaster_utils.o
                0x60008404                _FMSTR_RingBuffPut
 .text._FMSTR_RingBuffGet
                0x60008460       0x60 ./freemaster/freemaster_utils.o
                0x60008460                _FMSTR_RingBuffGet
 .text._FMSTR_RingBuffHasData
                0x600084c0       0x34 ./freemaster/freemaster_utils.o
                0x600084c0                _FMSTR_RingBuffHasData
 .text._FMSTR_StrCmp
                0x600084f4       0x9c ./freemaster/freemaster_utils.o
                0x600084f4                _FMSTR_StrCmp
 .text.CLOCK_ControlGate
                0x60008590       0x64 ./drivers/fsl_adc.o
 .text.ADC_GetChannelConversionValue
                0x600085f4       0x30 ./drivers/fsl_adc.o
 .text.ADC_GetChannelStatusFlags
                0x60008624       0x38 ./drivers/fsl_adc.o
 .text.ADC_GetInstance
                0x6000865c       0x4c ./drivers/fsl_adc.o
 .text.ADC_Init
                0x600086a8       0xf8 ./drivers/fsl_adc.o
                0x600086a8                ADC_Init
 .text.ADC_GetDefaultConfig
                0x600087a0       0x6c ./drivers/fsl_adc.o
                0x600087a0                ADC_GetDefaultConfig
 .text.ADC_ETC_Init
                0x6000880c       0x9c ./drivers/fsl_adc_etc.o
                0x6000880c                ADC_ETC_Init
 .text.ADC_ETC_SetTriggerConfig
                0x600088a8       0xa8 ./drivers/fsl_adc_etc.o
                0x600088a8                ADC_ETC_SetTriggerConfig
 .text.ADC_ETC_SetTriggerChainConfig
                0x60008950      0x1f0 ./drivers/fsl_adc_etc.o
                0x60008950                ADC_ETC_SetTriggerChainConfig
 .text.ADC_ETC_GetADCConversionValue
                0x60008b40      0x140 ./drivers/fsl_adc_etc.o
                0x60008b40                ADC_ETC_GetADCConversionValue
 .text.CLOCK_GetOscFreq
                0x60008c80       0x30 ./drivers/fsl_clock.o
 .text.CLOCK_GetPeriphClkFreq
                0x60008cb0       0xec ./drivers/fsl_clock.o
 .text.CLOCK_GetPllUsb1SWFreq
                0x60008d9c       0x44 ./drivers/fsl_clock.o
 .text.CLOCK_InitExternalClk
                0x60008de0       0x6c ./drivers/fsl_clock.o
                0x60008de0                CLOCK_InitExternalClk
 .text.CLOCK_SwitchOsc
                0x60008e4c       0x34 ./drivers/fsl_clock.o
                0x60008e4c                CLOCK_SwitchOsc
 .text.CLOCK_InitRcOsc24M
                0x60008e80       0x24 ./drivers/fsl_clock.o
                0x60008e80                CLOCK_InitRcOsc24M
 .text.CLOCK_GetAhbFreq
                0x60008ea4       0x24 ./drivers/fsl_clock.o
                0x60008ea4                CLOCK_GetAhbFreq
 .text.CLOCK_GetSemcFreq
                0x60008ec8       0x5c ./drivers/fsl_clock.o
                0x60008ec8                CLOCK_GetSemcFreq
 .text.CLOCK_GetIpgFreq
                0x60008f24       0x24 ./drivers/fsl_clock.o
                0x60008f24                CLOCK_GetIpgFreq
 .text.CLOCK_GetPerClkFreq
                0x60008f48       0x40 ./drivers/fsl_clock.o
                0x60008f48                CLOCK_GetPerClkFreq
 .text.CLOCK_GetFreq
                0x60008f88      0x1c8 ./drivers/fsl_clock.o
                0x60008f88                CLOCK_GetFreq
 .text.CLOCK_InitArmPll
                0x60009150       0x68 ./drivers/fsl_clock.o
                0x60009150                CLOCK_InitArmPll
 .text.CLOCK_InitSysPll
                0x600091b8       0x9c ./drivers/fsl_clock.o
                0x600091b8                CLOCK_InitSysPll
 .text.CLOCK_DeinitUsb2Pll
                0x60009254       0x18 ./drivers/fsl_clock.o
                0x60009254                CLOCK_DeinitUsb2Pll
 .text.CLOCK_DeinitAudioPll
                0x6000926c       0x1c ./drivers/fsl_clock.o
                0x6000926c                CLOCK_DeinitAudioPll
 .text.CLOCK_DeinitVideoPll
                0x60009288       0x1c ./drivers/fsl_clock.o
                0x60009288                CLOCK_DeinitVideoPll
 .text.CLOCK_DeinitEnetPll
                0x600092a4       0x1c ./drivers/fsl_clock.o
                0x600092a4                CLOCK_DeinitEnetPll
 .text.CLOCK_GetPllFreq
                0x600092c0      0x400 ./drivers/fsl_clock.o
                0x600092c0                CLOCK_GetPllFreq
 .text.CLOCK_InitSysPfd
                0x600096c0       0x64 ./drivers/fsl_clock.o
                0x600096c0                CLOCK_InitSysPfd
 .text.CLOCK_GetSysPfdFreq
                0x60009724       0xac ./drivers/fsl_clock.o
                0x60009724                CLOCK_GetSysPfdFreq
 .text.CLOCK_GetUsb1PfdFreq
                0x600097d0       0xac ./drivers/fsl_clock.o
                0x600097d0                CLOCK_GetUsb1PfdFreq
 .text.FLEXIO_CommonIRQHandler
                0x6000987c       0x5c ./drivers/fsl_flexio.o
 .text.CLOCK_ControlGate
                0x600098d8       0x64 ./drivers/fsl_gpio.o
 .text.GPIO_GetInstance
                0x6000993c       0x4c ./drivers/fsl_gpio.o
 .text.GPIO_PinInit
                0x60009988       0xa4 ./drivers/fsl_gpio.o
                0x60009988                GPIO_PinInit
 .text.GPIO_PinWrite
                0x60009a2c       0x48 ./drivers/fsl_gpio.o
                0x60009a2c                GPIO_PinWrite
 .text.GPIO_PinSetInterruptConfig
                0x60009a74       0xfc ./drivers/fsl_gpio.o
                0x60009a74                GPIO_PinSetInterruptConfig
 .text.CLOCK_ControlGate
                0x60009b70       0x64 ./drivers/fsl_lpuart.o
 .text.LPUART_GetInstance
                0x60009bd4       0x4c ./drivers/fsl_lpuart.o
                0x60009bd4                LPUART_GetInstance
 .text.LPUART_Init
                0x60009c20      0x310 ./drivers/fsl_lpuart.o
                0x60009c20                LPUART_Init
 .text.LPUART_GetDefaultConfig
                0x60009f30       0x88 ./drivers/fsl_lpuart.o
                0x60009f30                LPUART_GetDefaultConfig
 .text.LPUART2_DriverIRQHandler
                0x60009fb8       0x28 ./drivers/fsl_lpuart.o
                0x60009fb8                LPUART2_DriverIRQHandler
 .text.LPUART3_DriverIRQHandler
                0x60009fe0       0x28 ./drivers/fsl_lpuart.o
                0x60009fe0                LPUART3_DriverIRQHandler
 .text.LPUART4_DriverIRQHandler
                0x6000a008       0x28 ./drivers/fsl_lpuart.o
                0x6000a008                LPUART4_DriverIRQHandler
 .text.LPUART5_DriverIRQHandler
                0x6000a030       0x28 ./drivers/fsl_lpuart.o
                0x6000a030                LPUART5_DriverIRQHandler
 .text.LPUART6_DriverIRQHandler
                0x6000a058       0x28 ./drivers/fsl_lpuart.o
                0x6000a058                LPUART6_DriverIRQHandler
 .text.LPUART7_DriverIRQHandler
                0x6000a080       0x28 ./drivers/fsl_lpuart.o
                0x6000a080                LPUART7_DriverIRQHandler
 .text.LPUART8_DriverIRQHandler
                0x6000a0a8       0x28 ./drivers/fsl_lpuart.o
                0x6000a0a8                LPUART8_DriverIRQHandler
 .text.CLOCK_ControlGate
                0x6000a0d0       0x64 ./drivers/fsl_pwm.o
 .text.PWM_GetInstance
                0x6000a134       0x4c ./drivers/fsl_pwm.o
 .text.PWM_Init
                0x6000a180      0x28c ./drivers/fsl_pwm.o
                0x6000a180                PWM_Init
 .text.PWM_GetDefaultConfig
                0x6000a40c       0x68 ./drivers/fsl_pwm.o
                0x6000a40c                PWM_GetDefaultConfig
 .text.CLOCK_ControlGate
                0x6000a474       0x64 ./drivers/fsl_xbara.o
 .text.XBARA_GetInstance
                0x6000a4d8       0x44 ./drivers/fsl_xbara.o
 .text.SystemInit
                0x6000a51c      0x1d8 ./device/system_MIMXRT1062.o
                0x6000a51c                SystemInit
 .text.ARM_MPU_Enable
                0x6000a6f4       0x40 ./board/board.o
 .text.ARM_MPU_Disable
                0x6000a734       0x34 ./board/board.o
 .text.CLOCK_GetMux
                0x6000a768       0x44 ./board/board.o
 .text.CLOCK_GetDiv
                0x6000a7ac       0x44 ./board/board.o
 .text.CLOCK_GetOscFreq
                0x6000a7f0       0x30 ./board/board.o
 .text.BOARD_DebugConsoleSrcFreq
                0x6000a820       0x64 ./board/board.o
                0x6000a820                BOARD_DebugConsoleSrcFreq
 .text.BOARD_ConfigMPU
                0x6000a884      0x30c ./board/board.o
                0x6000a884                BOARD_ConfigMPU
 .text.CLOCK_SetMux
                0x6000ab90       0x9c ./board/clock_config.o
 .text.CLOCK_SetDiv
                0x6000ac2c       0x9c ./board/clock_config.o
 .text.CLOCK_ControlGate
                0x6000acc8       0x64 ./board/clock_config.o
 .text.CLOCK_SetXtalFreq
                0x6000ad2c       0x20 ./board/clock_config.o
 .text.CLOCK_SetRtcXtalFreq
                0x6000ad4c       0x20 ./board/clock_config.o
 .text.IOMUXC_EnableMode
                0x6000ad6c       0x48 ./board/clock_config.o
 .text.IOMUXC_MQSConfig
                0x6000adb4       0x44 ./board/clock_config.o
 .text.BOARD_BootClockRUN
                0x6000adf8      0x678 ./board/clock_config.o
                0x6000adf8                BOARD_BootClockRUN
 .text.CLOCK_ControlGate
                0x6000b470       0x64 ./board/pin_mux.o
 .text.BOARD_InitPins
                0x6000b4d4      0x40c ./board/pin_mux.o
                0x6000b4d4                BOARD_InitPins
 .text.BOARD_InitDEBUG_UART
                0x6000b8e0       0x78 ./board/pin_mux.o
                0x6000b8e0                BOARD_InitDEBUG_UART
 .text.__assertion_failed
                0x6000b958       0x4c d:/programas/mcuxpressoide_11.3.1_5262/ide/plugins/com.nxp.mcuxpresso.tools.win32_11.3.0.202008311133/tools/bin/../lib/gcc/arm-none-eabi/9.3.1/../../../../arm-none-eabi/lib/thumb/v7e-m+fp/hard\libcr_semihost_nf.a(_cr_assert.o)
                0x6000b958                __assertion_failed
 .text.__sys_appexit
                0x6000b9a4        0xc d:/programas/mcuxpressoide_11.3.1_5262/ide/plugins/com.nxp.mcuxpresso.tools.win32_11.3.0.202008311133/tools/bin/../lib/gcc/arm-none-eabi/9.3.1/../../../../arm-none-eabi/lib/thumb/v7e-m+fp/hard\libcr_semihost_nf.a(__sys_appexit.o)
                0x6000b9a4                __sys_appexit
                0x6000b9a4                __exit
 .text._Cwritebuf
                0x6000b9b0       0x6c d:/programas/mcuxpressoide_11.3.1_5262/ide/plugins/com.nxp.mcuxpresso.tools.win32_11.3.0.202008311133/tools/bin/../lib/gcc/arm-none-eabi/9.3.1/../../../../arm-none-eabi/lib/thumb/v7e-m+fp/hard\libcr_c.a(_writebuf.o)
                0x6000b9b0                _Cwritebuf
 .text.malloc   0x6000ba1c       0xc8 d:/programas/mcuxpressoide_11.3.1_5262/ide/plugins/com.nxp.mcuxpresso.tools.win32_11.3.0.202008311133/tools/bin/../lib/gcc/arm-none-eabi/9.3.1/../../../../arm-none-eabi/lib/thumb/v7e-m+fp/hard\libcr_c.a(alloc.o)
                0x6000ba1c                malloc
 .text._Csys_alloc
                0x6000bae4       0x20 d:/programas/mcuxpressoide_11.3.1_5262/ide/plugins/com.nxp.mcuxpresso.tools.win32_11.3.0.202008311133/tools/bin/../lib/gcc/arm-none-eabi/9.3.1/../../../../arm-none-eabi/lib/thumb/v7e-m+fp/hard\libcr_c.a(alloc.o)
                0x6000bae4                _Csys_alloc
 .text.fseek    0x6000bb04      0x100 d:/programas/mcuxpressoide_11.3.1_5262/ide/plugins/com.nxp.mcuxpresso.tools.win32_11.3.0.202008311133/tools/bin/../lib/gcc/arm-none-eabi/9.3.1/../../../../arm-none-eabi/lib/thumb/v7e-m+fp/hard\libcr_c.a(fseek.o)
                0x6000bb04                fseek
 .text.ftell    0x6000bc04       0x44 d:/programas/mcuxpressoide_11.3.1_5262/ide/plugins/com.nxp.mcuxpresso.tools.win32_11.3.0.202008311133/tools/bin/../lib/gcc/arm-none-eabi/9.3.1/../../../../arm-none-eabi/lib/thumb/v7e-m+fp/hard\libcr_c.a(ftell.o)
                0x6000bc04                ftell
 .text._initio  0x6000bc48       0x78 d:/programas/mcuxpressoide_11.3.1_5262/ide/plugins/com.nxp.mcuxpresso.tools.win32_11.3.0.202008311133/tools/bin/../lib/gcc/arm-none-eabi/9.3.1/../../../../arm-none-eabi/lib/thumb/v7e-m+fp/hard\libcr_c.a(initio.o)
                0x6000bc48                _initio
 .text._sbrk    0x6000bcc0       0x3c d:/programas/mcuxpressoide_11.3.1_5262/ide/plugins/com.nxp.mcuxpresso.tools.win32_11.3.0.202008311133/tools/bin/../lib/gcc/arm-none-eabi/9.3.1/../../../../arm-none-eabi/lib/thumb/v7e-m+fp/hard\libcr_c.a(_cr_sbrk.o)
                0x6000bcc0                _sbrk
 .text.fflush   0x6000bcfc       0x44 d:/programas/mcuxpressoide_11.3.1_5262/ide/plugins/com.nxp.mcuxpresso.tools.win32_11.3.0.202008311133/tools/bin/../lib/gcc/arm-none-eabi/9.3.1/../../../../arm-none-eabi/lib/thumb/v7e-m+fp/hard\libcr_c.a(fflush.o)
                0x6000bcfc                fflush
 .text.__check_heap_overflow
                0x6000bd40       0x18 d:/programas/mcuxpressoide_11.3.1_5262/ide/plugins/com.nxp.mcuxpresso.tools.win32_11.3.0.202008311133/tools/bin/../lib/gcc/arm-none-eabi/9.3.1/../../../../arm-none-eabi/lib/thumb/v7e-m+fp/hard\libcr_c.a(_cr_check_heap.o)
                0x6000bd40                __check_heap_overflow
 .text.__aeabi_dmul
                0x6000bd58      0x114 d:/programas/mcuxpressoide_11.3.1_5262/ide/plugins/com.nxp.mcuxpresso.tools.win32_11.3.0.202008311133/tools/bin/../lib/gcc/arm-none-eabi/9.3.1/thumb/v7e-m+fp/hard\libcr_eabihelpers.a(double.o)
                0x6000bd58                __aeabi_dmul
 .text.__aeabi_d2f
                0x6000be6c       0x58 d:/programas/mcuxpressoide_11.3.1_5262/ide/plugins/com.nxp.mcuxpresso.tools.win32_11.3.0.202008311133/tools/bin/../lib/gcc/arm-none-eabi/9.3.1/thumb/v7e-m+fp/hard\libcr_eabihelpers.a(double.o)
                0x6000be6c                __aeabi_d2f
 .text.__aeabi_f2d
                0x6000bec4       0x38 d:/programas/mcuxpressoide_11.3.1_5262/ide/plugins/com.nxp.mcuxpresso.tools.win32_11.3.0.202008311133/tools/bin/../lib/gcc/arm-none-eabi/9.3.1/thumb/v7e-m+fp/hard\libcr_eabihelpers.a(float.o)
                0x6000bec4                __aeabi_f2d
 .text.DMA0_DMA16_IRQHandler
                0x6000befc        0x8 ./startup/startup_mimxrt1062.o
                0x6000befc                DMA0_DMA16_IRQHandler
 .text.DMA1_DMA17_IRQHandler
                0x6000bf04        0x8 ./startup/startup_mimxrt1062.o
                0x6000bf04                DMA1_DMA17_IRQHandler
 .text.DMA2_DMA18_IRQHandler
                0x6000bf0c        0x8 ./startup/startup_mimxrt1062.o
                0x6000bf0c                DMA2_DMA18_IRQHandler
 .text.DMA3_DMA19_IRQHandler
                0x6000bf14        0x8 ./startup/startup_mimxrt1062.o
                0x6000bf14                DMA3_DMA19_IRQHandler
 .text.DMA4_DMA20_IRQHandler
                0x6000bf1c        0x8 ./startup/startup_mimxrt1062.o
                0x6000bf1c                DMA4_DMA20_IRQHandler
 .text.DMA5_DMA21_IRQHandler
                0x6000bf24        0x8 ./startup/startup_mimxrt1062.o
                0x6000bf24                DMA5_DMA21_IRQHandler
 .text.DMA6_DMA22_IRQHandler
                0x6000bf2c        0x8 ./startup/startup_mimxrt1062.o
                0x6000bf2c                DMA6_DMA22_IRQHandler
 .text.DMA7_DMA23_IRQHandler
                0x6000bf34        0x8 ./startup/startup_mimxrt1062.o
                0x6000bf34                DMA7_DMA23_IRQHandler
 .text.DMA8_DMA24_IRQHandler
                0x6000bf3c        0x8 ./startup/startup_mimxrt1062.o
                0x6000bf3c                DMA8_DMA24_IRQHandler
 .text.DMA9_DMA25_IRQHandler
                0x6000bf44        0x8 ./startup/startup_mimxrt1062.o
                0x6000bf44                DMA9_DMA25_IRQHandler
 .text.DMA10_DMA26_IRQHandler
                0x6000bf4c        0x8 ./startup/startup_mimxrt1062.o
                0x6000bf4c                DMA10_DMA26_IRQHandler
 .text.DMA11_DMA27_IRQHandler
                0x6000bf54        0x8 ./startup/startup_mimxrt1062.o
                0x6000bf54                DMA11_DMA27_IRQHandler
 .text.DMA12_DMA28_IRQHandler
                0x6000bf5c        0x8 ./startup/startup_mimxrt1062.o
                0x6000bf5c                DMA12_DMA28_IRQHandler
 .text.DMA13_DMA29_IRQHandler
                0x6000bf64        0x8 ./startup/startup_mimxrt1062.o
                0x6000bf64                DMA13_DMA29_IRQHandler
 .text.DMA14_DMA30_IRQHandler
                0x6000bf6c        0x8 ./startup/startup_mimxrt1062.o
                0x6000bf6c                DMA14_DMA30_IRQHandler
 .text.DMA15_DMA31_IRQHandler
                0x6000bf74        0x8 ./startup/startup_mimxrt1062.o
                0x6000bf74                DMA15_DMA31_IRQHandler
 .text.DMA_ERROR_IRQHandler
                0x6000bf7c        0x8 ./startup/startup_mimxrt1062.o
                0x6000bf7c                DMA_ERROR_IRQHandler
 .text.CTI0_ERROR_IRQHandler
                0x6000bf84        0x8 ./startup/startup_mimxrt1062.o
                0x6000bf84                CTI0_ERROR_IRQHandler
 .text.CTI1_ERROR_IRQHandler
                0x6000bf8c        0x8 ./startup/startup_mimxrt1062.o
                0x6000bf8c                CTI1_ERROR_IRQHandler
 .text.CORE_IRQHandler
                0x6000bf94        0x8 ./startup/startup_mimxrt1062.o
                0x6000bf94                CORE_IRQHandler
 .text.LPUART2_IRQHandler
                0x6000bf9c        0x8 ./startup/startup_mimxrt1062.o
                0x6000bf9c                LPUART2_IRQHandler
 .text.LPUART3_IRQHandler
                0x6000bfa4        0x8 ./startup/startup_mimxrt1062.o
                0x6000bfa4                LPUART3_IRQHandler
 .text.LPUART4_IRQHandler
                0x6000bfac        0x8 ./startup/startup_mimxrt1062.o
                0x6000bfac                LPUART4_IRQHandler
 .text.LPUART5_IRQHandler
                0x6000bfb4        0x8 ./startup/startup_mimxrt1062.o
                0x6000bfb4                LPUART5_IRQHandler
 .text.LPUART6_IRQHandler
                0x6000bfbc        0x8 ./startup/startup_mimxrt1062.o
                0x6000bfbc                LPUART6_IRQHandler
 .text.LPUART7_IRQHandler
                0x6000bfc4        0x8 ./startup/startup_mimxrt1062.o
                0x6000bfc4                LPUART7_IRQHandler
 .text.LPUART8_IRQHandler
                0x6000bfcc        0x8 ./startup/startup_mimxrt1062.o
                0x6000bfcc                LPUART8_IRQHandler
 .text.LPI2C1_IRQHandler
                0x6000bfd4        0x8 ./startup/startup_mimxrt1062.o
                0x6000bfd4                LPI2C1_IRQHandler
 .text.LPI2C2_IRQHandler
                0x6000bfdc        0x8 ./startup/startup_mimxrt1062.o
                0x6000bfdc                LPI2C2_IRQHandler
 .text.LPI2C3_IRQHandler
                0x6000bfe4        0x8 ./startup/startup_mimxrt1062.o
                0x6000bfe4                LPI2C3_IRQHandler
 .text.LPI2C4_IRQHandler
                0x6000bfec        0x8 ./startup/startup_mimxrt1062.o
                0x6000bfec                LPI2C4_IRQHandler
 .text.LPSPI1_IRQHandler
                0x6000bff4        0x8 ./startup/startup_mimxrt1062.o
                0x6000bff4                LPSPI1_IRQHandler
 .text.LPSPI2_IRQHandler
                0x6000bffc        0x8 ./startup/startup_mimxrt1062.o
                0x6000bffc                LPSPI2_IRQHandler
 .text.LPSPI3_IRQHandler
                0x6000c004        0x8 ./startup/startup_mimxrt1062.o
                0x6000c004                LPSPI3_IRQHandler
 .text.LPSPI4_IRQHandler
                0x6000c00c        0x8 ./startup/startup_mimxrt1062.o
                0x6000c00c                LPSPI4_IRQHandler
 .text.CAN1_IRQHandler
                0x6000c014        0x8 ./startup/startup_mimxrt1062.o
                0x6000c014                CAN1_IRQHandler
 .text.CAN2_IRQHandler
                0x6000c01c        0x8 ./startup/startup_mimxrt1062.o
                0x6000c01c                CAN2_IRQHandler
 .text.FLEXRAM_IRQHandler
                0x6000c024        0x8 ./startup/startup_mimxrt1062.o
                0x6000c024                FLEXRAM_IRQHandler
 .text.KPP_IRQHandler
                0x6000c02c        0x8 ./startup/startup_mimxrt1062.o
                0x6000c02c                KPP_IRQHandler
 .text.TSC_DIG_IRQHandler
                0x6000c034        0x8 ./startup/startup_mimxrt1062.o
                0x6000c034                TSC_DIG_IRQHandler
 .text.GPR_IRQ_IRQHandler
                0x6000c03c        0x8 ./startup/startup_mimxrt1062.o
                0x6000c03c                GPR_IRQ_IRQHandler
 .text.LCDIF_IRQHandler
                0x6000c044        0x8 ./startup/startup_mimxrt1062.o
                0x6000c044                LCDIF_IRQHandler
 .text.CSI_IRQHandler
                0x6000c04c        0x8 ./startup/startup_mimxrt1062.o
                0x6000c04c                CSI_IRQHandler
 .text.PXP_IRQHandler
                0x6000c054        0x8 ./startup/startup_mimxrt1062.o
                0x6000c054                PXP_IRQHandler
 .text.WDOG2_IRQHandler
                0x6000c05c        0x8 ./startup/startup_mimxrt1062.o
                0x6000c05c                WDOG2_IRQHandler
 .text.SNVS_HP_WRAPPER_IRQHandler
                0x6000c064        0x8 ./startup/startup_mimxrt1062.o
                0x6000c064                SNVS_HP_WRAPPER_IRQHandler
 .text.SNVS_HP_WRAPPER_TZ_IRQHandler
                0x6000c06c        0x8 ./startup/startup_mimxrt1062.o
                0x6000c06c                SNVS_HP_WRAPPER_TZ_IRQHandler
 .text.SNVS_LP_WRAPPER_IRQHandler
                0x6000c074        0x8 ./startup/startup_mimxrt1062.o
                0x6000c074                SNVS_LP_WRAPPER_IRQHandler
 .text.CSU_IRQHandler
                0x6000c07c        0x8 ./startup/startup_mimxrt1062.o
                0x6000c07c                CSU_IRQHandler
 .text.DCP_IRQHandler
                0x6000c084        0x8 ./startup/startup_mimxrt1062.o
                0x6000c084                DCP_IRQHandler
 .text.DCP_VMI_IRQHandler
                0x6000c08c        0x8 ./startup/startup_mimxrt1062.o
                0x6000c08c                DCP_VMI_IRQHandler
 .text.Reserved68_IRQHandler
                0x6000c094        0x8 ./startup/startup_mimxrt1062.o
                0x6000c094                Reserved68_IRQHandler
 .text.TRNG_IRQHandler
                0x6000c09c        0x8 ./startup/startup_mimxrt1062.o
                0x6000c09c                TRNG_IRQHandler
 .text.SJC_IRQHandler
                0x6000c0a4        0x8 ./startup/startup_mimxrt1062.o
                0x6000c0a4                SJC_IRQHandler
 .text.BEE_IRQHandler
                0x6000c0ac        0x8 ./startup/startup_mimxrt1062.o
                0x6000c0ac                BEE_IRQHandler
 .text.SAI1_IRQHandler
                0x6000c0b4        0x8 ./startup/startup_mimxrt1062.o
                0x6000c0b4                SAI1_IRQHandler
 .text.SAI2_IRQHandler
                0x6000c0bc        0x8 ./startup/startup_mimxrt1062.o
                0x6000c0bc                SAI2_IRQHandler
 .text.SAI3_RX_IRQHandler
                0x6000c0c4        0x8 ./startup/startup_mimxrt1062.o
                0x6000c0c4                SAI3_RX_IRQHandler
 .text.SAI3_TX_IRQHandler
                0x6000c0cc        0x8 ./startup/startup_mimxrt1062.o
                0x6000c0cc                SAI3_TX_IRQHandler
 .text.SPDIF_IRQHandler
                0x6000c0d4        0x8 ./startup/startup_mimxrt1062.o
                0x6000c0d4                SPDIF_IRQHandler
 .text.PMU_EVENT_IRQHandler
                0x6000c0dc        0x8 ./startup/startup_mimxrt1062.o
                0x6000c0dc                PMU_EVENT_IRQHandler
 .text.Reserved78_IRQHandler
                0x6000c0e4        0x8 ./startup/startup_mimxrt1062.o
                0x6000c0e4                Reserved78_IRQHandler
 .text.TEMP_LOW_HIGH_IRQHandler
                0x6000c0ec        0x8 ./startup/startup_mimxrt1062.o
                0x6000c0ec                TEMP_LOW_HIGH_IRQHandler
 .text.TEMP_PANIC_IRQHandler
                0x6000c0f4        0x8 ./startup/startup_mimxrt1062.o
                0x6000c0f4                TEMP_PANIC_IRQHandler
 .text.USB_PHY1_IRQHandler
                0x6000c0fc        0x8 ./startup/startup_mimxrt1062.o
                0x6000c0fc                USB_PHY1_IRQHandler
 .text.USB_PHY2_IRQHandler
                0x6000c104        0x8 ./startup/startup_mimxrt1062.o
                0x6000c104                USB_PHY2_IRQHandler
 .text.ADC1_IRQHandler
                0x6000c10c        0x8 ./startup/startup_mimxrt1062.o
                0x6000c10c                ADC1_IRQHandler
 .text.ADC2_IRQHandler
                0x6000c114        0x8 ./startup/startup_mimxrt1062.o
                0x6000c114                ADC2_IRQHandler
 .text.DCDC_IRQHandler
                0x6000c11c        0x8 ./startup/startup_mimxrt1062.o
                0x6000c11c                DCDC_IRQHandler
 .text.Reserved86_IRQHandler
                0x6000c124        0x8 ./startup/startup_mimxrt1062.o
                0x6000c124                Reserved86_IRQHandler
 .text.Reserved87_IRQHandler
                0x6000c12c        0x8 ./startup/startup_mimxrt1062.o
                0x6000c12c                Reserved87_IRQHandler
 .text.GPIO1_INT0_IRQHandler
                0x6000c134        0x8 ./startup/startup_mimxrt1062.o
                0x6000c134                GPIO1_INT0_IRQHandler
 .text.GPIO1_INT1_IRQHandler
                0x6000c13c        0x8 ./startup/startup_mimxrt1062.o
                0x6000c13c                GPIO1_INT1_IRQHandler
 .text.GPIO1_INT2_IRQHandler
                0x6000c144        0x8 ./startup/startup_mimxrt1062.o
                0x6000c144                GPIO1_INT2_IRQHandler
 .text.GPIO1_INT3_IRQHandler
                0x6000c14c        0x8 ./startup/startup_mimxrt1062.o
                0x6000c14c                GPIO1_INT3_IRQHandler
 .text.GPIO1_INT4_IRQHandler
                0x6000c154        0x8 ./startup/startup_mimxrt1062.o
                0x6000c154                GPIO1_INT4_IRQHandler
 .text.GPIO1_INT5_IRQHandler
                0x6000c15c        0x8 ./startup/startup_mimxrt1062.o
                0x6000c15c                GPIO1_INT5_IRQHandler
 .text.GPIO1_INT6_IRQHandler
                0x6000c164        0x8 ./startup/startup_mimxrt1062.o
                0x6000c164                GPIO1_INT6_IRQHandler
 .text.GPIO1_INT7_IRQHandler
                0x6000c16c        0x8 ./startup/startup_mimxrt1062.o
                0x6000c16c                GPIO1_INT7_IRQHandler
 .text.GPIO1_Combined_0_15_IRQHandler
                0x6000c174        0x8 ./startup/startup_mimxrt1062.o
                0x6000c174                GPIO1_Combined_0_15_IRQHandler
 .text.GPIO1_Combined_16_31_IRQHandler
                0x6000c17c        0x8 ./startup/startup_mimxrt1062.o
                0x6000c17c                GPIO1_Combined_16_31_IRQHandler
 .text.GPIO2_Combined_0_15_IRQHandler
                0x6000c184        0x8 ./startup/startup_mimxrt1062.o
                0x6000c184                GPIO2_Combined_0_15_IRQHandler
 .text.GPIO2_Combined_16_31_IRQHandler
                0x6000c18c        0x8 ./startup/startup_mimxrt1062.o
                0x6000c18c                GPIO2_Combined_16_31_IRQHandler
 .text.GPIO3_Combined_0_15_IRQHandler
                0x6000c194        0x8 ./startup/startup_mimxrt1062.o
                0x6000c194                GPIO3_Combined_0_15_IRQHandler
 .text.GPIO3_Combined_16_31_IRQHandler
                0x6000c19c        0x8 ./startup/startup_mimxrt1062.o
                0x6000c19c                GPIO3_Combined_16_31_IRQHandler
 .text.GPIO4_Combined_0_15_IRQHandler
                0x6000c1a4        0x8 ./startup/startup_mimxrt1062.o
                0x6000c1a4                GPIO4_Combined_0_15_IRQHandler
 .text.GPIO4_Combined_16_31_IRQHandler
                0x6000c1ac        0x8 ./startup/startup_mimxrt1062.o
                0x6000c1ac                GPIO4_Combined_16_31_IRQHandler
 .text.GPIO5_Combined_16_31_IRQHandler
                0x6000c1b4        0x8 ./startup/startup_mimxrt1062.o
                0x6000c1b4                GPIO5_Combined_16_31_IRQHandler
 .text.FLEXIO1_IRQHandler
                0x6000c1bc        0x8 ./startup/startup_mimxrt1062.o
                0x6000c1bc                FLEXIO1_IRQHandler
 .text.FLEXIO2_IRQHandler
                0x6000c1c4        0x8 ./startup/startup_mimxrt1062.o
                0x6000c1c4                FLEXIO2_IRQHandler
 .text.WDOG1_IRQHandler
                0x6000c1cc        0x8 ./startup/startup_mimxrt1062.o
                0x6000c1cc                WDOG1_IRQHandler
 .text.RTWDOG_IRQHandler
                0x6000c1d4        0x8 ./startup/startup_mimxrt1062.o
                0x6000c1d4                RTWDOG_IRQHandler
 .text.EWM_IRQHandler
                0x6000c1dc        0x8 ./startup/startup_mimxrt1062.o
                0x6000c1dc                EWM_IRQHandler
 .text.CCM_1_IRQHandler
                0x6000c1e4        0x8 ./startup/startup_mimxrt1062.o
                0x6000c1e4                CCM_1_IRQHandler
 .text.CCM_2_IRQHandler
                0x6000c1ec        0x8 ./startup/startup_mimxrt1062.o
                0x6000c1ec                CCM_2_IRQHandler
 .text.GPC_IRQHandler
                0x6000c1f4        0x8 ./startup/startup_mimxrt1062.o
                0x6000c1f4                GPC_IRQHandler
 .text.SRC_IRQHandler
                0x6000c1fc        0x8 ./startup/startup_mimxrt1062.o
                0x6000c1fc                SRC_IRQHandler
 .text.Reserved115_IRQHandler
                0x6000c204        0x8 ./startup/startup_mimxrt1062.o
                0x6000c204                Reserved115_IRQHandler
 .text.GPT1_IRQHandler
                0x6000c20c        0x8 ./startup/startup_mimxrt1062.o
                0x6000c20c                GPT1_IRQHandler
 .text.GPT2_IRQHandler
                0x6000c214        0x8 ./startup/startup_mimxrt1062.o
                0x6000c214                GPT2_IRQHandler
 .text.PWM1_0_IRQHandler
                0x6000c21c        0x8 ./startup/startup_mimxrt1062.o
                0x6000c21c                PWM1_0_IRQHandler
 .text.PWM1_1_IRQHandler
                0x6000c224        0x8 ./startup/startup_mimxrt1062.o
                0x6000c224                PWM1_1_IRQHandler
 .text.PWM1_2_IRQHandler
                0x6000c22c        0x8 ./startup/startup_mimxrt1062.o
                0x6000c22c                PWM1_2_IRQHandler
 .text.PWM1_3_IRQHandler
                0x6000c234        0x8 ./startup/startup_mimxrt1062.o
                0x6000c234                PWM1_3_IRQHandler
 .text.PWM1_FAULT_IRQHandler
                0x6000c23c        0x8 ./startup/startup_mimxrt1062.o
                0x6000c23c                PWM1_FAULT_IRQHandler
 .text.FLEXSPI2_IRQHandler
                0x6000c244        0x8 ./startup/startup_mimxrt1062.o
                0x6000c244                FLEXSPI2_IRQHandler
 .text.FLEXSPI_IRQHandler
                0x6000c24c        0x8 ./startup/startup_mimxrt1062.o
                0x6000c24c                FLEXSPI_IRQHandler
 .text.SEMC_IRQHandler
                0x6000c254        0x8 ./startup/startup_mimxrt1062.o
                0x6000c254                SEMC_IRQHandler
 .text.USDHC1_IRQHandler
                0x6000c25c        0x8 ./startup/startup_mimxrt1062.o
                0x6000c25c                USDHC1_IRQHandler
 .text.USDHC2_IRQHandler
                0x6000c264        0x8 ./startup/startup_mimxrt1062.o
                0x6000c264                USDHC2_IRQHandler
 .text.USB_OTG2_IRQHandler
                0x6000c26c        0x8 ./startup/startup_mimxrt1062.o
                0x6000c26c                USB_OTG2_IRQHandler
 .text.USB_OTG1_IRQHandler
                0x6000c274        0x8 ./startup/startup_mimxrt1062.o
                0x6000c274                USB_OTG1_IRQHandler
 .text.ENET_IRQHandler
                0x6000c27c        0x8 ./startup/startup_mimxrt1062.o
                0x6000c27c                ENET_IRQHandler
 .text.ENET_1588_Timer_IRQHandler
                0x6000c284        0x8 ./startup/startup_mimxrt1062.o
                0x6000c284                ENET_1588_Timer_IRQHandler
 .text.XBAR1_IRQ_0_1_IRQHandler
                0x6000c28c        0x8 ./startup/startup_mimxrt1062.o
                0x6000c28c                XBAR1_IRQ_0_1_IRQHandler
 .text.XBAR1_IRQ_2_3_IRQHandler
                0x6000c294        0x8 ./startup/startup_mimxrt1062.o
                0x6000c294                XBAR1_IRQ_2_3_IRQHandler
 .text.ADC_ETC_IRQ1_IRQHandler
                0x6000c29c        0x8 ./startup/startup_mimxrt1062.o
                0x6000c29c                ADC_ETC_IRQ1_IRQHandler
 .text.ADC_ETC_IRQ2_IRQHandler
                0x6000c2a4        0x8 ./startup/startup_mimxrt1062.o
                0x6000c2a4                ADC_ETC_IRQ2_IRQHandler
 .text.ADC_ETC_ERROR_IRQ_IRQHandler
                0x6000c2ac        0x8 ./startup/startup_mimxrt1062.o
                0x6000c2ac                ADC_ETC_ERROR_IRQ_IRQHandler
 .text.PIT_IRQHandler
                0x6000c2b4        0x8 ./startup/startup_mimxrt1062.o
                0x6000c2b4                PIT_IRQHandler
 .text.ACMP1_IRQHandler
                0x6000c2bc        0x8 ./startup/startup_mimxrt1062.o
                0x6000c2bc                ACMP1_IRQHandler
 .text.ACMP2_IRQHandler
                0x6000c2c4        0x8 ./startup/startup_mimxrt1062.o
                0x6000c2c4                ACMP2_IRQHandler
 .text.ACMP3_IRQHandler
                0x6000c2cc        0x8 ./startup/startup_mimxrt1062.o
                0x6000c2cc                ACMP3_IRQHandler
 .text.ACMP4_IRQHandler
                0x6000c2d4        0x8 ./startup/startup_mimxrt1062.o
                0x6000c2d4                ACMP4_IRQHandler
 .text.Reserved143_IRQHandler
                0x6000c2dc        0x8 ./startup/startup_mimxrt1062.o
                0x6000c2dc                Reserved143_IRQHandler
 .text.Reserved144_IRQHandler
                0x6000c2e4        0x8 ./startup/startup_mimxrt1062.o
                0x6000c2e4                Reserved144_IRQHandler
 .text.ENC1_IRQHandler
                0x6000c2ec        0x8 ./startup/startup_mimxrt1062.o
                0x6000c2ec                ENC1_IRQHandler
 .text.ENC2_IRQHandler
                0x6000c2f4        0x8 ./startup/startup_mimxrt1062.o
                0x6000c2f4                ENC2_IRQHandler
 .text.ENC3_IRQHandler
                0x6000c2fc        0x8 ./startup/startup_mimxrt1062.o
                0x6000c2fc                ENC3_IRQHandler
 .text.ENC4_IRQHandler
                0x6000c304        0x8 ./startup/startup_mimxrt1062.o
                0x6000c304                ENC4_IRQHandler
 .text.TMR1_IRQHandler
                0x6000c30c        0x8 ./startup/startup_mimxrt1062.o
                0x6000c30c                TMR1_IRQHandler
 .text.TMR2_IRQHandler
                0x6000c314        0x8 ./startup/startup_mimxrt1062.o
                0x6000c314                TMR2_IRQHandler
 .text.TMR3_IRQHandler
                0x6000c31c        0x8 ./startup/startup_mimxrt1062.o
                0x6000c31c                TMR3_IRQHandler
 .text.TMR4_IRQHandler
                0x6000c324        0x8 ./startup/startup_mimxrt1062.o
                0x6000c324                TMR4_IRQHandler
 .text.PWM2_0_IRQHandler
                0x6000c32c        0x8 ./startup/startup_mimxrt1062.o
                0x6000c32c                PWM2_0_IRQHandler
 .text.PWM2_1_IRQHandler
                0x6000c334        0x8 ./startup/startup_mimxrt1062.o
                0x6000c334                PWM2_1_IRQHandler
 .text.PWM2_2_IRQHandler
                0x6000c33c        0x8 ./startup/startup_mimxrt1062.o
                0x6000c33c                PWM2_2_IRQHandler
 .text.PWM2_3_IRQHandler
                0x6000c344        0x8 ./startup/startup_mimxrt1062.o
                0x6000c344                PWM2_3_IRQHandler
 .text.PWM2_FAULT_IRQHandler
                0x6000c34c        0x8 ./startup/startup_mimxrt1062.o
                0x6000c34c                PWM2_FAULT_IRQHandler
 .text.PWM3_0_IRQHandler
                0x6000c354        0x8 ./startup/startup_mimxrt1062.o
                0x6000c354                PWM3_0_IRQHandler
 .text.PWM3_1_IRQHandler
                0x6000c35c        0x8 ./startup/startup_mimxrt1062.o
                0x6000c35c                PWM3_1_IRQHandler
 .text.PWM3_2_IRQHandler
                0x6000c364        0x8 ./startup/startup_mimxrt1062.o
                0x6000c364                PWM3_2_IRQHandler
 .text.PWM3_3_IRQHandler
                0x6000c36c        0x8 ./startup/startup_mimxrt1062.o
                0x6000c36c                PWM3_3_IRQHandler
 .text.PWM3_FAULT_IRQHandler
                0x6000c374        0x8 ./startup/startup_mimxrt1062.o
                0x6000c374                PWM3_FAULT_IRQHandler
 .text.PWM4_0_IRQHandler
                0x6000c37c        0x8 ./startup/startup_mimxrt1062.o
                0x6000c37c                PWM4_0_IRQHandler
 .text.PWM4_1_IRQHandler
                0x6000c384        0x8 ./startup/startup_mimxrt1062.o
                0x6000c384                PWM4_1_IRQHandler
 .text.PWM4_2_IRQHandler
                0x6000c38c        0x8 ./startup/startup_mimxrt1062.o
                0x6000c38c                PWM4_2_IRQHandler
 .text.PWM4_3_IRQHandler
                0x6000c394        0x8 ./startup/startup_mimxrt1062.o
                0x6000c394                PWM4_3_IRQHandler
 .text.PWM4_FAULT_IRQHandler
                0x6000c39c        0x8 ./startup/startup_mimxrt1062.o
                0x6000c39c                PWM4_FAULT_IRQHandler
 .text.ENET2_IRQHandler
                0x6000c3a4        0x8 ./startup/startup_mimxrt1062.o
                0x6000c3a4                ENET2_IRQHandler
 .text.ENET2_1588_Timer_IRQHandler
                0x6000c3ac        0x8 ./startup/startup_mimxrt1062.o
                0x6000c3ac                ENET2_1588_Timer_IRQHandler
 .text.CAN3_IRQHandler
                0x6000c3b4        0x8 ./startup/startup_mimxrt1062.o
                0x6000c3b4                CAN3_IRQHandler
 .text.Reserved171_IRQHandler
                0x6000c3bc        0x8 ./startup/startup_mimxrt1062.o
                0x6000c3bc                Reserved171_IRQHandler
 .text.FLEXIO3_IRQHandler
                0x6000c3c4        0x8 ./startup/startup_mimxrt1062.o
                0x6000c3c4                FLEXIO3_IRQHandler
 .text.GPIO6_7_8_9_IRQHandler
                0x6000c3cc        0x8 ./startup/startup_mimxrt1062.o
                0x6000c3cc                GPIO6_7_8_9_IRQHandler
 .text.EnableIRQ
                0x6000c3d4       0x32 ./source/ADCbib.o
 .text.ADC_EnableHardwareTrigger
                0x6000c406       0x38 ./source/ADCbib.o
 .text.Difusificar
                0x6000c43e      0x2d2 ./source/ControlInteligente.o
                0x6000c43e                Difusificar
 .text.Antecedentes_3x3
                0x6000c710      0x124 ./source/ControlInteligente.o
                0x6000c710                Antecedentes_3x3
 .text.Antecedentes_3x3x3
                0x6000c834      0x18c ./source/ControlInteligente.o
                0x6000c834                Antecedentes_3x3x3
 .text.ANFIS_3x3
                0x6000c9c0       0x94 ./source/ControlInteligente.o
                0x6000c9c0                ANFIS_3x3
 .text.ANFIS_3x3x3
                0x6000ca54       0xc0 ./source/ControlInteligente.o
                0x6000ca54                ANFIS_3x3x3
 .text.EnableIRQ
                0x6000cb14       0x32 ./source/FreeMasterbib.o
 .text.LPUART1_IRQHandler
                0x6000cb46        0xc ./source/FreeMasterbib.o
                0x6000cb46                LPUART1_IRQHandler
 .text.FMSTR_TsaGetTable
                0x6000cb52       0x3c ./source/FreeMasterbib.o
                0x6000cb52                FMSTR_TsaGetTable
 .text.EnableIRQ
                0x6000cb8e       0x32 ./source/GPIObib.o
 .text.GPIO_PortToggle
                0x6000cbc0       0x1e ./source/GPIObib.o
 .text.GPIO_PortEnableInterrupts
                0x6000cbde       0x22 ./source/GPIObib.o
 .text.GPIO_PortClearInterruptFlags
                0x6000cc00       0x1c ./source/GPIObib.o
 .text.GPIO_PortToggle
                0x6000cc1c       0x1e ./source/Principal.o
 .text.ComFreeMaster
                0x6000cc3a       0x28 ./source/Principal.o
 .text.HardFault_Handler
                0x6000cc62       0x2c ./source/semihost_hardfault.o
                0x6000cc62                HardFault_Handler
 .text.vListInitialise
                0x6000cc8e       0x40 ./freertos/freertos_kernel/list.o
                0x6000cc8e                vListInitialise
 .text.vListInitialiseItem
                0x6000ccce       0x1a ./freertos/freertos_kernel/list.o
                0x6000ccce                vListInitialiseItem
 .text.vListInsertEnd
                0x6000cce8       0x48 ./freertos/freertos_kernel/list.o
                0x6000cce8                vListInsertEnd
 .text.vListInsert
                0x6000cd30       0x72 ./freertos/freertos_kernel/list.o
                0x6000cd30                vListInsert
 .text.uxListRemove
                0x6000cda2       0x54 ./freertos/freertos_kernel/list.o
                0x6000cda2                uxListRemove
 .text.xQueueGenericCreate
                0x6000cdf6       0x6c ./freertos/freertos_kernel/queue.o
                0x6000cdf6                xQueueGenericCreate
 .text.prvInitialiseNewQueue
                0x6000ce62       0x46 ./freertos/freertos_kernel/queue.o
 .text.xQueueGenericSendFromISR
                0x6000cea8      0x136 ./freertos/freertos_kernel/queue.o
                0x6000cea8                xQueueGenericSendFromISR
 .text.prvCopyDataToQueue
                0x6000cfde       0xd4 ./freertos/freertos_kernel/queue.o
 .text.prvCopyDataFromQueue
                0x6000d0b2       0x4c ./freertos/freertos_kernel/queue.o
 .text.prvUnlockQueue
                0x6000d0fe       0xa4 ./freertos/freertos_kernel/queue.o
 .text.prvIsQueueEmpty
                0x6000d1a2       0x2c ./freertos/freertos_kernel/queue.o
 .text.prvIsQueueFull
                0x6000d1ce       0x30 ./freertos/freertos_kernel/queue.o
 .text.vQueueWaitForMessageRestricted
                0x6000d1fe       0x68 ./freertos/freertos_kernel/queue.o
                0x6000d1fe                vQueueWaitForMessageRestricted
 .text.xTaskCreate
                0x6000d266       0x82 ./freertos/freertos_kernel/tasks.o
                0x6000d266                xTaskCreate
 .text.prvInitialiseNewTask
                0x6000d2e8      0x13c ./freertos/freertos_kernel/tasks.o
 .text.prvDeleteTCB
                0x6000d424       0x20 ./freertos/freertos_kernel/tasks.o
 .text.prvTimerTask
                0x6000d444       0x24 ./freertos/freertos_kernel/timers.o
 .text._FMSTR_PipeGetBytesFree
                0x6000d468       0x58 ./freemaster/freemaster_pipes.o
 .text._FMSTR_PipeGetBytesReady
                0x6000d4c0       0x5a ./freemaster/freemaster_pipes.o
 .text._FMSTR_PipeDiscardBytes
                0x6000d51a       0x6a ./freemaster/freemaster_pipes.o
 .text._FMSTR_PipeReceive
                0x6000d584       0xc2 ./freemaster/freemaster_pipes.o
 .text._FMSTR_PipeTransmit
                0x6000d646       0x92 ./freemaster/freemaster_pipes.o
 .text._FMSTR_ReadMem
                0x6000d6d8       0x72 ./freemaster/freemaster_protocol.o
                0x6000d6d8                _FMSTR_ReadMem
 .text._FMSTR_ReadMemBaseAddress
                0x6000d74a       0x7a ./freemaster/freemaster_protocol.o
                0x6000d74a                _FMSTR_ReadMemBaseAddress
 .text._FMSTR_WriteMem
                0x6000d7c4       0x88 ./freemaster/freemaster_protocol.o
                0x6000d7c4                _FMSTR_WriteMem
 .text.FMSTR_ADDR_VALID_Func
                0x6000d84c       0x20 ./freemaster/freemaster_rec.o
 .text.FMSTR_CAST_PTR_TO_ADDR_Func
                0x6000d86c       0x16 ./freemaster/freemaster_rec.o
 .text._FMSTR_SetRecCmd_CFGMEM
                0x6000d882       0x96 ./freemaster/freemaster_rec.o
 .text._FMSTR_SetRecCmd_CFGVAR
                0x6000d918      0x128 ./freemaster/freemaster_rec.o
 .text._FMSTR_RecIsValidVarSize
                0x6000da40       0x32 ./freemaster/freemaster_rec.o
 .text._FMSTR_CalcRecStatus
                0x6000da72       0x56 ./freemaster/freemaster_rec.o
 .text.FMSTR_GetRecCmd
                0x6000dac8      0x1f4 ./freemaster/freemaster_rec.o
                0x6000dac8                FMSTR_GetRecCmd
 .text._FMSTR_StartRec
                0x6000dcbc       0x8c ./freemaster/freemaster_rec.o
 .text._FMSTR_TriggerRec
                0x6000dd48       0x5a ./freemaster/freemaster_rec.o
 .text._FMSTR_AbortRec
                0x6000dda2       0x52 ./freemaster/freemaster_rec.o
 .text.FMSTR_IsInRecBuffer
                0x6000ddf4       0x56 ./freemaster/freemaster_rec.o
                0x6000ddf4                FMSTR_IsInRecBuffer
 .text._FMSTR_CheckConfiguration
                0x6000de4a      0x14a ./freemaster/freemaster_rec.o
 .text._FMSTR_Compare8S
                0x6000df94       0x2e ./freemaster/freemaster_rec.o
 .text._FMSTR_Compare8U
                0x6000dfc2       0x2a ./freemaster/freemaster_rec.o
 .text._FMSTR_Compare16S
                0x6000dfec       0x2e ./freemaster/freemaster_rec.o
 .text._FMSTR_Compare16U
                0x6000e01a       0x2a ./freemaster/freemaster_rec.o
 .text._FMSTR_Compare32S
                0x6000e044       0x2a ./freemaster/freemaster_rec.o
 .text._FMSTR_Compare32U
                0x6000e06e       0x2a ./freemaster/freemaster_rec.o
 .text._FMSTR_Compare64S
                0x6000e098       0x32 ./freemaster/freemaster_rec.o
 .text._FMSTR_Compare64U
                0x6000e0ca       0x32 ./freemaster/freemaster_rec.o
 .text._FMSTR_CompareFloat
                0x6000e0fc       0x3a ./freemaster/freemaster_rec.o
 .text._FMSTR_CompareDouble
                0x6000e136       0x38 ./freemaster/freemaster_rec.o
 .text.FMSTR_Recorder
                0x6000e16e       0x34 ./freemaster/freemaster_rec.o
                0x6000e16e                FMSTR_Recorder
 .text._FMSTR_Recorder2
                0x6000e1a2      0x172 ./freemaster/freemaster_rec.o
 .text._FMSTR_SetScope_CFGMEM
                0x6000e314       0x34 ./freemaster/freemaster_scope.o
 .text._FMSTR_SetScope_CFGVAR
                0x6000e348       0xae ./freemaster/freemaster_scope.o
 .text.LPUART_EnableTx
                0x6000e3f6       0x38 ./freemaster/freemaster_serial_lpuart.o
 .text.LPUART_EnableRx
                0x6000e42e       0x38 ./freemaster/freemaster_serial_lpuart.o
 .text.LPUART_WriteByte
                0x6000e466       0x1e ./freemaster/freemaster_serial_lpuart.o
 .text.LPUART_ReadByte
                0x6000e484       0x6e ./freemaster/freemaster_serial_lpuart.o
 .text._FMSTR_SerialLpuartFlush
                0x6000e4f2        0xe ./freemaster/freemaster_serial_lpuart.o
 .text.FMSTR_SerialIsr
                0x6000e500        0xc ./freemaster/freemaster_serial_lpuart.o
                0x6000e500                FMSTR_SerialIsr
 .text.FMSTR_CAST_PTR_TO_ADDR_Func
                0x6000e50c       0x16 ./freemaster/freemaster_tsa.o
 .text.FMSTR_CAST_ADDR_TO_PTR_Func
                0x6000e522       0x16 ./freemaster/freemaster_tsa.o
 .text.FMSTR_CheckMemSpace
                0x6000e538       0x40 ./freemaster/freemaster_tsa.o
 .text.FMSTR_CheckTsaSpace
                0x6000e578      0x164 ./freemaster/freemaster_tsa.o
                0x6000e578                FMSTR_CheckTsaSpace
 .text.FMSTR_FindUresInTsa
                0x6000e6dc       0x5a ./freemaster/freemaster_tsa.o
                0x6000e6dc                FMSTR_FindUresInTsa
 .text._FMSTR_CopySrcAligned_U32
                0x6000e736       0x62 ./freemaster/freemaster_utils.o
 .text._FMSTR_CopyDstAligned_U32
                0x6000e798       0x62 ./freemaster/freemaster_utils.o
 .text._FMSTR_CopyMaskedDstAligned_U32
                0x6000e7fa       0x4a ./freemaster/freemaster_utils.o
 .text._FMSTR_CopySrcAligned_U16
                0x6000e844       0x42 ./freemaster/freemaster_utils.o
 .text._FMSTR_CopyDstAligned_U16
                0x6000e886       0x42 ./freemaster/freemaster_utils.o
 .text._FMSTR_CopyMaskedDstAligned_U16
                0x6000e8c8       0x58 ./freemaster/freemaster_utils.o
 .text.FMSTR_MemCpyFrom
                0x6000e920       0x82 ./freemaster/freemaster_utils.o
                0x6000e920                FMSTR_MemCpyFrom
 .text.FMSTR_MemCpyTo
                0x6000e9a2       0x82 ./freemaster/freemaster_utils.o
                0x6000e9a2                FMSTR_MemCpyTo
 .text.FMSTR_MemCpyToMasked
                0x6000ea24       0xc0 ./freemaster/freemaster_utils.o
                0x6000ea24                FMSTR_MemCpyToMasked
 .text.FMSTR_CopyToBuffer
                0x6000eae4       0x24 ./freemaster/freemaster_utils.o
                0x6000eae4                FMSTR_CopyToBuffer
 .text.FMSTR_CopyFromBuffer
                0x6000eb08       0x24 ./freemaster/freemaster_utils.o
                0x6000eb08                FMSTR_CopyFromBuffer
 .text.FMSTR_CopyFromBufferWithMask
                0x6000eb2c       0x24 ./freemaster/freemaster_utils.o
                0x6000eb2c                FMSTR_CopyFromBufferWithMask
 .text.FMSTR_AddressToBuffer
                0x6000eb50       0x20 ./freemaster/freemaster_utils.o
                0x6000eb50                FMSTR_AddressToBuffer
 .text.FMSTR_AddressFromBuffer
                0x6000eb70       0x1e ./freemaster/freemaster_utils.o
                0x6000eb70                FMSTR_AddressFromBuffer
 .text.FMSTR_SizeToBuffer
                0x6000eb8e       0x20 ./freemaster/freemaster_utils.o
                0x6000eb8e                FMSTR_SizeToBuffer
 .text.FMSTR_SizeFromBuffer
                0x6000ebae       0x1e ./freemaster/freemaster_utils.o
                0x6000ebae                FMSTR_SizeFromBuffer
 .text.FMSTR_IndexFromBuffer
                0x6000ebcc       0x1e ./freemaster/freemaster_utils.o
                0x6000ebcc                FMSTR_IndexFromBuffer
 .text.FMSTR_ULebToBuffer
                0x6000ebea       0x20 ./freemaster/freemaster_utils.o
                0x6000ebea                FMSTR_ULebToBuffer
 .text.FMSTR_LebDecode
                0x6000ec0a       0xfc ./freemaster/freemaster_utils.o
 .text.FMSTR_UlebDecode
                0x6000ed06       0x22 ./freemaster/freemaster_utils.o
                0x6000ed06                FMSTR_UlebDecode
 .text.FMSTR_SlebDecode
                0x6000ed28       0x22 ./freemaster/freemaster_utils.o
                0x6000ed28                FMSTR_SlebDecode
 .text.FMSTR_UlebEncode
                0x6000ed4a      0x128 ./freemaster/freemaster_utils.o
                0x6000ed4a                FMSTR_UlebEncode
 .text.FMSTR_StringFromBuffer
                0x6000ee72       0x52 ./freemaster/freemaster_utils.o
                0x6000ee72                FMSTR_StringFromBuffer
 .text.FMSTR_StringCopyToBuffer
                0x6000eec4       0x40 ./freemaster/freemaster_utils.o
                0x6000eec4                FMSTR_StringCopyToBuffer
 .text.FMSTR_Crc8Init
                0x6000ef04       0x1a ./freemaster/freemaster_utils.o
                0x6000ef04                FMSTR_Crc8Init
 .text.FMSTR_Crc8AddByte
                0x6000ef1e       0x64 ./freemaster/freemaster_utils.o
                0x6000ef1e                FMSTR_Crc8AddByte
 .text._FMSTR_Compare
                0x6000ef82       0x38 ./freemaster/freemaster_utils.o
 .text._FMSTR_StrLen
                0x6000efba       0x32 ./freemaster/freemaster_utils.o
                0x6000efba                _FMSTR_StrLen
 .text._FMSTR_MemSet
                0x6000efec       0x36 ./freemaster/freemaster_utils.o
                0x6000efec                _FMSTR_MemSet
 .text.CLOCK_EnableClock
                0x6000f022       0x1e ./drivers/fsl_adc.o
 .text.ADC_EnableHardwareTrigger
                0x6000f040       0x38 ./drivers/fsl_adc.o
 .text.ADC_GetStatusFlags
                0x6000f078       0x18 ./drivers/fsl_adc.o
 .text.ADC_DoAutoCalibration
                0x6000f090       0xa4 ./drivers/fsl_adc.o
                0x6000f090                ADC_DoAutoCalibration
 .text.ADC_SetHardwareAverageConfig
                0x6000f134       0x54 ./drivers/fsl_adc.o
                0x6000f134                ADC_SetHardwareAverageConfig
 .text.ADC_ETC_DoSoftwareReset
                0x6000f188       0x38 ./drivers/fsl_adc_etc.o
 .text.ADC_ETC_GetDefaultConfig
                0x6000f1c0       0x4a ./drivers/fsl_adc_etc.o
                0x6000f1c0                ADC_ETC_GetDefaultConfig
 .text.ADC_ETC_ClearInterruptStatusFlags
                0x6000f20a       0x6e ./drivers/fsl_adc_etc.o
                0x6000f20a                ADC_ETC_ClearInterruptStatusFlags
 .text.CLOCK_GetRtcFreq
                0x6000f278       0x12 ./drivers/fsl_clock.o
 .text.CLOCK_IsPllBypassed
                0x6000f28a       0x32 ./drivers/fsl_clock.o
 .text.CLOCK_IsPllEnabled
                0x6000f2bc       0x3c ./drivers/fsl_clock.o
 .text.CLOCK_GetPllBypassRefClk
                0x6000f2f8       0x34 ./drivers/fsl_clock.o
 .text.FLEXIO1_DriverIRQHandler
                0x6000f32c        0xc ./drivers/fsl_flexio.o
                0x6000f32c                FLEXIO1_DriverIRQHandler
 .text.FLEXIO2_DriverIRQHandler
                0x6000f338        0xc ./drivers/fsl_flexio.o
                0x6000f338                FLEXIO2_DriverIRQHandler
 .text.FLEXIO3_DriverIRQHandler
                0x6000f344        0xc ./drivers/fsl_flexio.o
                0x6000f344                FLEXIO3_DriverIRQHandler
 .text.CLOCK_EnableClock
                0x6000f350       0x1e ./drivers/fsl_gpio.o
 .text.GPIO_SetPinInterruptConfig
                0x6000f36e       0x22 ./drivers/fsl_gpio.o
 .text.CLOCK_EnableClock
                0x6000f390       0x1e ./drivers/fsl_lpuart.o
 .text.LPUART_SoftwareReset
                0x6000f3ae       0x2c ./drivers/fsl_lpuart.o
 .text.LPUART_EnableInterrupts
                0x6000f3da       0x52 ./drivers/fsl_lpuart.o
                0x6000f3da                LPUART_EnableInterrupts
 .text.LPUART_DisableInterrupts
                0x6000f42c       0x58 ./drivers/fsl_lpuart.o
                0x6000f42c                LPUART_DisableInterrupts
 .text.LPUART_GetStatusFlags
                0x6000f484       0x2c ./drivers/fsl_lpuart.o
                0x6000f484                LPUART_GetStatusFlags
 .text.CLOCK_EnableClock
                0x6000f4b0       0x1e ./drivers/fsl_pwm.o
 .text.CLOCK_EnableClock
                0x6000f4ce       0x1e ./drivers/fsl_xbara.o
 .text.XBARA_Init
                0x6000f4ec       0x20 ./drivers/fsl_xbara.o
                0x6000f4ec                XBARA_Init
 .text.XBARA_SetSignalsConnection
                0x6000f50c       0x5a ./drivers/fsl_xbara.o
                0x6000f50c                XBARA_SetSignalsConnection
 .text.SystemInitHook
                0x6000f566        0xe ./device/system_MIMXRT1062.o
                0x6000f566                SystemInitHook
 .text.CLOCK_DisableClock
                0x6000f574       0x1e ./board/clock_config.o
 .text.CLOCK_SetPllBypass
                0x6000f592       0x4e ./board/clock_config.o
 .text.IOMUXC_SetSaiMClkClockSource
                0x6000f5e0       0x6c ./board/clock_config.o
 .text.BOARD_InitBootClocks
                0x6000f64c        0xc ./board/clock_config.o
                0x6000f64c                BOARD_InitBootClocks
 .text.CLOCK_EnableClock
                0x6000f658       0x1e ./board/pin_mux.o
 .text.IOMUXC_SetPinMux
                0x6000f676       0x3a ./board/pin_mux.o
 .text.IOMUXC_SetPinConfig
                0x6000f6b0       0x26 ./board/pin_mux.o
 .text.BOARD_InitBootPins
                0x6000f6d6       0x10 ./board/pin_mux.o
                0x6000f6d6                BOARD_InitBootPins
 .text.__main   0x6000f6e6        0xe d:/programas/mcuxpressoide_11.3.1_5262/ide/plugins/com.nxp.mcuxpresso.tools.win32_11.3.0.202008311133/tools/bin/../lib/gcc/arm-none-eabi/9.3.1/../../../../arm-none-eabi/lib/thumb/v7e-m+fp/hard\libcr_semihost_nf.a(_cr__main.o)
                0x6000f6e6                __CR_SEMIHOST
                0x6000f6e6                __main
 .text.sqrtf    0x6000f6f4        0x6 d:/programas/mcuxpressoide_11.3.1_5262/ide/plugins/com.nxp.mcuxpresso.tools.win32_11.3.0.202008311133/tools/bin/../lib/gcc/arm-none-eabi/9.3.1/../../../../arm-none-eabi/lib/thumb/v7e-m+fp/hard\libcr_c.a(sqrtf_m4_hardfp.o)
                0x6000f6f4                sqrtf
 .text.memcpy   0x6000f6fa        0x4 d:/programas/mcuxpressoide_11.3.1_5262/ide/plugins/com.nxp.mcuxpresso.tools.win32_11.3.0.202008311133/tools/bin/../lib/gcc/arm-none-eabi/9.3.1/../../../../arm-none-eabi/lib/thumb/v7e-m+fp/hard\libcr_c.a(memcpy.o)
                0x6000f6fa                memcpy
 .text.memset   0x6000f6fe        0x4 d:/programas/mcuxpressoide_11.3.1_5262/ide/plugins/com.nxp.mcuxpresso.tools.win32_11.3.0.202008311133/tools/bin/../lib/gcc/arm-none-eabi/9.3.1/../../../../arm-none-eabi/lib/thumb/v7e-m+fp/hard\libcr_c.a(memset.o)