Archive member included to satisfy reference by file (symbol)

d:/programas/mcuxpressoide_11.3.1_5262/ide/plugins/com.nxp.mcuxpresso.tools.win32_11.3.0.202008311133/tools/bin/../lib/gcc/arm-none-eabi/9.3.1/../../../../arm-none-eabi/lib/thumb/v7e-m+fp/hard\libcr_semihost_nf.a(_cr__main.o)
                              ./startup/startup_mimxrt1062.o (__main)
d:/programas/mcuxpressoide_11.3.1_5262/ide/plugins/com.nxp.mcuxpresso.tools.win32_11.3.0.202008311133/tools/bin/../lib/gcc/arm-none-eabi/9.3.1/../../../../arm-none-eabi/lib/thumb/v7e-m+fp/hard\libcr_semihost_nf.a(_cr_assert.o)
                              ./freemaster/freemaster_pipes.o (__assertion_failed)
d:/programas/mcuxpressoide_11.3.1_5262/ide/plugins/com.nxp.mcuxpresso.tools.win32_11.3.0.202008311133/tools/bin/../lib/gcc/arm-none-eabi/9.3.1/../../../../arm-none-eabi/lib/thumb/v7e-m+fp/hard\libcr_semihost_nf.a(__ciob.o)
                              d:/programas/mcuxpressoide_11.3.1_5262/ide/plugins/com.nxp.mcuxpresso.tools.win32_11.3.0.202008311133/tools/bin/../lib/gcc/arm-none-eabi/9.3.1/../../../../arm-none-eabi/lib/thumb/v7e-m+fp/hard\libcr_semihost_nf.a(_cr_assert.o) (__Ciob)
d:/programas/mcuxpressoide_11.3.1_5262/ide/plugins/com.nxp.mcuxpresso.tools.win32_11.3.0.202008311133/tools/bin/../lib/gcc/arm-none-eabi/9.3.1/../../../../arm-none-eabi/lib/thumb/v7e-m+fp/hard\libcr_semihost_nf.a(__sys_appexit.o)
                              d:/programas/mcuxpressoide_11.3.1_5262/ide/plugins/com.nxp.mcuxpresso.tools.win32_11.3.0.202008311133/tools/bin/../lib/gcc/arm-none-eabi/9.3.1/../../../../arm-none-eabi/lib/thumb/v7e-m+fp/hard\libcr_semihost_nf.a(_cr_assert.o) (__sys_appexit)
d:/programas/mcuxpressoide_11.3.1_5262/ide/plugins/com.nxp.mcuxpresso.tools.win32_11.3.0.202008311133/tools/bin/../lib/gcc/arm-none-eabi/9.3.1/../../../../arm-none-eabi/lib/thumb/v7e-m+fp/hard\libcr_c.a(atan2f.o)
                              ./source/Control.o (atan2f)
d:/programas/mcuxpressoide_11.3.1_5262/ide/plugins/com.nxp.mcuxpresso.tools.win32_11.3.0.202008311133/tools/bin/../lib/gcc/arm-none-eabi/9.3.1/../../../../arm-none-eabi/lib/thumb/v7e-m+fp/hard\libcr_c.a(atanf.o)
                              d:/programas/mcuxpressoide_11.3.1_5262/ide/plugins/com.nxp.mcuxpresso.tools.win32_11.3.0.202008311133/tools/bin/../lib/gcc/arm-none-eabi/9.3.1/../../../../arm-none-eabi/lib/thumb/v7e-m+fp/hard\libcr_c.a(atan2f.o) (atanf)
d:/programas/mcuxpressoide_11.3.1_5262/ide/plugins/com.nxp.mcuxpresso.tools.win32_11.3.0.202008311133/tools/bin/../lib/gcc/arm-none-eabi/9.3.1/../../../../arm-none-eabi/lib/thumb/v7e-m+fp/hard\libcr_c.a(fabsf.o)
                              ./source/Control.o (fabsf)
d:/programas/mcuxpressoide_11.3.1_5262/ide/plugins/com.nxp.mcuxpresso.tools.win32_11.3.0.202008311133/tools/bin/../lib/gcc/arm-none-eabi/9.3.1/../../../../arm-none-eabi/lib/thumb/v7e-m+fp/hard\libcr_c.a(sqrtf_m4_hardfp.o)
                              ./source/Control.o (sqrtf)
d:/programas/mcuxpressoide_11.3.1_5262/ide/plugins/com.nxp.mcuxpresso.tools.win32_11.3.0.202008311133/tools/bin/../lib/gcc/arm-none-eabi/9.3.1/../../../../arm-none-eabi/lib/thumb/v7e-m+fp/hard\libcr_c.a(memcpy.o)
                              ./utilities/fsl_str.o (memcpy)
d:/programas/mcuxpressoide_11.3.1_5262/ide/plugins/com.nxp.mcuxpresso.tools.win32_11.3.0.202008311133/tools/bin/../lib/gcc/arm-none-eabi/9.3.1/../../../../arm-none-eabi/lib/thumb/v7e-m+fp/hard\libcr_c.a(memset.o)
                              ./freertos/freertos_kernel/stream_buffer.o (memset)
d:/programas/mcuxpressoide_11.3.1_5262/ide/plugins/com.nxp.mcuxpresso.tools.win32_11.3.0.202008311133/tools/bin/../lib/gcc/arm-none-eabi/9.3.1/../../../../arm-none-eabi/lib/thumb/v7e-m+fp/hard\libcr_c.a(_deferredlazyseek.o)
                              d:/programas/mcuxpressoide_11.3.1_5262/ide/plugins/com.nxp.mcuxpresso.tools.win32_11.3.0.202008311133/tools/bin/../lib/gcc/arm-none-eabi/9.3.1/../../../../arm-none-eabi/lib/thumb/v7e-m+fp/hard\libcr_semihost_nf.a(_cr_assert.o) (__flsbuf)
d:/programas/mcuxpressoide_11.3.1_5262/ide/plugins/com.nxp.mcuxpresso.tools.win32_11.3.0.202008311133/tools/bin/../lib/gcc/arm-none-eabi/9.3.1/../../../../arm-none-eabi/lib/thumb/v7e-m+fp/hard\libcr_c.a(_fflush.o)
                              d:/programas/mcuxpressoide_11.3.1_5262/ide/plugins/com.nxp.mcuxpresso.tools.win32_11.3.0.202008311133/tools/bin/../lib/gcc/arm-none-eabi/9.3.1/../../../../arm-none-eabi/lib/thumb/v7e-m+fp/hard\libcr_c.a(_deferredlazyseek.o) (_fflush)
d:/programas/mcuxpressoide_11.3.1_5262/ide/plugins/com.nxp.mcuxpresso.tools.win32_11.3.0.202008311133/tools/bin/../lib/gcc/arm-none-eabi/9.3.1/../../../../arm-none-eabi/lib/thumb/v7e-m+fp/hard\libcr_c.a(_writebuf.o)
                              d:/programas/mcuxpressoide_11.3.1_5262/ide/plugins/com.nxp.mcuxpresso.tools.win32_11.3.0.202008311133/tools/bin/../lib/gcc/arm-none-eabi/9.3.1/../../../../arm-none-eabi/lib/thumb/v7e-m+fp/hard\libcr_c.a(_deferredlazyseek.o) (_Cwritebuf)
[...]
Memory Configuration

Name             Origin             Length             Attributes
BOARD_FLASH      0x60000000         0x00800000         xr
SRAM_DTC         0x20000000         0x00020000         xrw
SRAM_ITC         0x00000000         0x00020000         xrw
SRAM_OC          0x20200000         0x000c0000         xrw
BOARD_SDRAM      0x80000000         0x01e00000         xrw
NCACHE_REGION    0x81e00000         0x00200000         xrw
*default*        0x00000000         0xffffffff

Linker script and memory map

LOAD ./xip/evkmimxrt1060_flexspi_nor_config.o
LOAD ./xip/fsl_flexspi_nor_boot.o
LOAD ./utilities/fsl_debug_console.o
LOAD ./utilities/fsl_str.o
LOAD ./startup/startup_mimxrt1062.o
LOAD ./source/ADCbib.o
LOAD ./source/Control.o
LOAD ./source/ControlInteligente.o
LOAD ./source/FreeMasterbib.o
LOAD ./source/GPIObib.o
LOAD ./source/PWMbib.o
LOAD ./source/ParametrosControlador.o
LOAD ./source/Principal.o
LOAD ./source/ProMed.o
LOAD ./source/TablasBusqueda.o
LOAD ./source/XBARbib.o
LOAD ./source/semihost_hardfault.o
LOAD ./freertos/freertos_kernel/portable/MemMang/heap_4.o
LOAD ./freertos/freertos_kernel/portable/GCC/ARM_CM4F/port.o
LOAD ./freertos/freertos_kernel/croutine.o
LOAD ./freertos/freertos_kernel/event_groups.o
LOAD ./freertos/freertos_kernel/list.o
LOAD ./freertos/freertos_kernel/queue.o
LOAD ./freertos/freertos_kernel/stream_buffer.o
LOAD ./freertos/freertos_kernel/tasks.o
LOAD ./freertos/freertos_kernel/timers.o
LOAD ./freemaster/freemaster_appcmd.o
LOAD ./freemaster/freemaster_can.o
LOAD ./freemaster/freemaster_pdbdm.o
LOAD ./freemaster/freemaster_pipes.o
LOAD ./freemaster/freemaster_protocol.o
LOAD ./freemaster/freemaster_rec.o
LOAD ./freemaster/freemaster_scope.o
LOAD ./freemaster/freemaster_serial.o
LOAD ./freemaster/freemaster_serial_lpuart.o
LOAD ./freemaster/freemaster_sha.o
LOAD ./freemaster/freemaster_tsa.o
LOAD ./freemaster/freemaster_ures.o
LOAD ./freemaster/freemaster_utils.o
LOAD ./drivers/fsl_adc.o
LOAD ./drivers/fsl_adc_etc.o
LOAD ./drivers/fsl_clock.o
LOAD ./drivers/fsl_common.o
LOAD ./drivers/fsl_flexio.o
LOAD ./drivers/fsl_flexio_uart.o
LOAD ./drivers/fsl_gpio.o
LOAD ./drivers/fsl_lpuart.o
LOAD ./drivers/fsl_pwm.o
LOAD ./drivers/fsl_xbara.o
LOAD ./device/system_MIMXRT1062.o
LOAD ./component/uart/fsl_adapter_lpuart.o
LOAD ./component/serial_manager/fsl_component_serial_manager.o
LOAD ./component/serial_manager/fsl_component_serial_port_uart.o
LOAD ./component/lists/fsl_component_generic_list.o
LOAD ./board/board.o
LOAD ./board/clock_config.o
LOAD ./board/dcd.o
LOAD ./board/peripherals.o
LOAD ./board/pin_mux.o
START GROUP
LOAD d:/programas/mcuxpressoide_11.3.1_5262/ide/plugins/com.nxp.mcuxpresso.tools.win32_11.3.0.202008311133/tools/bin/../lib/gcc/arm-none-eabi/9.3.1/../../../../arm-none-eabi/lib/thumb/v7e-m+fp/hard\libcr_semihost_nf.a
LOAD d:/programas/mcuxpressoide_11.3.1_5262/ide/plugins/com.nxp.mcuxpresso.tools.win32_11.3.0.202008311133/tools/bin/../lib/gcc/arm-none-eabi/9.3.1/../../../../arm-none-eabi/lib/thumb/v7e-m+fp/hard\libcr_c.a
LOAD d:/programas/mcuxpressoide_11.3.1_5262/ide/plugins/com.nxp.mcuxpresso.tools.win32_11.3.0.202008311133/tools/bin/../lib/gcc/arm-none-eabi/9.3.1/thumb/v7e-m+fp/hard\libcr_eabihelpers.a
LOAD d:/programas/mcuxpressoide_11.3.1_5262/ide/plugins/com.nxp.mcuxpresso.tools.win32_11.3.0.202008311133/tools/bin/../lib/gcc/arm-none-eabi/9.3.1/thumb/v7e-m+fp/hard\libgcc.a
END GROUP
                0x60000000                __base_BOARD_FLASH = 0x60000000
                0x60000000                __base_Flash = 0x60000000
                0x60800000                __top_BOARD_FLASH = 0x60800000
                0x60800000                __top_Flash = 0x60800000
                0x20000000                __base_SRAM_DTC = 0x20000000
                0x20000000                __base_RAM = 0x20000000
                0x20020000                __top_SRAM_DTC = 0x20020000
                0x20020000                __top_RAM = 0x20020000
                0x00000000                __base_SRAM_ITC = 0x0
                0x00000000                __base_RAM2 = 0x0
                0x00020000                __top_SRAM_ITC = 0x20000
                0x00020000                __top_RAM2 = 0x20000
                0x20200000                __base_SRAM_OC = 0x20200000
                0x20200000                __base_RAM3 = 0x20200000
                0x202c0000                __top_SRAM_OC = 0x202c0000
                0x202c0000                __top_RAM3 = 0x202c0000
                0x80000000                __base_BOARD_SDRAM = 0x80000000
                0x80000000                __base_RAM4 = 0x80000000
                0x81e00000                __top_BOARD_SDRAM = 0x81e00000
                0x81e00000                __top_RAM4 = 0x81e00000
                0x81e00000                __base_NCACHE_REGION = 0x81e00000
                0x81e00000                __base_RAM5 = 0x81e00000
                0x82000000                __top_NCACHE_REGION = 0x82000000
                0x82000000                __top_RAM5 = 0x82000000

.boot_hdr       0x60000000     0x2000
 FILL mask 0xff
                0x60000000                __boot_hdr_start__ = ABSOLUTE (.)
 *(SORT_BY_ALIGNMENT(.boot_hdr.conf))
 .boot_hdr.conf
                0x60000000      0x200 ./xip/evkmimxrt1060_flexspi_nor_config.o
                0x60000000                qspiflash_config
                0x00001000                . = 0x1000
 *fill*         0x60000200      0xe00 ff
 *(SORT_BY_ALIGNMENT(.boot_hdr.ivt))
 .boot_hdr.ivt  0x60001000       0x20 ./xip/fsl_flexspi_nor_boot.o
                0x60001000                image_vector_table
                0x00001020                . = 0x1020
 *(SORT_BY_ALIGNMENT(.boot_hdr.boot_data))
 .boot_hdr.boot_data
                0x60001020       0x10 ./xip/fsl_flexspi_nor_boot.o
                0x60001020                boot_data
                0x00001030                . = 0x1030
 *(SORT_BY_ALIGNMENT(.boot_hdr.dcd_data))
                0x60001030                __boot_hdr_end__ = ABSOLUTE (.)
                0x00002000                . = 0x2000
 *fill*         0x60001030      0xfd0 ff

.text           0x60002000    0x1232c
 FILL mask 0xff
                0x60002000                __vectors_start__ = ABSOLUTE (.)
 *(SORT_BY_ALIGNMENT(.isr_vector))
 .isr_vector    0x60002000      0x2b8 ./startup/startup_mimxrt1062.o
                0x60002000                g_pfnVectors
                0x60002000                __Vectors
                0x600022b8                . = ALIGN (0x4)
                0x600022b8                __section_table_start = .
                0x600022b8                __data_section_table = .
                0x600022b8        0x4 LONG 0x6001432c LOADADDR (.data)
                0x600022bc        0x4 LONG 0x20000000 ADDR (.data)
                0x600022c0        0x4 LONG 0x80 SIZEOF (.data)
                0x600022c4        0x4 LONG 0x6001432c LOADADDR (.data_RAM2)
                0x600022c8        0x4 LONG 0x0 ADDR (.data_RAM2)
                0x600022cc        0x4 LONG 0x0 SIZEOF (.data_RAM2)
                0x600022d0        0x4 LONG 0x6001432c LOADADDR (.data_RAM3)
                0x600022d4        0x4 LONG 0x20200000 ADDR (.data_RAM3)
                0x600022d8        0x4 LONG 0x0 SIZEOF (.data_RAM3)
                0x600022dc        0x4 LONG 0x6001432c LOADADDR (.data_RAM4)
                0x600022e0        0x4 LONG 0x80000000 ADDR (.data_RAM4)
                0x600022e4        0x4 LONG 0x0 SIZEOF (.data_RAM4)
                0x600022e8        0x4 LONG 0x6001432c LOADADDR (.data_RAM5)
                0x600022ec        0x4 LONG 0x81e00000 ADDR (.data_RAM5)
                0x600022f0        0x4 LONG 0x0 SIZEOF (.data_RAM5)
                0x600022f4                __data_section_table_end = .
                0x600022f4                __bss_section_table = .
                0x600022f4        0x4 LONG 0x20000080 ADDR (.bss)
                0x600022f8        0x4 LONG 0x4d64 SIZEOF (.bss)
                0x600022fc        0x4 LONG 0x0 ADDR (.bss_RAM2)
                0x60002300        0x4 LONG 0x0 SIZEOF (.bss_RAM2)
                0x60002304        0x4 LONG 0x20200000 ADDR (.bss_RAM3)
                0x60002308        0x4 LONG 0x0 SIZEOF (.bss_RAM3)
                0x6000230c        0x4 LONG 0x80000000 ADDR (.bss_RAM4)
                0x60002310        0x4 LONG 0x0 SIZEOF (.bss_RAM4)
                0x60002314        0x4 LONG 0x81e00000 ADDR (.bss_RAM5)
                0x60002318        0x4 LONG 0x0 SIZEOF (.bss_RAM5)
                0x6000231c                __bss_section_table_end = .
                0x6000231c                __section_table_end = .
 *(SORT_BY_ALIGNMENT(.after_vectors*))
 .after_vectors.reset
                0x6000231c       0x58 ./startup/startup_mimxrt1062.o
                0x6000231c                ResetISR
 .after_vectors.init_data
                0x60002374       0x1e ./startup/startup_mimxrt1062.o
                0x60002374                data_init
 .after_vectors.init_bss
                0x60002392       0x12 ./startup/startup_mimxrt1062.o
                0x60002392                bss_init
 .after_vectors
                0x600023a4       0x14 ./startup/startup_mimxrt1062.o
                0x600023a4                NMI_Handler
                0x600023a8                MemManage_Handler
                0x600023aa                BusFault_Handler
                0x600023ac                UsageFault_Handler
                0x600023b0                DebugMon_Handler
                0x600023b6                LPSPI2_DriverIRQHandler
                0x600023b6                LCDIF_DriverIRQHandler
                0x600023b6                SAI3_RX_DriverIRQHandler
                0x600023b6                CCM_2_DriverIRQHandler
                0x600023b6                PIT_DriverIRQHandler
                0x600023b6                PMU_EVENT_DriverIRQHandler
                0x600023b6                PWM4_FAULT_DriverIRQHandler
                0x600023b6                DMA13_DMA29_DriverIRQHandler
                0x600023b6                FLEXRAM_DriverIRQHandler
                0x600023b6                LPSPI4_DriverIRQHandler
                0x600023b6                SEMC_DriverIRQHandler
                0x600023b6                SPDIF_DriverIRQHandler
                0x600023b6                PWM4_3_DriverIRQHandler
                0x600023b6                ENET2_DriverIRQHandler
                0x600023b6                KPP_DriverIRQHandler
                0x600023b6                USB_PHY1_DriverIRQHandler
                0x600023b6                GPIO3_Combined_0_15_DriverIRQHandler
                0x600023b6                CAN3_DriverIRQHandler
                0x600023b6                Reserved171_DriverIRQHandler
                0x600023b6                DMA7_DMA23_DriverIRQHandler
                0x600023b6                BEE_DriverIRQHandler
                0x600023b6                LPI2C3_DriverIRQHandler
                0x600023b6                GPR_IRQ_DriverIRQHandler
                0x600023b6                PWM2_FAULT_DriverIRQHandler
                0x600023b6                PWM3_1_DriverIRQHandler
                0x600023b6                DMA14_DMA30_DriverIRQHandler
                0x600023b6                TMR1_DriverIRQHandler
                0x600023b6                TRNG_DriverIRQHandler
                0x600023b6                PWM3_2_DriverIRQHandler
                0x600023b6                ENET_1588_Timer_DriverIRQHandler
                0x600023b6                GPIO2_Combined_16_31_DriverIRQHandler
                0x600023b6                Reserved143_DriverIRQHandler
                0x600023b6                FLEXSPI2_DriverIRQHandler
                0x600023b6                PWM4_1_DriverIRQHandler
                0x600023b6                PWM3_3_DriverIRQHandler
                0x600023b6                DMA0_DMA16_DriverIRQHandler
                0x600023b6                IntDefaultHandler
                0x600023b6                DMA2_DMA18_DriverIRQHandler
                0x600023b6                SRC_DriverIRQHandler
                0x600023b6                GPIO1_INT4_DriverIRQHandler
                0x600023b6                Reserved144_DriverIRQHandler
                0x600023b6                USDHC1_DriverIRQHandler
                0x600023b6                ENC3_DriverIRQHandler
                0x600023b6                PWM3_FAULT_DriverIRQHandler
                0x600023b6                Reserved87_DriverIRQHandler
                0x600023b6                TSC_DIG_DriverIRQHandler
                0x600023b6                WDOG1_DriverIRQHandler
                0x600023b6                ENET_DriverIRQHandler
                0x600023b6                Reserved78_DriverIRQHandler
                0x600023b6                TMR4_DriverIRQHandler
                0x600023b6                ENC2_DriverIRQHandler
                0x600023b6                ADC_ETC_IRQ2_DriverIRQHandler
                0x600023b6                GPIO1_Combined_16_31_DriverIRQHandler
                0x600023b6                GPIO1_INT7_DriverIRQHandler
                0x600023b6                SAI1_DriverIRQHandler
                0x600023b6                DCDC_DriverIRQHandler
                0x600023b6                DMA12_DMA28_DriverIRQHandler
                0x600023b6                PWM4_0_DriverIRQHandler
                0x600023b6                ADC_ETC_ERROR_IRQ_DriverIRQHandler
                0x600023b6                ACMP2_DriverIRQHandler
                0x600023b6                GPIO5_Combined_0_15_DriverIRQHandler
                0x600023b6                GPIO1_INT0_DriverIRQHandler
                0x600023b6                GPIO1_INT2_DriverIRQHandler
                0x600023b6                RTWDOG_DriverIRQHandler
                0x600023b6                FLEXSPI_DriverIRQHandler
                0x600023b6                GPT2_DriverIRQHandler
                0x600023b6                USB_PHY2_DriverIRQHandler
                0x600023b6                DMA10_DMA26_DriverIRQHandler
                0x600023b6                PWM2_1_DriverIRQHandler
                0x600023b6                PWM1_1_DriverIRQHandler
                0x600023b6                PXP_DriverIRQHandler
                0x600023b6                ADC1_DriverIRQHandler
                0x600023b6                PWM1_0_DriverIRQHandler
                0x600023b6                SJC_DriverIRQHandler
                0x600023b6                DMA1_DMA17_DriverIRQHandler
                0x600023b6                ENC1_DriverIRQHandler
                0x600023b6                ENC4_DriverIRQHandler
                0x600023b6                CAN2_DriverIRQHandler
                0x600023b6                DCP_DriverIRQHandler
                0x600023b6                CTI0_ERROR_DriverIRQHandler
                0x600023b6                DMA8_DMA24_DriverIRQHandler
                0x600023b6                GPT1_DriverIRQHandler
                0x600023b6                ACMP3_DriverIRQHandler
                0x600023b6                DMA6_DMA22_DriverIRQHandler
                0x600023b6                CSU_DriverIRQHandler
                0x600023b6                GPIO1_INT5_DriverIRQHandler
                0x600023b6                TMR3_DriverIRQHandler
                0x600023b6                TMR2_DriverIRQHandler
                0x600023b6                CTI1_ERROR_DriverIRQHandler
                0x600023b6                GPIO1_Combined_0_15_DriverIRQHandler
                0x600023b6                USDHC2_DriverIRQHandler
                0x600023b6                PWM4_2_DriverIRQHandler
                0x600023b6                EWM_DriverIRQHandler
                0x600023b6                SAI2_DriverIRQHandler
                0x600023b6                CORE_DriverIRQHandler
                0x600023b6                DMA11_DMA27_DriverIRQHandler
                0x600023b6                CSI_DriverIRQHandler
                0x600023b6                PWM2_3_DriverIRQHandler
                0x600023b6                XBAR1_IRQ_2_3_DriverIRQHandler
                0x600023b6                SNVS_HP_WRAPPER_TZ_DriverIRQHandler
                0x600023b6                GPIO3_Combined_16_31_DriverIRQHandler
                0x600023b6                PWM1_FAULT_DriverIRQHandler
                0x600023b6                LPI2C1_DriverIRQHandler
                0x600023b6                ENET2_1588_Timer_DriverIRQHandler
                0x600023b6                PWM2_2_DriverIRQHandler
                0x600023b6                DMA4_DMA20_DriverIRQHandler
                0x600023b6                DMA9_DMA25_DriverIRQHandler
                0x600023b6                SNVS_HP_WRAPPER_DriverIRQHandler
                0x600023b6                XBAR1_IRQ_0_1_DriverIRQHandler
                0x600023b6                ADC_ETC_IRQ1_DriverIRQHandler
                0x600023b6                LPSPI1_DriverIRQHandler
                0x600023b6                DMA3_DMA19_DriverIRQHandler
                0x600023b6                GPIO1_INT3_DriverIRQHandler
                0x600023b6                DCP_VMI_DriverIRQHandler
                0x600023b6                LPI2C4_DriverIRQHandler
                0x600023b6                GPC_DriverIRQHandler
                0x600023b6                GPIO2_Combined_0_15_DriverIRQHandler
                0x600023b6                PWM1_2_DriverIRQHandler
                0x600023b6                USB_OTG1_DriverIRQHandler
                0x600023b6                TEMP_LOW_HIGH_DriverIRQHandler
                0x600023b6                SAI3_TX_DriverIRQHandler
                0x600023b6                WDOG2_DriverIRQHandler
                0x600023b6                Reserved68_DriverIRQHandler
                0x600023b6                PWM3_0_DriverIRQHandler
                0x600023b6                GPIO4_Combined_0_15_DriverIRQHandler
                0x600023b6                GPIO4_Combined_16_31_DriverIRQHandler
                0x600023b6                GPIO6_7_8_9_DriverIRQHandler
                0x600023b6                GPIO5_Combined_16_31_DriverIRQHandler
                0x600023b6                DMA5_DMA21_DriverIRQHandler
                0x600023b6                CCM_1_DriverIRQHandler
                0x600023b6                ADC2_DriverIRQHandler
                0x600023b6                Reserved115_DriverIRQHandler
                0x600023b6                TEMP_PANIC_DriverIRQHandler
                0x600023b6                ACMP4_DriverIRQHandler
                0x600023b6                DMA15_DMA31_DriverIRQHandler
                0x600023b6                LPSPI3_DriverIRQHandler
                0x600023b6                PWM1_3_DriverIRQHandler
                0x600023b6                ACMP1_DriverIRQHandler
                0x600023b6                LPI2C2_DriverIRQHandler
                0x600023b6                Reserved86_DriverIRQHandler
                0x600023b6                DMA_ERROR_DriverIRQHandler
                0x600023b6                ADC_ETC_IRQ0_DriverIRQHandler
                0x600023b6                CAN1_DriverIRQHandler
                0x600023b6                GPIO1_INT6_DriverIRQHandler
                0x600023b6                GPIO1_INT1_DriverIRQHandler
                0x600023b6                PWM2_0_DriverIRQHandler
                0x600023b6                SNVS_LP_WRAPPER_DriverIRQHandler
                0x600023b6                USB_OTG2_DriverIRQHandler
 *(SORT_BY_ALIGNMENT(.text*))
 *fill*         0x600023b8        0x8 ff
 .text.SVC_Handler
                0x600023c0       0x28 ./freertos/freertos_kernel/portable/GCC/ARM_CM4F/port.o
                0x600023c0                SVC_Handler
 *fill*         0x600023e8        0x8 ff
 .text.PendSV_Handler
                0x600023f0       0x68 ./freertos/freertos_kernel/portable/GCC/ARM_CM4F/port.o
                0x600023f0                PendSV_Handler
 .text.ModeloGenerador
                0x60002458      0x3a8 ./source/Control.o
                0x60002458                ModeloGenerador
 .text.Consecuentes_3x3
                0x60002800      0x110 ./source/ControlInteligente.o
                0x60002800                Consecuentes_3x3
 .text.Consecuentes_3x3x3
                0x60002910      0x148 ./source/ControlInteligente.o
                0x60002910                Consecuentes_3x3x3
 .text.__NVIC_EnableIRQ
                0x60002a58       0x3c ./source/ADCbib.o
 .text.__NVIC_SetPriority
                0x60002a94       0x54 ./source/ADCbib.o
 .text.ADC_Config
                0x60002ae8       0xb0 ./source/ADCbib.o
                0x60002ae8                ADC_Config
 .text.ADC_ETC_Config
                0x60002b98      0x150 ./source/ADCbib.o
                0x60002b98                ADC_ETC_Config
 .text.ADC_ETC_IRQ0_IRQHandler
                0x60002ce8      0x130 ./source/ADCbib.o
                0x60002ce8                ADC_ETC_IRQ0_IRQHandler
 .text.LazoCorriente
                0x60002e18       0xe0 ./source/Control.o
                0x60002e18                LazoCorriente
 .text.LazoTension
                0x60002ef8      0x154 ./source/Control.o
                0x60002ef8                LazoTension
 .text.Acondicionamiento
                0x6000304c      0x378 ./source/Control.o
                0x6000304c                Acondicionamiento
 .text.ControlBajoNivel
                0x600033c4       0x50 ./source/Control.o
                0x600033c4                ControlBajoNivel
 .text.ControladorInteligente
                0x60003414      0x204 ./source/Control.o
                0x60003414                ControladorInteligente
 .text.Suspende_Control
                0x60003618      0x1f8 ./source/Control.o
                0x60003618                Suspende_Control
 .text.Sincroniza
                0x60003810      0x1e0 ./source/Control.o
                0x60003810                Sincroniza
 .text.ProteccionCorriente
                0x600039f0      0x1b8 ./source/Control.o
                0x600039f0                ProteccionCorriente
 .text.Tanh_aprx
                0x60003ba8      0x2e8 ./source/ControlInteligente.o
                0x60003ba8                Tanh_aprx
 .text.__NVIC_EnableIRQ
                0x60003e90       0x3c ./source/FreeMasterbib.o
 .text.__NVIC_SetPriority
                0x60003ecc       0x54 ./source/FreeMasterbib.o
 .text.FreeMaster_Config
                0x60003f20       0x5c ./source/FreeMasterbib.o
                0x60003f20                FreeMaster_Config
 .text.FMSTR_TsaGetTable_tabla_variables
                0x60003f7c       0x28 ./source/FreeMasterbib.o
                0x60003f7c                FMSTR_TsaGetTable_tabla_variables
 .text.__NVIC_EnableIRQ
                0x60003fa4       0x3c ./source/GPIObib.o
 .text.__NVIC_SetPriority
                0x60003fe0       0x54 ./source/GPIObib.o
 .text.GPIO_Config
                0x60004034       0x80 ./source/GPIObib.o
                0x60004034                GPIO_Config
 .text.GPIO5_Combined_0_15_IRQHandler
                0x600040b4       0x24 ./source/GPIObib.o
                0x600040b4                GPIO5_Combined_0_15_IRQHandler
 .text.ConmutaLED
                0x600040d8       0x18 ./source/GPIObib.o
                0x600040d8                ConmutaLED
 .text.PWM_Config
                0x600040f0      0x348 ./source/PWMbib.o
                0x600040f0                PWM_Config
 .text.PWM_ActualizaCU
                0x60004438       0xe8 ./source/PWMbib.o
                0x60004438                PWM_ActualizaCU
 .text.main     0x60004520       0xf8 ./source/Principal.o
                0x60004520                main
 .text.TareaTemporal
                0x60004618       0x3c ./source/Principal.o
 .text.ActualizaCU
                0x60004654      0x2b4 ./source/ProMed.o
                0x60004654                ActualizaCU
 .text.calculaDQ
                0x60004908      0x3bc ./source/ProMed.o
                0x60004908                calculaDQ
 .text.seno_LookUp
                0x60004cc4      0x168 ./source/ProMed.o
                0x60004cc4                seno_LookUp
 .text.XBAR_Config
                0x60004e2c       0x30 ./source/XBARbib.o
                0x60004e2c                XBAR_Config
 .text.pvPortMalloc
                0x60004e5c      0x198 ./freertos/freertos_kernel/portable/MemMang/heap_4.o
                0x60004e5c                pvPortMalloc
 .text.vPortFree
                0x60004ff4       0xc4 ./freertos/freertos_kernel/portable/MemMang/heap_4.o
                0x60004ff4                vPortFree
 .text.prvHeapInit
                0x600050b8       0xc4 ./freertos/freertos_kernel/portable/MemMang/heap_4.o
 .text.prvInsertBlockIntoFreeList
                0x6000517c       0xb4 ./freertos/freertos_kernel/portable/MemMang/heap_4.o
 .text.pxPortInitialiseStack
                0x60005230       0x68 ./freertos/freertos_kernel/portable/GCC/ARM_CM4F/port.o
                0x60005230                pxPortInitialiseStack
 .text.prvTaskExitError
                0x60005298       0x58 ./freertos/freertos_kernel/portable/GCC/ARM_CM4F/port.o
 .text.prvPortStartFirstTask
                0x600052f0       0x28 ./freertos/freertos_kernel/portable/GCC/ARM_CM4F/port.o
 .text.xPortStartScheduler
                0x60005318      0x144 ./freertos/freertos_kernel/portable/GCC/ARM_CM4F/port.o
                0x60005318                xPortStartScheduler
 .text.vPortEnterCritical
                0x6000545c       0x60 ./freertos/freertos_kernel/portable/GCC/ARM_CM4F/port.o
                0x6000545c                vPortEnterCritical
 .text.vPortExitCritical
                0x600054bc       0x54 ./freertos/freertos_kernel/portable/GCC/ARM_CM4F/port.o
                0x600054bc                vPortExitCritical
 .text.SysTick_Handler
                0x60005510       0x44 ./freertos/freertos_kernel/portable/GCC/ARM_CM4F/port.o
                0x60005510                SysTick_Handler
 .text.vPortSetupTimerInterrupt
                0x60005554       0x48 ./freertos/freertos_kernel/portable/GCC/ARM_CM4F/port.o
                0x60005554                vPortSetupTimerInterrupt
 .text.vPortEnableVFP
                0x6000559c       0x14 ./freertos/freertos_kernel/portable/GCC/ARM_CM4F/port.o
 .text.vPortValidateInterruptPriority
                0x600055b0       0x80 ./freertos/freertos_kernel/portable/GCC/ARM_CM4F/port.o
                0x600055b0                vPortValidateInterruptPriority
 .text.xQueueGenericReset
                0x60005630       0xd0 ./freertos/freertos_kernel/queue.o
                0x60005630                xQueueGenericReset
 .text.xQueueGenericSend
                0x60005700      0x1fc ./freertos/freertos_kernel/queue.o
                0x60005700                xQueueGenericSend
 .text.xQueueReceive
                0x600058fc      0x1c0 ./freertos/freertos_kernel/queue.o
                0x600058fc                xQueueReceive
 .text.xQueueSemaphoreTake
                0x60005abc      0x21c ./freertos/freertos_kernel/queue.o
                0x60005abc                xQueueSemaphoreTake
 .text.vQueueAddToRegistry
                0x60005cd8       0x54 ./freertos/freertos_kernel/queue.o
                0x60005cd8                vQueueAddToRegistry
 .text.prvAddNewTaskToReadyList
                0x60005d2c       0xdc ./freertos/freertos_kernel/tasks.o
 .text.vTaskDelete
                0x60005e08      0x120 ./freertos/freertos_kernel/tasks.o
                0x60005e08                vTaskDelete
 .text.vTaskDelayUntil
                0x60005f28       0xfc ./freertos/freertos_kernel/tasks.o
                0x60005f28                vTaskDelayUntil
 .text.vTaskStartScheduler
                0x60006024       0x9c ./freertos/freertos_kernel/tasks.o
                0x60006024                vTaskStartScheduler
 .text.vTaskSuspendAll
                0x600060c0       0x1c ./freertos/freertos_kernel/tasks.o
                0x600060c0                vTaskSuspendAll
 .text.xTaskResumeAll
                0x600060dc      0x138 ./freertos/freertos_kernel/tasks.o
                0x600060dc                xTaskResumeAll
 .text.xTaskGetTickCount
                0x60006214       0x20 ./freertos/freertos_kernel/tasks.o
                0x60006214                xTaskGetTickCount
 .text.xTaskIncrementTick
                0x60006234      0x154 ./freertos/freertos_kernel/tasks.o
                0x60006234                xTaskIncrementTick
 .text.vTaskSwitchContext
                0x60006388       0xb8 ./freertos/freertos_kernel/tasks.o
                0x60006388                vTaskSwitchContext
 .text.vTaskPlaceOnEventList
                0x60006440       0x48 ./freertos/freertos_kernel/tasks.o
                0x60006440                vTaskPlaceOnEventList
 .text.vTaskPlaceOnEventListRestricted
                0x60006488       0x58 ./freertos/freertos_kernel/tasks.o
                0x60006488                vTaskPlaceOnEventListRestricted
 .text.xTaskRemoveFromEventList
                0x600064e0       0xc4 ./freertos/freertos_kernel/tasks.o
                0x600064e0                xTaskRemoveFromEventList
 .text.vTaskInternalSetTimeOutState
                0x600065a4       0x2c ./freertos/freertos_kernel/tasks.o
                0x600065a4                vTaskInternalSetTimeOutState
 .text.xTaskCheckForTimeOut
                0x600065d0       0xc4 ./freertos/freertos_kernel/tasks.o
                0x600065d0                xTaskCheckForTimeOut
 .text.vTaskMissedYield
                0x60006694       0x18 ./freertos/freertos_kernel/tasks.o
                0x60006694                vTaskMissedYield
 .text.prvIdleTask
                0x600066ac       0x30 ./freertos/freertos_kernel/tasks.o
 .text.prvInitialiseTaskLists
                0x600066dc       0x80 ./freertos/freertos_kernel/tasks.o
 .text.prvCheckTasksWaitingTermination
                0x6000675c       0x5c ./freertos/freertos_kernel/tasks.o
 .text.prvResetNextTaskUnblockTime
                0x600067b8       0x40 ./freertos/freertos_kernel/tasks.o
 .text.xTaskGetSchedulerState
                0x600067f8       0x3c ./freertos/freertos_kernel/tasks.o
                0x600067f8                xTaskGetSchedulerState
 .text.xTaskPriorityInherit
                0x60006834       0xec ./freertos/freertos_kernel/tasks.o
                0x60006834                xTaskPriorityInherit
 .text.xTaskPriorityDisinherit
                0x60006920      0x10c ./freertos/freertos_kernel/tasks.o
                0x60006920                xTaskPriorityDisinherit
 .text.vTaskPriorityDisinheritAfterTimeout
                0x60006a2c      0x11c ./freertos/freertos_kernel/tasks.o
                0x60006a2c                vTaskPriorityDisinheritAfterTimeout
 .text.pvTaskIncrementMutexHeldCount
                0x60006b48       0x28 ./freertos/freertos_kernel/tasks.o
                0x60006b48                pvTaskIncrementMutexHeldCount
 .text.prvAddCurrentTaskToDelayedList
                0x60006b70       0xcc ./freertos/freertos_kernel/tasks.o
 .text.xTimerCreateTimerTask
                0x60006c3c       0x64 ./freertos/freertos_kernel/timers.o
                0x60006c3c                xTimerCreateTimerTask
 .text.xTimerGenericCommand
                0x60006ca0       0x9c ./freertos/freertos_kernel/timers.o
                0x60006ca0                xTimerGenericCommand
 .text.prvProcessExpiredTimer
                0x60006d3c       0x98 ./freertos/freertos_kernel/timers.o
 .text.prvProcessTimerOrBlockTask
                0x60006dd4       0x9c ./freertos/freertos_kernel/timers.o
 .text.prvGetNextExpireTime
                0x60006e70       0x48 ./freertos/freertos_kernel/timers.o
 .text.prvSampleTimeNow
                0x60006eb8       0x40 ./freertos/freertos_kernel/timers.o
 .text.prvInsertTimerInActiveList
                0x60006ef8       0x84 ./freertos/freertos_kernel/timers.o
 .text.prvProcessReceivedCommands
                0x60006f7c      0x1c4 ./freertos/freertos_kernel/timers.o
 .text.prvSwitchTimerLists
                0x60007140       0xc8 ./freertos/freertos_kernel/timers.o
 .text.prvCheckForValidListAndQueue
                0x60007208       0x6c ./freertos/freertos_kernel/timers.o
 .text.FMSTR_InitPipes
                0x60007274       0x3c ./freemaster/freemaster_pipes.o
                0x60007274                FMSTR_InitPipes
 .text._FMSTR_FindPipe
                0x600072b0       0x4c ./freemaster/freemaster_pipes.o
 .text.FMSTR_GetPipe
                0x600072fc      0x130 ./freemaster/freemaster_pipes.o
                0x600072fc                FMSTR_GetPipe
 .text.FMSTR_PipeFrame
                0x6000742c      0x20c ./freemaster/freemaster_pipes.o
                0x6000742c                FMSTR_PipeFrame
 .text.FMSTR_Init
                0x60007638       0xbc ./freemaster/freemaster_protocol.o
                0x60007638                FMSTR_Init
 .text.FMSTR_Poll
                0x600076f4       0x14 ./freemaster/freemaster_protocol.o
                0x600076f4                FMSTR_Poll
 .text.FMSTR_SendResponse
                0x60007708       0x28 ./freemaster/freemaster_protocol.o
                0x60007708                FMSTR_SendResponse
 .text.FMSTR_ProtocolDecoder
                0x60007730      0x184 ./freemaster/freemaster_protocol.o
                0x60007730                FMSTR_ProtocolDecoder
 .text._FMSTR_GetBoardConfig
                0x600078b4      0x188 ./freemaster/freemaster_protocol.o
                0x600078b4                _FMSTR_GetBoardConfig
 .text.FMSTR_InitRec
                0x60007a3c       0x4c ./freemaster/freemaster_rec.o
                0x60007a3c                FMSTR_InitRec
 .text.FMSTR_RecorderCreate
                0x60007a88       0xc4 ./freemaster/freemaster_rec.o
                0x60007a88                FMSTR_RecorderCreate
 .text._FMSTR_RecMemCfg
                0x60007b4c       0xf0 ./freemaster/freemaster_rec.o
 .text._FMSTR_RecVarCfg
                0x60007c3c      0x1ac ./freemaster/freemaster_rec.o
 .text.FMSTR_SetRecCmd
                0x60007de8      0x10c ./freemaster/freemaster_rec.o
                0x60007de8                FMSTR_SetRecCmd
 .text._FMSTR_GetRecorderBufferByRecIx
                0x60007ef4       0x30 ./freemaster/freemaster_rec.o
 .text._FMSTR_GetRecorderByRecIx
                0x60007f24       0x34 ./freemaster/freemaster_rec.o
 .text.FMSTR_InitScope
                0x60007f58       0x18 ./freemaster/freemaster_scope.o
                0x60007f58                FMSTR_InitScope
 .text.FMSTR_SetScope
                0x60007f70       0xdc ./freemaster/freemaster_scope.o
                0x60007f70                FMSTR_SetScope
 .text.FMSTR_ReadScope
                0x6000804c       0xc0 ./freemaster/freemaster_scope.o
                0x6000804c                FMSTR_ReadScope
 .text._FMSTR_RxDequeue
                0x6000810c       0x4c ./freemaster/freemaster_serial.o
 .text.FMSTR_ProcessSerial
                0x60008158       0xc8 ./freemaster/freemaster_serial.o
                0x60008158                FMSTR_ProcessSerial
 .text._FMSTR_Listen
                0x60008220       0x58 ./freemaster/freemaster_serial.o
 .text._FMSTR_SendError
                0x60008278       0x24 ./freemaster/freemaster_serial.o
 .text._FMSTR_SerialSendResponse
                0x6000829c      0x124 ./freemaster/freemaster_serial.o
 .text._FMSTR_Tx
                0x600083c0       0x88 ./freemaster/freemaster_serial.o
 .text._FMSTR_Rx
                0x60008448      0x198 ./freemaster/freemaster_serial.o
 .text._FMSTR_SerialInit
                0x600085e0      0x1c0 ./freemaster/freemaster_serial.o
 .text._FMSTR_SerialPoll
                0x600087a0       0x20 ./freemaster/freemaster_serial.o
 .text._FMSTR_SerialLpuartInit
                0x600087c0       0x20 ./freemaster/freemaster_serial_lpuart.o
 .text._FMSTR_SerialLpuartEnableTransmit
                0x600087e0       0x2c ./freemaster/freemaster_serial_lpuart.o
 .text._FMSTR_SerialLpuartEnableReceive
                0x6000880c       0x2c ./freemaster/freemaster_serial_lpuart.o
 .text._FMSTR_SerialLpuartEnableTransmitInterrupt
                0x60008838       0x38 ./freemaster/freemaster_serial_lpuart.o
 .text._FMSTR_SerialLpuartEnableTransmitCompleteInterrupt
                0x60008870       0x38 ./freemaster/freemaster_serial_lpuart.o
 .text._FMSTR_SerialLpuartEnableReceiveInterrupt
                0x600088a8       0x38 ./freemaster/freemaster_serial_lpuart.o
 .text._FMSTR_SerialLpuartIsTransmitRegEmpty
                0x600088e0       0x30 ./freemaster/freemaster_serial_lpuart.o
 .text._FMSTR_SerialLpuartIsReceiveRegFull
                0x60008910       0x30 ./freemaster/freemaster_serial_lpuart.o
 .text._FMSTR_SerialLpuartIsTransmitterActive
                0x60008940       0x30 ./freemaster/freemaster_serial_lpuart.o
 .text._FMSTR_SerialLpuartPutChar
                0x60008970       0x24 ./freemaster/freemaster_serial_lpuart.o
 .text._FMSTR_SerialLpuartGetChar
                0x60008994       0x18 ./freemaster/freemaster_serial_lpuart.o
 .text.FMSTR_SerialSetBaseAddress
                0x600089ac       0x20 ./freemaster/freemaster_serial_lpuart.o
                0x600089ac                FMSTR_SerialSetBaseAddress
 .text.FMSTR_InitTsa
                0x600089cc       0x30 ./freemaster/freemaster_tsa.o
                0x600089cc                FMSTR_InitTsa
 .text.FMSTR_TsaGetTable_dynamic_tsa
                0x600089fc       0x34 ./freemaster/freemaster_tsa.o
                0x600089fc                FMSTR_TsaGetTable_dynamic_tsa
 .text.FMSTR_GetTsaInfo
                0x60008a30       0xa4 ./freemaster/freemaster_tsa.o
                0x60008a30                FMSTR_GetTsaInfo
 .text.FMSTR_GetStringLen
                0x60008ad4       0x64 ./freemaster/freemaster_tsa.o
                0x60008ad4                FMSTR_GetStringLen
 .text._FMSTR_IsMemoryMapped
                0x60008b38       0x3c ./freemaster/freemaster_tsa.o
 .text.FMSTR_UresControl
                0x60008b74       0xe4 ./freemaster/freemaster_ures.o
                0x60008b74                FMSTR_UresControl
 .text._FMSTR_UresControlRead
                0x60008c58      0x108 ./freemaster/freemaster_ures.o
 .text._FMSTR_UresControlWrite
                0x60008d60      0x100 ./freemaster/freemaster_ures.o
 .text._FMSTR_UresControlIoctl
                0x60008e60      0x124 ./freemaster/freemaster_ures.o
 .text._FMSTR_MemCpyDstAligned
                0x60008f84       0xa0 ./freemaster/freemaster_utils.o
 .text._FMSTR_MemCpySrcAligned
                0x60009024       0xa0 ./freemaster/freemaster_utils.o
 .text._FMSTR_MemCpyMaskedDstAligned
                0x600090c4       0xe4 ./freemaster/freemaster_utils.o
 .text.FMSTR_GetAlignmentCorrection
                0x600091a8       0x64 ./freemaster/freemaster_utils.o
                0x600091a8                FMSTR_GetAlignmentCorrection
 .text._FMSTR_RingBuffCreate
                0x6000920c       0x58 ./freemaster/freemaster_utils.o
                0x6000920c                _FMSTR_RingBuffCreate
 .text._FMSTR_RingBuffPut
                0x60009264       0x5c ./freemaster/freemaster_utils.o
                0x60009264                _FMSTR_RingBuffPut
 .text._FMSTR_RingBuffGet
                0x600092c0       0x60 ./freemaster/freemaster_utils.o
                0x600092c0                _FMSTR_RingBuffGet
 .text._FMSTR_RingBuffHasData
                0x60009320       0x34 ./freemaster/freemaster_utils.o
                0x60009320                _FMSTR_RingBuffHasData
 .text._FMSTR_StrCmp
                0x60009354       0x9c ./freemaster/freemaster_utils.o
                0x60009354                _FMSTR_StrCmp
 .text.CLOCK_ControlGate
                0x600093f0       0x64 ./drivers/fsl_adc.o
 .text.ADC_GetChannelConversionValue
                0x60009454       0x30 ./drivers/fsl_adc.o
 .text.ADC_GetChannelStatusFlags
                0x60009484       0x38 ./drivers/fsl_adc.o
 .text.ADC_GetInstance
                0x600094bc       0x4c ./drivers/fsl_adc.o
 .text.ADC_Init
                0x60009508       0xf8 ./drivers/fsl_adc.o
                0x60009508                ADC_Init
 .text.ADC_GetDefaultConfig
                0x60009600       0x6c ./drivers/fsl_adc.o
                0x60009600                ADC_GetDefaultConfig
 .text.ADC_ETC_Init
                0x6000966c       0x9c ./drivers/fsl_adc_etc.o
                0x6000966c                ADC_ETC_Init
 .text.ADC_ETC_SetTriggerConfig
                0x60009708       0xa8 ./drivers/fsl_adc_etc.o
                0x60009708                ADC_ETC_SetTriggerConfig
 .text.ADC_ETC_SetTriggerChainConfig
                0x600097b0      0x1f0 ./drivers/fsl_adc_etc.o
                0x600097b0                ADC_ETC_SetTriggerChainConfig
 .text.ADC_ETC_GetADCConversionValue
                0x600099a0      0x140 ./drivers/fsl_adc_etc.o
                0x600099a0                ADC_ETC_GetADCConversionValue
 .text.CLOCK_GetOscFreq
                0x60009ae0       0x30 ./drivers/fsl_clock.o
 .text.CLOCK_GetPeriphClkFreq
                0x60009b10       0xec ./drivers/fsl_clock.o
 .text.CLOCK_GetPllUsb1SWFreq
                0x60009bfc       0x44 ./drivers/fsl_clock.o
 .text.CLOCK_InitExternalClk
                0x60009c40       0x6c ./drivers/fsl_clock.o
                0x60009c40                CLOCK_InitExternalClk
 .text.CLOCK_SwitchOsc
                0x60009cac       0x34 ./drivers/fsl_clock.o
                0x60009cac                CLOCK_SwitchOsc
 .text.CLOCK_InitRcOsc24M
                0x60009ce0       0x24 ./drivers/fsl_clock.o
                0x60009ce0                CLOCK_InitRcOsc24M
 .text.CLOCK_GetAhbFreq
                0x60009d04       0x24 ./drivers/fsl_clock.o
                0x60009d04                CLOCK_GetAhbFreq
 .text.CLOCK_GetSemcFreq
                0x60009d28       0x5c ./drivers/fsl_clock.o
                0x60009d28                CLOCK_GetSemcFreq
 .text.CLOCK_GetIpgFreq
                0x60009d84       0x24 ./drivers/fsl_clock.o
                0x60009d84                CLOCK_GetIpgFreq
 .text.CLOCK_GetPerClkFreq
                0x60009da8       0x40 ./drivers/fsl_clock.o
                0x60009da8                CLOCK_GetPerClkFreq
 .text.CLOCK_GetFreq
                0x60009de8      0x1c8 ./drivers/fsl_clock.o
                0x60009de8                CLOCK_GetFreq
 .text.CLOCK_InitArmPll
                0x60009fb0       0x68 ./drivers/fsl_clock.o
                0x60009fb0                CLOCK_InitArmPll
 .text.CLOCK_InitSysPll
                0x6000a018       0x9c ./drivers/fsl_clock.o
                0x6000a018                CLOCK_InitSysPll
 .text.CLOCK_DeinitUsb2Pll
                0x6000a0b4       0x18 ./drivers/fsl_clock.o
                0x6000a0b4                CLOCK_DeinitUsb2Pll
 .text.CLOCK_DeinitAudioPll
                0x6000a0cc       0x1c ./drivers/fsl_clock.o
                0x6000a0cc                CLOCK_DeinitAudioPll
 .text.CLOCK_DeinitVideoPll
                0x6000a0e8       0x1c ./drivers/fsl_clock.o
                0x6000a0e8                CLOCK_DeinitVideoPll
 .text.CLOCK_DeinitEnetPll
                0x6000a104       0x1c ./drivers/fsl_clock.o
                0x6000a104                CLOCK_DeinitEnetPll
 .text.CLOCK_GetPllFreq
                0x6000a120      0x400 ./drivers/fsl_clock.o
                0x6000a120                CLOCK_GetPllFreq
 .text.CLOCK_InitSysPfd
                0x6000a520       0x64 ./drivers/fsl_clock.o
                0x6000a520                CLOCK_InitSysPfd
 .text.CLOCK_GetSysPfdFreq
                0x6000a584       0xac ./drivers/fsl_clock.o
                0x6000a584                CLOCK_GetSysPfdFreq
 .text.CLOCK_GetUsb1PfdFreq
                0x6000a630       0xac ./drivers/fsl_clock.o
                0x6000a630                CLOCK_GetUsb1PfdFreq
 .text.FLEXIO_CommonIRQHandler
                0x6000a6dc       0x5c ./drivers/fsl_flexio.o
 .text.CLOCK_ControlGate
                0x6000a738       0x64 ./drivers/fsl_gpio.o
 .text.GPIO_GetInstance
                0x6000a79c       0x4c ./drivers/fsl_gpio.o
 .text.GPIO_PinInit
                0x6000a7e8       0xa4 ./drivers/fsl_gpio.o
                0x6000a7e8                GPIO_PinInit
 .text.GPIO_PinWrite
                0x6000a88c       0x48 ./drivers/fsl_gpio.o
                0x6000a88c                GPIO_PinWrite
 .text.GPIO_PinSetInterruptConfig
                0x6000a8d4       0xfc ./drivers/fsl_gpio.o
                0x6000a8d4                GPIO_PinSetInterruptConfig
 .text.CLOCK_ControlGate
                0x6000a9d0       0x64 ./drivers/fsl_lpuart.o
 .text.LPUART_GetInstance
                0x6000aa34       0x4c ./drivers/fsl_lpuart.o
                0x6000aa34                LPUART_GetInstance
 .text.LPUART_Init
                0x6000aa80      0x310 ./drivers/fsl_lpuart.o
                0x6000aa80                LPUART_Init
 .text.LPUART_GetDefaultConfig
                0x6000ad90       0x88 ./drivers/fsl_lpuart.o
                0x6000ad90                LPUART_GetDefaultConfig
 .text.LPUART2_DriverIRQHandler
                0x6000ae18       0x28 ./drivers/fsl_lpuart.o
                0x6000ae18                LPUART2_DriverIRQHandler
 .text.LPUART3_DriverIRQHandler
                0x6000ae40       0x28 ./drivers/fsl_lpuart.o
                0x6000ae40                LPUART3_DriverIRQHandler
 .text.LPUART4_DriverIRQHandler
                0x6000ae68       0x28 ./drivers/fsl_lpuart.o
                0x6000ae68                LPUART4_DriverIRQHandler
 .text.LPUART5_DriverIRQHandler
                0x6000ae90       0x28 ./drivers/fsl_lpuart.o
                0x6000ae90                LPUART5_DriverIRQHandler
 .text.LPUART6_DriverIRQHandler
                0x6000aeb8       0x28 ./drivers/fsl_lpuart.o
                0x6000aeb8                LPUART6_DriverIRQHandler
 .text.LPUART7_DriverIRQHandler
                0x6000aee0       0x28 ./drivers/fsl_lpuart.o
                0x6000aee0                LPUART7_DriverIRQHandler
 .text.LPUART8_DriverIRQHandler
                0x6000af08       0x28 ./drivers/fsl_lpuart.o
                0x6000af08                LPUART8_DriverIRQHandler
 .text.CLOCK_ControlGate
                0x6000af30       0x64 ./drivers/fsl_pwm.o
 .text.PWM_GetInstance
                0x6000af94       0x4c ./drivers/fsl_pwm.o
 .text.PWM_Init
                0x6000afe0      0x28c ./drivers/fsl_pwm.o
                0x6000afe0                PWM_Init
 .text.PWM_GetDefaultConfig
                0x6000b26c       0x68 ./drivers/fsl_pwm.o
                0x6000b26c                PWM_GetDefaultConfig
 .text.CLOCK_ControlGate
                0x6000b2d4       0x64 ./drivers/fsl_xbara.o
 .text.XBARA_GetInstance
                0x6000b338       0x44 ./drivers/fsl_xbara.o
 .text.SystemInit
                0x6000b37c      0x1d8 ./device/system_MIMXRT1062.o
                0x6000b37c                SystemInit
 .text.ARM_MPU_Enable
                0x6000b554       0x40 ./board/board.o
 .text.ARM_MPU_Disable
                0x6000b594       0x34 ./board/board.o
 .text.CLOCK_GetMux
                0x6000b5c8       0x44 ./board/board.o
 .text.CLOCK_GetDiv
                0x6000b60c       0x44 ./board/board.o
 .text.CLOCK_GetOscFreq
                0x6000b650       0x30 ./board/board.o
 .text.BOARD_DebugConsoleSrcFreq
                0x6000b680       0x64 ./board/board.o
                0x6000b680                BOARD_DebugConsoleSrcFreq
 .text.BOARD_ConfigMPU
                0x6000b6e4      0x30c ./board/board.o
                0x6000b6e4                BOARD_ConfigMPU
 .text.CLOCK_SetMux
                0x6000b9f0       0x9c ./board/clock_config.o
 .text.CLOCK_SetDiv
                0x6000ba8c       0x9c ./board/clock_config.o
 .text.CLOCK_ControlGate
                0x6000bb28       0x64 ./board/clock_config.o
 .text.CLOCK_SetXtalFreq
                0x6000bb8c       0x20 ./board/clock_config.o
 .text.CLOCK_SetRtcXtalFreq
                0x6000bbac       0x20 ./board/clock_config.o
 .text.IOMUXC_EnableMode
                0x6000bbcc       0x48 ./board/clock_config.o
 .text.IOMUXC_MQSConfig
                0x6000bc14       0x44 ./board/clock_config.o
 .text.BOARD_BootClockRUN
                0x6000bc58      0x678 ./board/clock_config.o
                0x6000bc58                BOARD_BootClockRUN
 .text.CLOCK_ControlGate
                0x6000c2d0       0x64 ./board/pin_mux.o
 .text.BOARD_InitPins
                0x6000c334      0x40c ./board/pin_mux.o
                0x6000c334                BOARD_InitPins
 .text.BOARD_InitDEBUG_UART
                0x6000c740       0x78 ./board/pin_mux.o
                0x6000c740                BOARD_InitDEBUG_UART
 .text.__assertion_failed
                0x6000c7b8       0x4c d:/programas/mcuxpressoide_11.3.1_5262/ide/plugins/com.nxp.mcuxpresso.tools.win32_11.3.0.202008311133/tools/bin/../lib/gcc/arm-none-eabi/9.3.1/../../../../arm-none-eabi/lib/thumb/v7e-m+fp/hard\libcr_semihost_nf.a(_cr_assert.o)
                0x6000c7b8                __assertion_failed
 .text.__sys_appexit
                0x6000c804        0xc d:/programas/mcuxpressoide_11.3.1_5262/ide/plugins/com.nxp.mcuxpresso.tools.win32_11.3.0.202008311133/tools/bin/../lib/gcc/arm-none-eabi/9.3.1/../../../../arm-none-eabi/lib/thumb/v7e-m+fp/hard\libcr_semihost_nf.a(__sys_appexit.o)
                0x6000c804                __sys_appexit
                0x6000c804                __exit
 .text.atan2f   0x6000c810       0xc0 d:/programas/mcuxpressoide_11.3.1_5262/ide/plugins/com.nxp.mcuxpresso.tools.win32_11.3.0.202008311133/tools/bin/../lib/gcc/arm-none-eabi/9.3.1/../../../../arm-none-eabi/lib/thumb/v7e-m+fp/hard\libcr_c.a(atan2f.o)
                0x6000c810                atan2f
 .text.atanf    0x6000c8d0       0xf0 d:/programas/mcuxpressoide_11.3.1_5262/ide/plugins/com.nxp.mcuxpresso.tools.win32_11.3.0.202008311133/tools/bin/../lib/gcc/arm-none-eabi/9.3.1/../../../../arm-none-eabi/lib/thumb/v7e-m+fp/hard\libcr_c.a(atanf.o)
                0x6000c8d0                atanf
 .text._Cwritebuf
                0x6000c9c0       0x6c d:/programas/mcuxpressoide_11.3.1_5262/ide/plugins/com.nxp.mcuxpresso.tools.win32_11.3.0.202008311133/tools/bin/../lib/gcc/arm-none-eabi/9.3.1/../../../../arm-none-eabi/lib/thumb/v7e-m+fp/hard\libcr_c.a(_writebuf.o)
                0x6000c9c0                _Cwritebuf
 .text.malloc   0x6000ca2c       0xc8 d:/programas/mcuxpressoide_11.3.1_5262/ide/plugins/com.nxp.mcuxpresso.tools.win32_11.3.0.202008311133/tools/bin/../lib/gcc/arm-none-eabi/9.3.1/../../../../arm-none-eabi/lib/thumb/v7e-m+fp/hard\libcr_c.a(alloc.o)
                0x6000ca2c                malloc
 .text._Csys_alloc
                0x6000caf4       0x20 d:/programas/mcuxpressoide_11.3.1_5262/ide/plugins/com.nxp.mcuxpresso.tools.win32_11.3.0.202008311133/tools/bin/../lib/gcc/arm-none-eabi/9.3.1/../../../../arm-none-eabi/lib/thumb/v7e-m+fp/hard\libcr_c.a(alloc.o)
                0x6000caf4                _Csys_alloc
 .text.fseek    0x6000cb14      0x100 d:/programas/mcuxpressoide_11.3.1_5262/ide/plugins/com.nxp.mcuxpresso.tools.win32_11.3.0.202008311133/tools/bin/../lib/gcc/arm-none-eabi/9.3.1/../../../../arm-none-eabi/lib/thumb/v7e-m+fp/hard\libcr_c.a(fseek.o)
                0x6000cb14                fseek
 .text.ftell    0x6000cc14       0x44 d:/programas/mcuxpressoide_11.3.1_5262/ide/plugins/com.nxp.mcuxpresso.tools.win32_11.3.0.202008311133/tools/bin/../lib/gcc/arm-none-eabi/9.3.1/../../../../arm-none-eabi/lib/thumb/v7e-m+fp/hard\libcr_c.a(ftell.o)
                0x6000cc14                ftell
 .text._initio  0x6000cc58       0x78 d:/programas/mcuxpressoide_11.3.1_5262/ide/plugins/com.nxp.mcuxpresso.tools.win32_11.3.0.202008311133/tools/bin/../lib/gcc/arm-none-eabi/9.3.1/../../../../arm-none-eabi/lib/thumb/v7e-m+fp/hard\libcr_c.a(initio.o)
                0x6000cc58                _initio
 .text._sbrk    0x6000ccd0       0x3c d:/programas/mcuxpressoide_11.3.1_5262/ide/plugins/com.nxp.mcuxpresso.tools.win32_11.3.0.202008311133/tools/bin/../lib/gcc/arm-none-eabi/9.3.1/../../../../arm-none-eabi/lib/thumb/v7e-m+fp/hard\libcr_c.a(_cr_sbrk.o)
                0x6000ccd0                _sbrk
 .text.fflush   0x6000cd0c       0x44 d:/programas/mcuxpressoide_11.3.1_5262/ide/plugins/com.nxp.mcuxpresso.tools.win32_11.3.0.202008311133/tools/bin/../lib/gcc/arm-none-eabi/9.3.1/../../../../arm-none-eabi/lib/thumb/v7e-m+fp/hard\libcr_c.a(fflush.o)
                0x6000cd0c                fflush
 .text.__check_heap_overflow
                0x6000cd50       0x18 d:/programas/mcuxpressoide_11.3.1_5262/ide/plugins/com.nxp.mcuxpresso.tools.win32_11.3.0.202008311133/tools/bin/../lib/gcc/arm-none-eabi/9.3.1/../../../../arm-none-eabi/lib/thumb/v7e-m+fp/hard\libcr_c.a(_cr_check_heap.o)
                0x6000cd50                __check_heap_overflow
 .text.__aeabi_dmul
                0x6000cd68      0x114 d:/programas/mcuxpressoide_11.3.1_5262/ide/plugins/com.nxp.mcuxpresso.tools.win32_11.3.0.202008311133/tools/bin/../lib/gcc/arm-none-eabi/9.3.1/thumb/v7e-m+fp/hard\libcr_eabihelpers.a(double.o)
                0x6000cd68                __aeabi_dmul
 .text.__aeabi_d2f
                0x6000ce7c       0x58 d:/programas/mcuxpressoide_11.3.1_5262/ide/plugins/com.nxp.mcuxpresso.tools.win32_11.3.0.202008311133/tools/bin/../lib/gcc/arm-none-eabi/9.3.1/thumb/v7e-m+fp/hard\libcr_eabihelpers.a(double.o)
                0x6000ce7c                __aeabi_d2f
 .text.__aeabi_f2d
                0x6000ced4       0x38 d:/programas/mcuxpressoide_11.3.1_5262/ide/plugins/com.nxp.mcuxpresso.tools.win32_11.3.0.202008311133/tools/bin/../lib/gcc/arm-none-eabi/9.3.1/thumb/v7e-m+fp/hard\libcr_eabihelpers.a(float.o)
                0x6000ced4                __aeabi_f2d
 .text.DMA0_DMA16_IRQHandler
                0x6000cf0c        0x8 ./startup/startup_mimxrt1062.o
                0x6000cf0c                DMA0_DMA16_IRQHandler
 .text.DMA1_DMA17_IRQHandler
                0x6000cf14        0x8 ./startup/startup_mimxrt1062.o
                0x6000cf14                DMA1_DMA17_IRQHandler
 .text.DMA2_DMA18_IRQHandler
                0x6000cf1c        0x8 ./startup/startup_mimxrt1062.o
                0x6000cf1c                DMA2_DMA18_IRQHandler
 .text.DMA3_DMA19_IRQHandler
                0x6000cf24        0x8 ./startup/startup_mimxrt1062.o
                0x6000cf24                DMA3_DMA19_IRQHandler
 .text.DMA4_DMA20_IRQHandler
                0x6000cf2c        0x8 ./startup/startup_mimxrt1062.o
                0x6000cf2c                DMA4_DMA20_IRQHandler
 .text.DMA5_DMA21_IRQHandler
                0x6000cf34        0x8 ./startup/startup_mimxrt1062.o
                0x6000cf34                DMA5_DMA21_IRQHandler
 .text.DMA6_DMA22_IRQHandler
                0x6000cf3c        0x8 ./startup/startup_mimxrt1062.o
                0x6000cf3c                DMA6_DMA22_IRQHandler
 .text.DMA7_DMA23_IRQHandler
                0x6000cf44        0x8 ./startup/startup_mimxrt1062.o
                0x6000cf44                DMA7_DMA23_IRQHandler
 .text.DMA8_DMA24_IRQHandler
                0x6000cf4c        0x8 ./startup/startup_mimxrt1062.o
                0x6000cf4c                DMA8_DMA24_IRQHandler
 .text.DMA9_DMA25_IRQHandler
                0x6000cf54        0x8 ./startup/startup_mimxrt1062.o
                0x6000cf54                DMA9_DMA25_IRQHandler
 .text.DMA10_DMA26_IRQHandler
                0x6000cf5c        0x8 ./startup/startup_mimxrt1062.o
                0x6000cf5c                DMA10_DMA26_IRQHandler
 .text.DMA11_DMA27_IRQHandler
                0x6000cf64        0x8 ./startup/startup_mimxrt1062.o
                0x6000cf64                DMA11_DMA27_IRQHandler
 .text.DMA12_DMA28_IRQHandler
                0x6000cf6c        0x8 ./startup/startup_mimxrt1062.o
                0x6000cf6c                DMA12_DMA28_IRQHandler
 .text.DMA13_DMA29_IRQHandler
                0x6000cf74        0x8 ./startup/startup_mimxrt1062.o
                0x6000cf74                DMA13_DMA29_IRQHandler
 .text.DMA14_DMA30_IRQHandler
                0x6000cf7c        0x8 ./startup/startup_mimxrt1062.o
                0x6000cf7c                DMA14_DMA30_IRQHandler
 .text.DMA15_DMA31_IRQHandler
                0x6000cf84        0x8 ./startup/startup_mimxrt1062.o
                0x6000cf84                DMA15_DMA31_IRQHandler
 .text.DMA_ERROR_IRQHandler
                0x6000cf8c        0x8 ./startup/startup_mimxrt1062.o
                0x6000cf8c                DMA_ERROR_IRQHandler
 .text.CTI0_ERROR_IRQHandler
                0x6000cf94        0x8 ./startup/startup_mimxrt1062.o
                0x6000cf94                CTI0_ERROR_IRQHandler
 .text.CTI1_ERROR_IRQHandler
                0x6000cf9c        0x8 ./startup/startup_mimxrt1062.o
                0x6000cf9c                CTI1_ERROR_IRQHandler
 .text.CORE_IRQHandler
                0x6000cfa4        0x8 ./startup/startup_mimxrt1062.o
                0x6000cfa4                CORE_IRQHandler
 .text.LPUART2_IRQHandler
                0x6000cfac        0x8 ./startup/startup_mimxrt1062.o
                0x6000cfac                LPUART2_IRQHandler
 .text.LPUART3_IRQHandler
                0x6000cfb4        0x8 ./startup/startup_mimxrt1062.o
                0x6000cfb4                LPUART3_IRQHandler
 .text.LPUART4_IRQHandler
                0x6000cfbc        0x8 ./startup/startup_mimxrt1062.o
                0x6000cfbc                LPUART4_IRQHandler
 .text.LPUART5_IRQHandler
                0x6000cfc4        0x8 ./startup/startup_mimxrt1062.o
                0x6000cfc4                LPUART5_IRQHandler
 .text.LPUART6_IRQHandler
                0x6000cfcc        0x8 ./startup/startup_mimxrt1062.o
                0x6000cfcc                LPUART6_IRQHandler
 .text.LPUART7_IRQHandler
                0x6000cfd4        0x8 ./startup/startup_mimxrt1062.o
                0x6000cfd4                LPUART7_IRQHandler
 .text.LPUART8_IRQHandler
                0x6000cfdc        0x8 ./startup/startup_mimxrt1062.o
                0x6000cfdc                LPUART8_IRQHandler
 .text.LPI2C1_IRQHandler
                0x6000cfe4        0x8 ./startup/startup_mimxrt1062.o
                0x6000cfe4                LPI2C1_IRQHandler
 .text.LPI2C2_IRQHandler
                0x6000cfec        0x8 ./startup/startup_mimxrt1062.o
                0x6000cfec                LPI2C2_IRQHandler
 .text.LPI2C3_IRQHandler
                0x6000cff4        0x8 ./startup/startup_mimxrt1062.o
                0x6000cff4                LPI2C3_IRQHandler
 .text.LPI2C4_IRQHandler
                0x6000cffc        0x8 ./startup/startup_mimxrt1062.o
                0x6000cffc                LPI2C4_IRQHandler
 .text.LPSPI1_IRQHandler
                0x6000d004        0x8 ./startup/startup_mimxrt1062.o
                0x6000d004                LPSPI1_IRQHandler
 .text.LPSPI2_IRQHandler
                0x6000d00c        0x8 ./startup/startup_mimxrt1062.o
                0x6000d00c                LPSPI2_IRQHandler
 .text.LPSPI3_IRQHandler
                0x6000d014        0x8 ./startup/startup_mimxrt1062.o
                0x6000d014                LPSPI3_IRQHandler
 .text.LPSPI4_IRQHandler
                0x6000d01c        0x8 ./startup/startup_mimxrt1062.o
                0x6000d01c                LPSPI4_IRQHandler
 .text.CAN1_IRQHandler
                0x6000d024        0x8 ./startup/startup_mimxrt1062.o
                0x6000d024                CAN1_IRQHandler
 .text.CAN2_IRQHandler
                0x6000d02c        0x8 ./startup/startup_mimxrt1062.o
                0x6000d02c                CAN2_IRQHandler
 .text.FLEXRAM_IRQHandler
                0x6000d034        0x8 ./startup/startup_mimxrt1062.o
                0x6000d034                FLEXRAM_IRQHandler
 .text.KPP_IRQHandler
                0x6000d03c        0x8 ./startup/startup_mimxrt1062.o
                0x6000d03c                KPP_IRQHandler
 .text.TSC_DIG_IRQHandler
                0x6000d044        0x8 ./startup/startup_mimxrt1062.o
                0x6000d044                TSC_DIG_IRQHandler
 .text.GPR_IRQ_IRQHandler
                0x6000d04c        0x8 ./startup/startup_mimxrt1062.o
                0x6000d04c                GPR_IRQ_IRQHandler
 .text.LCDIF_IRQHandler
                0x6000d054        0x8 ./startup/startup_mimxrt1062.o
                0x6000d054                LCDIF_IRQHandler
 .text.CSI_IRQHandler
                0x6000d05c        0x8 ./startup/startup_mimxrt1062.o
                0x6000d05c                CSI_IRQHandler
 .text.PXP_IRQHandler
                0x6000d064        0x8 ./startup/startup_mimxrt1062.o
                0x6000d064                PXP_IRQHandler
 .text.WDOG2_IRQHandler
                0x6000d06c        0x8 ./startup/startup_mimxrt1062.o
                0x6000d06c                WDOG2_IRQHandler
 .text.SNVS_HP_WRAPPER_IRQHandler
                0x6000d074        0x8 ./startup/startup_mimxrt1062.o
                0x6000d074                SNVS_HP_WRAPPER_IRQHandler
 .text.SNVS_HP_WRAPPER_TZ_IRQHandler
                0x6000d07c        0x8 ./startup/startup_mimxrt1062.o
                0x6000d07c                SNVS_HP_WRAPPER_TZ_IRQHandler
 .text.SNVS_LP_WRAPPER_IRQHandler
                0x6000d084        0x8 ./startup/startup_mimxrt1062.o
                0x6000d084                SNVS_LP_WRAPPER_IRQHandler
 .text.CSU_IRQHandler
                0x6000d08c        0x8 ./startup/startup_mimxrt1062.o
                0x6000d08c                CSU_IRQHandler
 .text.DCP_IRQHandler
                0x6000d094        0x8 ./startup/startup_mimxrt1062.o
                0x6000d094                DCP_IRQHandler
 .text.DCP_VMI_IRQHandler
                0x6000d09c        0x8 ./startup/startup_mimxrt1062.o
                0x6000d09c                DCP_VMI_IRQHandler
 .text.Reserved68_IRQHandler
                0x6000d0a4        0x8 ./startup/startup_mimxrt1062.o
                0x6000d0a4                Reserved68_IRQHandler
 .text.TRNG_IRQHandler
                0x6000d0ac        0x8 ./startup/startup_mimxrt1062.o
                0x6000d0ac                TRNG_IRQHandler
 .text.SJC_IRQHandler
                0x6000d0b4        0x8 ./startup/startup_mimxrt1062.o
                0x6000d0b4                SJC_IRQHandler
 .text.BEE_IRQHandler
                0x6000d0bc        0x8 ./startup/startup_mimxrt1062.o
                0x6000d0bc                BEE_IRQHandler
 .text.SAI1_IRQHandler
                0x6000d0c4        0x8 ./startup/startup_mimxrt1062.o
                0x6000d0c4                SAI1_IRQHandler
 .text.SAI2_IRQHandler
                0x6000d0cc        0x8 ./startup/startup_mimxrt1062.o
                0x6000d0cc                SAI2_IRQHandler
 .text.SAI3_RX_IRQHandler
                0x6000d0d4        0x8 ./startup/startup_mimxrt1062.o
                0x6000d0d4                SAI3_RX_IRQHandler
 .text.SAI3_TX_IRQHandler
                0x6000d0dc        0x8 ./startup/startup_mimxrt1062.o
                0x6000d0dc                SAI3_TX_IRQHandler
 .text.SPDIF_IRQHandler
                0x6000d0e4        0x8 ./startup/startup_mimxrt1062.o
                0x6000d0e4                SPDIF_IRQHandler
 .text.PMU_EVENT_IRQHandler
                0x6000d0ec        0x8 ./startup/startup_mimxrt1062.o
                0x6000d0ec                PMU_EVENT_IRQHandler
 .text.Reserved78_IRQHandler
                0x6000d0f4        0x8 ./startup/startup_mimxrt1062.o
                0x6000d0f4                Reserved78_IRQHandler
 .text.TEMP_LOW_HIGH_IRQHandler
                0x6000d0fc        0x8 ./startup/startup_mimxrt1062.o
                0x6000d0fc                TEMP_LOW_HIGH_IRQHandler
 .text.TEMP_PANIC_IRQHandler
                0x6000d104        0x8 ./startup/startup_mimxrt1062.o
                0x6000d104                TEMP_PANIC_IRQHandler
 .text.USB_PHY1_IRQHandler
                0x6000d10c        0x8 ./startup/startup_mimxrt1062.o
                0x6000d10c                USB_PHY1_IRQHandler
 .text.USB_PHY2_IRQHandler
                0x6000d114        0x8 ./startup/startup_mimxrt1062.o
                0x6000d114                USB_PHY2_IRQHandler
 .text.ADC1_IRQHandler
                0x6000d11c        0x8 ./startup/startup_mimxrt1062.o
                0x6000d11c                ADC1_IRQHandler
 .text.ADC2_IRQHandler
                0x6000d124        0x8 ./startup/startup_mimxrt1062.o
                0x6000d124                ADC2_IRQHandler
 .text.DCDC_IRQHandler
                0x6000d12c        0x8 ./startup/startup_mimxrt1062.o
                0x6000d12c                DCDC_IRQHandler
 .text.Reserved86_IRQHandler
                0x6000d134        0x8 ./startup/startup_mimxrt1062.o
                0x6000d134                Reserved86_IRQHandler
 .text.Reserved87_IRQHandler
                0x6000d13c        0x8 ./startup/startup_mimxrt1062.o
                0x6000d13c                Reserved87_IRQHandler
 .text.GPIO1_INT0_IRQHandler
                0x6000d144        0x8 ./startup/startup_mimxrt1062.o
                0x6000d144                GPIO1_INT0_IRQHandler
 .text.GPIO1_INT1_IRQHandler
                0x6000d14c        0x8 ./startup/startup_mimxrt1062.o
                0x6000d14c                GPIO1_INT1_IRQHandler
 .text.GPIO1_INT2_IRQHandler
                0x6000d154        0x8 ./startup/startup_mimxrt1062.o
                0x6000d154                GPIO1_INT2_IRQHandler
 .text.GPIO1_INT3_IRQHandler
                0x6000d15c        0x8 ./startup/startup_mimxrt1062.o
                0x6000d15c                GPIO1_INT3_IRQHandler
 .text.GPIO1_INT4_IRQHandler
                0x6000d164        0x8 ./startup/startup_mimxrt1062.o
                0x6000d164                GPIO1_INT4_IRQHandler
 .text.GPIO1_INT5_IRQHandler
                0x6000d16c        0x8 ./startup/startup_mimxrt1062.o
                0x6000d16c                GPIO1_INT5_IRQHandler
 .text.GPIO1_INT6_IRQHandler
                0x6000d174        0x8 ./startup/startup_mimxrt1062.o
                0x6000d174                GPIO1_INT6_IRQHandler
 .text.GPIO1_INT7_IRQHandler
                0x6000d17c        0x8 ./startup/startup_mimxrt1062.o
                0x6000d17c                GPIO1_INT7_IRQHandler
 .text.GPIO1_Combined_0_15_IRQHandler
                0x6000d184        0x8 ./startup/startup_mimxrt1062.o
                0x6000d184                GPIO1_Combined_0_15_IRQHandler
 .text.GPIO1_Combined_16_31_IRQHandler
                0x6000d18c        0x8 ./startup/startup_mimxrt1062.o
                0x6000d18c                GPIO1_Combined_16_31_IRQHandler
 .text.GPIO2_Combined_0_15_IRQHandler
                0x6000d194        0x8 ./startup/startup_mimxrt1062.o
                0x6000d194                GPIO2_Combined_0_15_IRQHandler
 .text.GPIO2_Combined_16_31_IRQHandler
                0x6000d19c        0x8 ./startup/startup_mimxrt1062.o
                0x6000d19c                GPIO2_Combined_16_31_IRQHandler
 .text.GPIO3_Combined_0_15_IRQHandler
                0x6000d1a4        0x8 ./startup/startup_mimxrt1062.o
                0x6000d1a4                GPIO3_Combined_0_15_IRQHandler
 .text.GPIO3_Combined_16_31_IRQHandler
                0x6000d1ac        0x8 ./startup/startup_mimxrt1062.o
                0x6000d1ac                GPIO3_Combined_16_31_IRQHandler
 .text.GPIO4_Combined_0_15_IRQHandler
                0x6000d1b4        0x8 ./startup/startup_mimxrt1062.o
                0x6000d1b4                GPIO4_Combined_0_15_IRQHandler
 .text.GPIO4_Combined_16_31_IRQHandler
                0x6000d1bc        0x8 ./startup/startup_mimxrt1062.o
                0x6000d1bc                GPIO4_Combined_16_31_IRQHandler
 .text.GPIO5_Combined_16_31_IRQHandler
                0x6000d1c4        0x8 ./startup/startup_mimxrt1062.o
                0x6000d1c4                GPIO5_Combined_16_31_IRQHandler
 .text.FLEXIO1_IRQHandler
                0x6000d1cc        0x8 ./startup/startup_mimxrt1062.o
                0x6000d1cc                FLEXIO1_IRQHandler
 .text.FLEXIO2_IRQHandler
                0x6000d1d4        0x8 ./startup/startup_mimxrt1062.o
                0x6000d1d4                FLEXIO2_IRQHandler
 .text.WDOG1_IRQHandler
                0x6000d1dc        0x8 ./startup/startup_mimxrt1062.o
                0x6000d1dc                WDOG1_IRQHandler
 .text.RTWDOG_IRQHandler
                0x6000d1e4        0x8 ./startup/startup_mimxrt1062.o
                0x6000d1e4                RTWDOG_IRQHandler
 .text.EWM_IRQHandler
                0x6000d1ec        0x8 ./startup/startup_mimxrt1062.o
                0x6000d1ec                EWM_IRQHandler
 .text.CCM_1_IRQHandler
                0x6000d1f4        0x8 ./startup/startup_mimxrt1062.o
                0x6000d1f4                CCM_1_IRQHandler
 .text.CCM_2_IRQHandler
                0x6000d1fc        0x8 ./startup/startup_mimxrt1062.o
                0x6000d1fc                CCM_2_IRQHandler
 .text.GPC_IRQHandler
                0x6000d204        0x8 ./startup/startup_mimxrt1062.o
                0x6000d204                GPC_IRQHandler
 .text.SRC_IRQHandler
                0x6000d20c        0x8 ./startup/startup_mimxrt1062.o
                0x6000d20c                SRC_IRQHandler
 .text.Reserved115_IRQHandler
                0x6000d214        0x8 ./startup/startup_mimxrt1062.o
                0x6000d214                Reserved115_IRQHandler
 .text.GPT1_IRQHandler
                0x6000d21c        0x8 ./startup/startup_mimxrt1062.o
                0x6000d21c                GPT1_IRQHandler
 .text.GPT2_IRQHandler
                0x6000d224        0x8 ./startup/startup_mimxrt1062.o
                0x6000d224                GPT2_IRQHandler
 .text.PWM1_0_IRQHandler
                0x6000d22c        0x8 ./startup/startup_mimxrt1062.o
                0x6000d22c                PWM1_0_IRQHandler
 .text.PWM1_1_IRQHandler
                0x6000d234        0x8 ./startup/startup_mimxrt1062.o
                0x6000d234                PWM1_1_IRQHandler
 .text.PWM1_2_IRQHandler
                0x6000d23c        0x8 ./startup/startup_mimxrt1062.o
                0x6000d23c                PWM1_2_IRQHandler
 .text.PWM1_3_IRQHandler
                0x6000d244        0x8 ./startup/startup_mimxrt1062.o
                0x6000d244                PWM1_3_IRQHandler
 .text.PWM1_FAULT_IRQHandler
                0x6000d24c        0x8 ./startup/startup_mimxrt1062.o
                0x6000d24c                PWM1_FAULT_IRQHandler
 .text.FLEXSPI2_IRQHandler
                0x6000d254        0x8 ./startup/startup_mimxrt1062.o
                0x6000d254                FLEXSPI2_IRQHandler
 .text.FLEXSPI_IRQHandler
                0x6000d25c        0x8 ./startup/startup_mimxrt1062.o
                0x6000d25c                FLEXSPI_IRQHandler
 .text.SEMC_IRQHandler
                0x6000d264        0x8 ./startup/startup_mimxrt1062.o
                0x6000d264                SEMC_IRQHandler
 .text.USDHC1_IRQHandler
                0x6000d26c        0x8 ./startup/startup_mimxrt1062.o
                0x6000d26c                USDHC1_IRQHandler
 .text.USDHC2_IRQHandler
                0x6000d274        0x8 ./startup/startup_mimxrt1062.o
                0x6000d274                USDHC2_IRQHandler
 .text.USB_OTG2_IRQHandler
                0x6000d27c        0x8 ./startup/startup_mimxrt1062.o
                0x6000d27c                USB_OTG2_IRQHandler
 .text.USB_OTG1_IRQHandler
                0x6000d284        0x8 ./startup/startup_mimxrt1062.o
                0x6000d284                USB_OTG1_IRQHandler
 .text.ENET_IRQHandler
                0x6000d28c        0x8 ./startup/startup_mimxrt1062.o
                0x6000d28c                ENET_IRQHandler
 .text.ENET_1588_Timer_IRQHandler
                0x6000d294        0x8 ./startup/startup_mimxrt1062.o
                0x6000d294                ENET_1588_Timer_IRQHandler
 .text.XBAR1_IRQ_0_1_IRQHandler
                0x6000d29c        0x8 ./startup/startup_mimxrt1062.o
                0x6000d29c                XBAR1_IRQ_0_1_IRQHandler
 .text.XBAR1_IRQ_2_3_IRQHandler
                0x6000d2a4        0x8 ./startup/startup_mimxrt1062.o
                0x6000d2a4                XBAR1_IRQ_2_3_IRQHandler
 .text.ADC_ETC_IRQ1_IRQHandler
                0x6000d2ac        0x8 ./startup/startup_mimxrt1062.o
                0x6000d2ac                ADC_ETC_IRQ1_IRQHandler
 .text.ADC_ETC_IRQ2_IRQHandler
                0x6000d2b4        0x8 ./startup/startup_mimxrt1062.o
                0x6000d2b4                ADC_ETC_IRQ2_IRQHandler
 .text.ADC_ETC_ERROR_IRQ_IRQHandler
                0x6000d2bc        0x8 ./startup/startup_mimxrt1062.o
                0x6000d2bc                ADC_ETC_ERROR_IRQ_IRQHandler
 .text.PIT_IRQHandler
                0x6000d2c4        0x8 ./startup/startup_mimxrt1062.o
                0x6000d2c4                PIT_IRQHandler
 .text.ACMP1_IRQHandler
                0x6000d2cc        0x8 ./startup/startup_mimxrt1062.o
                0x6000d2cc                ACMP1_IRQHandler
 .text.ACMP2_IRQHandler
                0x6000d2d4        0x8 ./startup/startup_mimxrt1062.o
                0x6000d2d4                ACMP2_IRQHandler
 .text.ACMP3_IRQHandler
                0x6000d2dc        0x8 ./startup/startup_mimxrt1062.o
                0x6000d2dc                ACMP3_IRQHandler
 .text.ACMP4_IRQHandler
                0x6000d2e4        0x8 ./startup/startup_mimxrt1062.o
                0x6000d2e4                ACMP4_IRQHandler
 .text.Reserved143_IRQHandler
                0x6000d2ec        0x8 ./startup/startup_mimxrt1062.o
                0x6000d2ec                Reserved143_IRQHandler
 .text.Reserved144_IRQHandler
                0x6000d2f4        0x8 ./startup/startup_mimxrt1062.o
                0x6000d2f4                Reserved144_IRQHandler
 .text.ENC1_IRQHandler
                0x6000d2fc        0x8 ./startup/startup_mimxrt1062.o
                0x6000d2fc                ENC1_IRQHandler
 .text.ENC2_IRQHandler
                0x6000d304        0x8 ./startup/startup_mimxrt1062.o
                0x6000d304                ENC2_IRQHandler
 .text.ENC3_IRQHandler
                0x6000d30c        0x8 ./startup/startup_mimxrt1062.o
                0x6000d30c                ENC3_IRQHandler
 .text.ENC4_IRQHandler
                0x6000d314        0x8 ./startup/startup_mimxrt1062.o
                0x6000d314                ENC4_IRQHandler
 .text.TMR1_IRQHandler
                0x6000d31c        0x8 ./startup/startup_mimxrt1062.o
                0x6000d31c                TMR1_IRQHandler
 .text.TMR2_IRQHandler
                0x6000d324        0x8 ./startup/startup_mimxrt1062.o
                0x6000d324                TMR2_IRQHandler
 .text.TMR3_IRQHandler
                0x6000d32c        0x8 ./startup/startup_mimxrt1062.o
                0x6000d32c                TMR3_IRQHandler
 .text.TMR4_IRQHandler
                0x6000d334        0x8 ./startup/startup_mimxrt1062.o
                0x6000d334                TMR4_IRQHandler
 .text.PWM2_0_IRQHandler
                0x6000d33c        0x8 ./startup/startup_mimxrt1062.o
                0x6000d33c                PWM2_0_IRQHandler
 .text.PWM2_1_IRQHandler
                0x6000d344        0x8 ./startup/startup_mimxrt1062.o
                0x6000d344                PWM2_1_IRQHandler
 .text.PWM2_2_IRQHandler
                0x6000d34c        0x8 ./startup/startup_mimxrt1062.o
                0x6000d34c                PWM2_2_IRQHandler
 .text.PWM2_3_IRQHandler
                0x6000d354        0x8 ./startup/startup_mimxrt1062.o
                0x6000d354                PWM2_3_IRQHandler
 .text.PWM2_FAULT_IRQHandler
                0x6000d35c        0x8 ./startup/startup_mimxrt1062.o
                0x6000d35c                PWM2_FAULT_IRQHandler
 .text.PWM3_0_IRQHandler
                0x6000d364        0x8 ./startup/startup_mimxrt1062.o
                0x6000d364                PWM3_0_IRQHandler
 .text.PWM3_1_IRQHandler
                0x6000d36c        0x8 ./startup/startup_mimxrt1062.o
                0x6000d36c                PWM3_1_IRQHandler
 .text.PWM3_2_IRQHandler
                0x6000d374        0x8 ./startup/startup_mimxrt1062.o
                0x6000d374                PWM3_2_IRQHandler
 .text.PWM3_3_IRQHandler
                0x6000d37c        0x8 ./startup/startup_mimxrt1062.o
                0x6000d37c                PWM3_3_IRQHandler
 .text.PWM3_FAULT_IRQHandler
                0x6000d384        0x8 ./startup/startup_mimxrt1062.o
                0x6000d384                PWM3_FAULT_IRQHandler
 .text.PWM4_0_IRQHandler
                0x6000d38c        0x8 ./startup/startup_mimxrt1062.o
                0x6000d38c                PWM4_0_IRQHandler
 .text.PWM4_1_IRQHandler
                0x6000d394        0x8 ./startup/startup_mimxrt1062.o
                0x6000d394                PWM4_1_IRQHandler
 .text.PWM4_2_IRQHandler
                0x6000d39c        0x8 ./startup/startup_mimxrt1062.o
                0x6000d39c                PWM4_2_IRQHandler
 .text.PWM4_3_IRQHandler
                0x6000d3a4        0x8 ./startup/startup_mimxrt1062.o
                0x6000d3a4                PWM4_3_IRQHandler
 .text.PWM4_FAULT_IRQHandler
                0x6000d3ac        0x8 ./startup/startup_mimxrt1062.o
                0x6000d3ac                PWM4_FAULT_IRQHandler
 .text.ENET2_IRQHandler
                0x6000d3b4        0x8 ./startup/startup_mimxrt1062.o
                0x6000d3b4                ENET2_IRQHandler
 .text.ENET2_1588_Timer_IRQHandler
                0x6000d3bc        0x8 ./startup/startup_mimxrt1062.o
                0x6000d3bc                ENET2_1588_Timer_IRQHandler
 .text.CAN3_IRQHandler
                0x6000d3c4        0x8 ./startup/startup_mimxrt1062.o
                0x6000d3c4                CAN3_IRQHandler
 .text.Reserved171_IRQHandler
                0x6000d3cc        0x8 ./startup/startup_mimxrt1062.o
                0x6000d3cc                Reserved171_IRQHandler
 .text.FLEXIO3_IRQHandler
                0x6000d3d4        0x8 ./startup/startup_mimxrt1062.o
                0x6000d3d4                FLEXIO3_IRQHandler
 .text.GPIO6_7_8_9_IRQHandler
                0x6000d3dc        0x8 ./startup/startup_mimxrt1062.o
                0x6000d3dc                GPIO6_7_8_9_IRQHandler
 .text.EnableIRQ
                0x6000d3e4       0x32 ./source/ADCbib.o
 .text.ADC_EnableHardwareTrigger
                0x6000d416       0x38 ./source/ADCbib.o
 .text.Difusificar
                0x6000d44e      0x2d2 ./source/ControlInteligente.o
                0x6000d44e                Difusificar
 .text.Antecedentes_3x3
                0x6000d720      0x124 ./source/ControlInteligente.o
                0x6000d720                Antecedentes_3x3
 .text.Antecedentes_3x3x3
                0x6000d844      0x18c ./source/ControlInteligente.o
                0x6000d844                Antecedentes_3x3x3
 .text.ANFIS_3x3
                0x6000d9d0       0x94 ./source/ControlInteligente.o
                0x6000d9d0                ANFIS_3x3
 .text.ANFIS_3x3x3
                0x6000da64       0xc0 ./source/ControlInteligente.o
                0x6000da64                ANFIS_3x3x3
 .text.AcondicionaSalida
                0x6000db24       0x9e ./source/ControlInteligente.o
                0x6000db24                AcondicionaSalida
 .text.EnableIRQ
                0x6000dbc2       0x32 ./source/FreeMasterbib.o
 .text.LPUART1_IRQHandler
                0x6000dbf4        0xc ./source/FreeMasterbib.o
                0x6000dbf4                LPUART1_IRQHandler
 .text.FMSTR_TsaGetTable
                0x6000dc00       0x3c ./source/FreeMasterbib.o
                0x6000dc00                FMSTR_TsaGetTable
 .text.EnableIRQ
                0x6000dc3c       0x32 ./source/GPIObib.o
 .text.GPIO_PortToggle
                0x6000dc6e       0x1e ./source/GPIObib.o
 .text.GPIO_PortEnableInterrupts
                0x6000dc8c       0x22 ./source/GPIObib.o
 .text.GPIO_PortClearInterruptFlags
                0x6000dcae       0x1c ./source/GPIObib.o
 .text.ParpadeoLED
                0x6000dcca       0x24 ./source/Principal.o
 .text.ComFreeMaster
                0x6000dcee       0x28 ./source/Principal.o
 .text.HardFault_Handler
                0x6000dd16       0x2c ./source/semihost_hardfault.o
                0x6000dd16                HardFault_Handler
 .text.vListInitialise
                0x6000dd42       0x40 ./freertos/freertos_kernel/list.o
                0x6000dd42                vListInitialise
 .text.vListInitialiseItem
                0x6000dd82       0x1a ./freertos/freertos_kernel/list.o
                0x6000dd82                vListInitialiseItem
 .text.vListInsertEnd
                0x6000dd9c       0x48 ./freertos/freertos_kernel/list.o
                0x6000dd9c                vListInsertEnd
 .text.vListInsert
                0x6000dde4       0x72 ./freertos/freertos_kernel/list.o
                0x6000dde4                vListInsert
 .text.uxListRemove
                0x6000de56       0x54 ./freertos/freertos_kernel/list.o
                0x6000de56                uxListRemove
 .text.xQueueGenericCreate
                0x6000deaa       0x6c ./freertos/freertos_kernel/queue.o
                0x6000deaa                xQueueGenericCreate
 .text.prvInitialiseNewQueue
                0x6000df16       0x46 ./freertos/freertos_kernel/queue.o
 .text.xQueueGenericSendFromISR
                0x6000df5c      0x136 ./freertos/freertos_kernel/queue.o
                0x6000df5c                xQueueGenericSendFromISR
 .text.xQueueGiveFromISR
                0x6000e092      0x11a ./freertos/freertos_kernel/queue.o
                0x6000e092                xQueueGiveFromISR
 .text.prvGetDisinheritPriorityAfterTimeout
                0x6000e1ac       0x30 ./freertos/freertos_kernel/queue.o
 .text.prvCopyDataToQueue
                0x6000e1dc       0xd4 ./freertos/freertos_kernel/queue.o
 .text.prvCopyDataFromQueue
                0x6000e2b0       0x4c ./freertos/freertos_kernel/queue.o
 .text.prvUnlockQueue
                0x6000e2fc       0xa4 ./freertos/freertos_kernel/queue.o
 .text.prvIsQueueEmpty
                0x6000e3a0       0x2c ./freertos/freertos_kernel/queue.o
 .text.prvIsQueueFull
                0x6000e3cc       0x30 ./freertos/freertos_kernel/queue.o
 .text.vQueueWaitForMessageRestricted
                0x6000e3fc       0x68 ./freertos/freertos_kernel/queue.o
                0x6000e3fc                vQueueWaitForMessageRestricted
 .text.xTaskCreate
                0x6000e464       0x82 ./freertos/freertos_kernel/tasks.o
                0x6000e464                xTaskCreate
 .text.prvInitialiseNewTask
                0x6000e4e6      0x13c ./freertos/freertos_kernel/tasks.o
 .text.prvDeleteTCB
                0x6000e622       0x20 ./freertos/freertos_kernel/tasks.o
 .text.prvTimerTask
                0x6000e642       0x24 ./freertos/freertos_kernel/timers.o
 .text._FMSTR_PipeGetBytesFree
                0x6000e666       0x58 ./freemaster/freemaster_pipes.o
 .text._FMSTR_PipeGetBytesReady
                0x6000e6be       0x5a ./freemaster/freemaster_pipes.o
 .text._FMSTR_PipeDiscardBytes
                0x6000e718       0x6a ./freemaster/freemaster_pipes.o
 .text._FMSTR_PipeReceive
                0x6000e782       0xc2 ./freemaster/freemaster_pipes.o
 .text._FMSTR_PipeTransmit
                0x6000e844       0x92 ./freemaster/freemaster_pipes.o
 .text._FMSTR_ReadMem
                0x6000e8d6       0x72 ./freemaster/freemaster_protocol.o
                0x6000e8d6                _FMSTR_ReadMem
 .text._FMSTR_ReadMemBaseAddress
                0x6000e948       0x7a ./freemaster/freemaster_protocol.o
                0x6000e948                _FMSTR_ReadMemBaseAddress
 .text._FMSTR_WriteMem
                0x6000e9c2       0x88 ./freemaster/freemaster_protocol.o
                0x6000e9c2                _FMSTR_WriteMem
 .text.FMSTR_ADDR_VALID_Func
                0x6000ea4a       0x20 ./freemaster/freemaster_rec.o
 .text.FMSTR_CAST_PTR_TO_ADDR_Func
                0x6000ea6a       0x16 ./freemaster/freemaster_rec.o
 .text._FMSTR_SetRecCmd_CFGMEM
                0x6000ea80       0x96 ./freemaster/freemaster_rec.o
 .text._FMSTR_SetRecCmd_CFGVAR
                0x6000eb16      0x128 ./freemaster/freemaster_rec.o
 .text._FMSTR_RecIsValidVarSize
                0x6000ec3e       0x32 ./freemaster/freemaster_rec.o
 .text._FMSTR_CalcRecStatus
                0x6000ec70       0x56 ./freemaster/freemaster_rec.o
 .text.FMSTR_GetRecCmd
                0x6000ecc6      0x1f4 ./freemaster/freemaster_rec.o
                0x6000ecc6                FMSTR_GetRecCmd
 .text._FMSTR_StartRec
                0x6000eeba       0x8c ./freemaster/freemaster_rec.o
 .text._FMSTR_TriggerRec
                0x6000ef46       0x5a ./freemaster/freemaster_rec.o
 .text._FMSTR_AbortRec
                0x6000efa0       0x52 ./freemaster/freemaster_rec.o
 .text.FMSTR_IsInRecBuffer
                0x6000eff2       0x56 ./freemaster/freemaster_rec.o
                0x6000eff2                FMSTR_IsInRecBuffer
 .text._FMSTR_CheckConfiguration
                0x6000f048      0x14a ./freemaster/freemaster_rec.o
 .text._FMSTR_Compare8S
                0x6000f192       0x2e ./freemaster/freemaster_rec.o
 .text._FMSTR_Compare8U
                0x6000f1c0       0x2a ./freemaster/freemaster_rec.o
 .text._FMSTR_Compare16S
                0x6000f1ea       0x2e ./freemaster/freemaster_rec.o
 .text._FMSTR_Compare16U
                0x6000f218       0x2a ./freemaster/freemaster_rec.o
 .text._FMSTR_Compare32S
                0x6000f242       0x2a ./freemaster/freemaster_rec.o
 .text._FMSTR_Compare32U
                0x6000f26c       0x2a ./freemaster/freemaster_rec.o
 .text._FMSTR_Compare64S
                0x6000f296       0x32 ./freemaster/freemaster_rec.o
 .text._FMSTR_Compare64U
                0x6000f2c8       0x32 ./freemaster/freemaster_rec.o
 .text._FMSTR_CompareFloat
                0x6000f2fa       0x3a ./freemaster/freemaster_rec.o
 .text._FMSTR_CompareDouble
                0x6000f334       0x38 ./freemaster/freemaster_rec.o
 .text.FMSTR_Recorder
                0x6000f36c       0x34 ./freemaster/freemaster_rec.o
                0x6000f36c                FMSTR_Recorder
 .text._FMSTR_Recorder2
                0x6000f3a0      0x172 ./freemaster/freemaster_rec.o
 .text._FMSTR_SetScope_CFGMEM
                0x6000f512       0x34 ./freemaster/freemaster_scope.o
 .text._FMSTR_SetScope_CFGVAR
                0x6000f546       0xae ./freemaster/freemaster_scope.o
 .text.LPUART_EnableTx
                0x6000f5f4       0x38 ./freemaster/freemaster_serial_lpuart.o
 .text.LPUART_EnableRx
                0x6000f62c       0x38 ./freemaster/freemaster_serial_lpuart.o
 .text.LPUART_WriteByte
                0x6000f664       0x1e ./freemaster/freemaster_serial_lpuart.o
 .text.LPUART_ReadByte
                0x6000f682       0x6e ./freemaster/freemaster_serial_lpuart.o
 .text._FMSTR_SerialLpuartFlush
                0x6000f6f0        0xe ./freemaster/freemaster_serial_lpuart.o
 .text.FMSTR_SerialIsr
                0x6000f6fe        0xc ./freemaster/freemaster_serial_lpuart.o
                0x6000f6fe                FMSTR_SerialIsr
 .text.FMSTR_CAST_PTR_TO_ADDR_Func
                0x6000f70a       0x16 ./freemaster/freemaster_tsa.o
 .text.FMSTR_CAST_ADDR_TO_PTR_Func
                0x6000f720       0x16 ./freemaster/freemaster_tsa.o
 .text.FMSTR_CheckMemSpace
                0x6000f736       0x40 ./freemaster/freemaster_tsa.o
 .text.FMSTR_CheckTsaSpace
                0x6000f776      0x164 ./freemaster/freemaster_tsa.o
                0x6000f776                FMSTR_CheckTsaSpace
 .text.FMSTR_FindUresInTsa
                0x6000f8da       0x5a ./freemaster/freemaster_tsa.o
                0x6000f8da                FMSTR_FindUresInTsa
 .text._FMSTR_CopySrcAligned_U32
                0x6000f934       0x62 ./freemaster/freemaster_utils.o
 .text._FMSTR_CopyDstAligned_U32
                0x6000f996       0x62 ./freemaster/freemaster_utils.o
 .text._FMSTR_CopyMaskedDstAligned_U32
                0x6000f9f8       0x4a ./freemaster/freemaster_utils.o
 .text._FMSTR_CopySrcAligned_U16
                0x6000fa42       0x42 ./freemaster/freemaster_utils.o
 .text._FMSTR_CopyDstAligned_U16
                0x6000fa84       0x42 ./freemaster/freemaster_utils.o
 .text._FMSTR_CopyMaskedDstAligned_U16
                0x6000fac6       0x58 ./freemaster/freemaster_utils.o
 .text.FMSTR_MemCpyFrom
                0x6000fb1e       0x82 ./freemaster/freemaster_utils.o
                0x6000fb1e                FMSTR_MemCpyFrom
 .text.FMSTR_MemCpyTo
                0x6000fba0       0x82 ./freemaster/freemaster_utils.o
                0x6000fba0                FMSTR_MemCpyTo
 .text.FMSTR_MemCpyToMasked
                0x6000fc22       0xc0 ./freemaster/freemaster_utils.o
                0x6000fc22                FMSTR_MemCpyToMasked
 .text.FMSTR_CopyToBuffer
                0x6000fce2       0x24 ./freemaster/freemaster_utils.o
                0x6000fce2                FMSTR_CopyToBuffer
 .text.FMSTR_CopyFromBuffer
                0x6000fd06       0x24 ./freemaster/freemaster_utils.o
                0x6000fd06                FMSTR_CopyFromBuffer
 .text.FMSTR_CopyFromBufferWithMask
                0x6000fd2a       0x24 ./freemaster/freemaster_utils.o
                0x6000fd2a                FMSTR_CopyFromBufferWithMask
 .text.FMSTR_AddressToBuffer
                0x6000fd4e       0x20 ./freemaster/freemaster_utils.o
                0x6000fd4e                FMSTR_AddressToBuffer
 .text.FMSTR_AddressFromBuffer
                0x6000fd6e       0x1e ./freemaster/freemaster_utils.o
                0x6000fd6e                FMSTR_AddressFromBuffer
 .text.FMSTR_SizeToBuffer
                0x6000fd8c       0x20 ./freemaster/freemaster_utils.o
                0x6000fd8c                FMSTR_SizeToBuffer
 .text.FMSTR_SizeFromBuffer
                0x6000fdac       0x1e ./freemaster/freemaster_utils.o
                0x6000fdac                FMSTR_SizeFromBuffer
 .text.FMSTR_IndexFromBuffer
                0x6000fdca       0x1e ./freemaster/freemaster_utils.o
                0x6000fdca                FMSTR_IndexFromBuffer
 .text.FMSTR_ULebToBuffer
                0x6000fde8       0x20 ./freemaster/freemaster_utils.o
                0x6000fde8                FMSTR_ULebToBuffer
 .text.FMSTR_LebDecode
                0x6000fe08       0xfc ./freemaster/freemaster_utils.o
 .text.FMSTR_UlebDecode
                0x6000ff04       0x22 ./freemaster/freemaster_utils.o
                0x6000ff04                FMSTR_UlebDecode
 .text.FMSTR_SlebDecode
                0x6000ff26       0x22 ./freemaster/freemaster_utils.o
                0x6000ff26                FMSTR_SlebDecode
 .text.FMSTR_UlebEncode
                0x6000ff48      0x128 ./freemaster/freemaster_utils.o
                0x6000ff48                FMSTR_UlebEncode
 .text.FMSTR_StringFromBuffer
                0x60010070       0x52 ./freemaster/freemaster_utils.o
                0x60010070                FMSTR_StringFromBuffer
 .text.FMSTR_StringCopyToBuffer
                0x600100c2       0x40 ./freemaster/freemaster_utils.o
                0x600100c2                FMSTR_StringCopyToBuffer
 .text.FMSTR_Crc8Init
                0x60010102       0x1a ./freemaster/freemaster_utils.o
                0x60010102                FMSTR_Crc8Init
 .text.FMSTR_Crc8AddByte
                0x6001011c       0x64 ./freemaster/freemaster_utils.o
                0x6001011c                FMSTR_Crc8AddByte
 .text._FMSTR_Compare
                0x60010180       0x38 ./freemaster/freemaster_utils.o
 .text._FMSTR_StrLen
                0x600101b8       0x32 ./freemaster/freemaster_utils.o
                0x600101b8                _FMSTR_StrLen
 .text._FMSTR_MemSet
                0x600101ea       0x36 ./freemaster/freemaster_utils.o
                0x600101ea                _FMSTR_MemSet
 .text.CLOCK_EnableClock
                0x60010220       0x1e ./drivers/fsl_adc.o
 .text.ADC_EnableHardwareTrigger
                0x6001023e       0x38 ./drivers/fsl_adc.o
 .text.ADC_GetStatusFlags
                0x60010276       0x18 ./drivers/fsl_adc.o
 .text.ADC_DoAutoCalibration
                0x6001028e       0xa4 ./drivers/fsl_adc.o
                0x6001028e                ADC_DoAutoCalibration
 .text.ADC_SetHardwareAverageConfig
                0x60010332       0x54 ./drivers/fsl_adc.o
                0x60010332                ADC_SetHardwareAverageConfig
 .text.ADC_ETC_DoSoftwareReset
                0x60010386       0x38 ./drivers/fsl_adc_etc.o
 .text.ADC_ETC_GetDefaultConfig
                0x600103be       0x4a ./drivers/fsl_adc_etc.o
                0x600103be                ADC_ETC_GetDefaultConfig
 .text.ADC_ETC_ClearInterruptStatusFlags
                0x60010408       0x6e ./drivers/fsl_adc_etc.o
                0x60010408                ADC_ETC_ClearInterruptStatusFlags
 .text.CLOCK_GetRtcFreq
                0x60010476       0x12 ./drivers/fsl_clock.o
 .text.CLOCK_IsPllBypassed
                0x60010488       0x32 ./drivers/fsl_clock.o
 .text.CLOCK_IsPllEnabled
                0x600104ba       0x3c ./drivers/fsl_clock.o
 .text.CLOCK_GetPllBypassRefClk
                0x600104f6       0x34 ./drivers/fsl_clock.o
 .text.FLEXIO1_DriverIRQHandler
                0x6001052a        0xc ./drivers/fsl_flexio.o
                0x6001052a                FLEXIO1_DriverIRQHandler
 .text.FLEXIO2_DriverIRQHandler
                0x60010536        0xc ./drivers/fsl_flexio.o
                0x60010536                FLEXIO2_DriverIRQHandler
 .text.FLEXIO3_DriverIRQHandler
                0x60010542        0xc ./drivers/fsl_flexio.o
                0x60010542                FLEXIO3_DriverIRQHandler
 .text.CLOCK_EnableClock
                0x6001054e       0x1e ./drivers/fsl_gpio.o
 .text.GPIO_SetPinInterruptConfig
                0x6001056c       0x22 ./drivers/fsl_gpio.o
 .text.CLOCK_EnableClock
                0x6001058e       0x1e ./drivers/fsl_lpuart.o
 .text.LPUART_SoftwareReset
                0x600105ac       0x2c ./drivers/fsl_lpuart.o
 .text.LPUART_EnableInterrupts
                0x600105d8       0x52 ./drivers/fsl_lpuart.o
                0x600105d8                LPUART_EnableInterrupts
 .text.LPUART_DisableInterrupts
                0x6001062a       0x58 ./drivers/fsl_lpuart.o
                0x6001062a                LPUART_DisableInterrupts
 .text.LPUART_GetStatusFlags
                0x60010682       0x2c ./drivers/fsl_lpuart.o
                0x60010682                LPUART_GetStatusFlags
 .text.CLOCK_EnableClock
                0x600106ae       0x1e ./drivers/fsl_pwm.o
 .text.CLOCK_EnableClock
                0x600106cc       0x1e ./drivers/fsl_xbara.o
 .text.XBARA_Init