fsl_lpuart.h:614:20:LPUART_EnableTx	16	static
fsl_lpuart.h:634:20:LPUART_EnableRx	16	static
fsl_lpuart.h:655:20:LPUART_WriteByte	16	static
fsl_lpuart.h:669:23:LPUART_ReadByte	32	static
freemaster_serial_lpuart.c:98:19:_FMSTR_SerialLpuartInit	4	static
freemaster_serial_lpuart.c:122:13:_FMSTR_SerialLpuartEnableTransmit	16	static
freemaster_serial_lpuart.c:147:13:_FMSTR_SerialLpuartEnableReceive	16	static
freemaster_serial_lpuart.c:165:13:_FMSTR_SerialLpuartEnableTransmitInterrupt	16	static
freemaster_serial_lpuart.c:183:13:_FMSTR_SerialLpuartEnableTransmitCompleteInterrupt	16	static
freemaster_serial_lpuart.c:201:13:_FMSTR_SerialLpuartEnableReceiveInterrupt	16	static
freemaster_serial_lpuart.c:219:19:_FMSTR_SerialLpuartIsTransmitRegEmpty	16	static
freemaster_serial_lpuart.c:232:19:_FMSTR_SerialLpuartIsReceiveRegFull	16	static
freemaster_serial_lpuart.c:245:19:_FMSTR_SerialLpuartIsTransmitterActive	16	static
freemaster_serial_lpuart.c:258:13:_FMSTR_SerialLpuartPutChar	16	static
freemaster_serial_lpuart.c:268:19:_FMSTR_SerialLpuartGetChar	8	static
freemaster_serial_lpuart.c:278:13:_FMSTR_SerialLpuartFlush	4	static
freemaster_serial_lpuart.c:287:6:FMSTR_SerialSetBaseAddress	16	static
freemaster_serial_lpuart.c:305:6:FMSTR_SerialIsr	8	static
