freemaster_private.h:73:25:FMSTR_CAST_PTR_TO_ADDR_Func	16	static
freemaster_utils.c:94:19:_FMSTR_CopySrcAligned_U32	24	static
freemaster_utils.c:111:19:_FMSTR_CopyDstAligned_U32	24	static
freemaster_utils.c:128:19:_FMSTR_CopyMaskedDstAligned_U32	40	static
freemaster_utils.c:146:19:_FMSTR_CopySrcAligned_U16	24	static
freemaster_utils.c:161:19:_FMSTR_CopyDstAligned_U16	24	static
freemaster_utils.c:176:19:_FMSTR_CopyMaskedDstAligned_U16	32	static
freemaster_utils.c:194:13:_FMSTR_MemCpyDstAligned	40	static
freemaster_utils.c:261:13:_FMSTR_MemCpySrcAligned	40	static
freemaster_utils.c:328:13:_FMSTR_MemCpyMaskedDstAligned	48	static
freemaster_utils.c:412:6:_FMSTR_MemCpy	32	static
freemaster_utils.c:427:17:FMSTR_MemCpyFrom	40	static
freemaster_utils.c:480:17:FMSTR_MemCpyTo	40	static
freemaster_utils.c:533:17:FMSTR_MemCpyToMasked	48	static
freemaster_utils.c:596:23:FMSTR_CopyToBuffer	24	static
freemaster_utils.c:614:23:FMSTR_CopyFromBuffer	24	static
freemaster_utils.c:632:17:FMSTR_CopyFromBufferWithMask	24	static
freemaster_utils.c:643:23:FMSTR_AddressToBuffer	16	static
freemaster_utils.c:654:23:FMSTR_AddressFromBuffer	16	static
freemaster_utils.c:665:23:FMSTR_SizeToBuffer	16	static
freemaster_utils.c:676:23:FMSTR_SizeFromBuffer	16	static
freemaster_utils.c:687:23:FMSTR_IndexFromBuffer	16	static
freemaster_utils.c:698:12:FMSTR_ULebToBuffer	16	static
freemaster_utils.c:709:12:FMSTR_ULebFromBuffer	16	static
freemaster_utils.c:721:23:FMSTR_GetAlignmentCorrection	24	static
freemaster_utils.c:748:19:FMSTR_LebDecode	40	static
freemaster_utils.c:810:12:FMSTR_UlebDecode	24	static
freemaster_utils.c:815:12:FMSTR_SlebDecode	24	static
freemaster_utils.c:826:12:FMSTR_UlebEncode	48	static
freemaster_utils.c:932:12:FMSTR_SkipInBufferLeb	24	static
freemaster_utils.c:949:12:FMSTR_StringFromBuffer	32	static
freemaster_utils.c:973:12:FMSTR_StringCopyToBuffer	16	static
freemaster_utils.c:990:6:FMSTR_Crc16Init	16	static
freemaster_utils.c:1001:6:FMSTR_Crc16AddByte	24	static
freemaster_utils.c:1025:6:FMSTR_Crc8Init	16	static
freemaster_utils.c:1036:6:FMSTR_Crc8AddByte	24	static
freemaster_utils.c:1060:12:FMSTR_RandomNumbersToBuffer	24	static
freemaster_utils.c:1108:6:FMSTR_Randomize	16	static
freemaster_utils.c:1134:6:_FMSTR_RingBuffCreate	24	static
freemaster_utils.c:1153:6:_FMSTR_RingBuffPut	24	static
freemaster_utils.c:1181:12:_FMSTR_RingBuffGet	24	static
freemaster_utils.c:1210:12:_FMSTR_RingBuffIsSpace	24	static
freemaster_utils.c:1233:12:_FMSTR_RingBuffHasData	16	static
freemaster_utils.c:1252:26:_FMSTR_Compare	16	static
freemaster_utils.c:1271:13:_FMSTR_StrCmp	32	static
freemaster_utils.c:1301:13:_FMSTR_MemCmp	40	static
freemaster_utils.c:1330:12:_FMSTR_StrLen	24	static
freemaster_utils.c:1343:6:_FMSTR_MemSet	32	static
freemaster_utils.c:1352:11:_FMSTR_Rand	8	static
