freemaster_private.h:63:25:FMSTR_ADDR_VALID_Func	16	static
freemaster_private.h:73:25:FMSTR_CAST_PTR_TO_ADDR_Func	16	static
freemaster_rec.c:204:12:FMSTR_InitRec	32	static
freemaster_rec.c:240:12:FMSTR_RecorderCreate	32	static
freemaster_rec.c:304:12:FMSTR_RecorderSetTimeBase	24	static
freemaster_rec.c:326:12:FMSTR_RecorderConfigure	24	static
freemaster_rec.c:352:17:_FMSTR_RecMemCfg	48	static
freemaster_rec.c:406:19:_FMSTR_SetRecCmd_CFGMEM	48	static
freemaster_rec.c:443:12:FMSTR_RecorderAddVariable	32	static
freemaster_rec.c:467:17:_FMSTR_RecVarCfg	40	static
freemaster_rec.c:575:19:_FMSTR_SetRecCmd_CFGVAR	48	static
freemaster_rec.c:662:19:_FMSTR_RecIsValidVarSize	16	static
freemaster_rec.c:680:12:FMSTR_SetRecCmd	48	static
freemaster_rec.c:757:17:_FMSTR_CalcRecStatus	16	static
freemaster_rec.c:799:12:FMSTR_GetRecCmd	64	static
freemaster_rec.c:939:12:FMSTR_RecorderStart	24	static
freemaster_rec.c:960:12:FMSTR_RecorderTrigger	24	static
freemaster_rec.c:981:12:FMSTR_RecorderAbort	24	static
freemaster_rec.c:1006:17:_FMSTR_StartRec	24	static
freemaster_rec.c:1052:17:_FMSTR_TriggerRec	16	static
freemaster_rec.c:1079:17:_FMSTR_AbortRec	16	static
freemaster_rec.c:1110:12:FMSTR_IsInRecBuffer	24	static
freemaster_rec.c:1142:17:_FMSTR_CheckConfiguration	40	static
freemaster_rec.c:1248:19:_FMSTR_Compare8S	16	static
freemaster_rec.c:1253:19:_FMSTR_Compare8U	16	static
freemaster_rec.c:1258:19:_FMSTR_Compare16S	16	static
freemaster_rec.c:1263:19:_FMSTR_Compare16U	16	static
freemaster_rec.c:1268:19:_FMSTR_Compare32S	16	static
freemaster_rec.c:1273:19:_FMSTR_Compare32U	16	static
freemaster_rec.c:1278:19:_FMSTR_Compare64S	16	static
freemaster_rec.c:1283:19:_FMSTR_Compare64U	16	static
freemaster_rec.c:1289:19:_FMSTR_CompareFloat	16	static
freemaster_rec.c:1294:19:_FMSTR_CompareDouble	24	static
freemaster_rec.c:1310:24:_FMSTR_GetRecorderBufferByRecIx	16	static
freemaster_rec.c:1330:19:_FMSTR_GetRecorderByRecIx	16	static
freemaster_rec.c:1354:6:FMSTR_Recorder	24	static
freemaster_rec.c:1378:13:_FMSTR_Recorder2	40	static
