freemaster_private.h:63:25:FMSTR_ADDR_VALID_Func	16	static
freemaster_pipes.c:191:12:FMSTR_InitPipes	16	static
freemaster_pipes.c:209:13:FMSTR_PipeOpen	40	static
freemaster_pipes.c:283:6:FMSTR_PipeClose	24	static
freemaster_pipes.c:300:17:FMSTR_PipeWrite	40	static
freemaster_pipes.c:376:12:FMSTR_PipePuts	32	static
freemaster_pipes.c:399:19:_FMSTR_XDigit	24	static
freemaster_pipes.c:431:25:_FMSTR_PipePrintfFlush	32	static
freemaster_pipes.c:470:25:_FMSTR_PipePrintfPutc	24	static
freemaster_pipes.c:501:19:_FMSTR_PipeIToAFinalize	40	static
freemaster_pipes.c:643:19:FMSTR_PipeU8ToA	48	static
freemaster_pipes.c:752:19:FMSTR_PipeS8ToA	32	static
freemaster_pipes.c:777:19:FMSTR_PipeU16ToA	48	static
freemaster_pipes.c:886:19:FMSTR_PipeS16ToA	32	static
freemaster_pipes.c:911:19:FMSTR_PipeU32ToA	48	static
freemaster_pipes.c:1020:19:FMSTR_PipeS32ToA	32	static
freemaster_pipes.c:1047:20:FMSTR_PipeParseFormat	24	static
freemaster_pipes.c:1174:19:_FMSTR_PipePrintfOne	40	static
freemaster_pipes.c:1234:12:FMSTR_PipePrintfU8	24	static
freemaster_pipes.c:1246:12:FMSTR_PipePrintfS8	24	static
freemaster_pipes.c:1258:12:FMSTR_PipePrintfU16	24	static
freemaster_pipes.c:1270:12:FMSTR_PipePrintfS16	24	static
freemaster_pipes.c:1282:12:FMSTR_PipePrintfU32	24	static
freemaster_pipes.c:1294:12:FMSTR_PipePrintfS32	24	static
freemaster_pipes.c:1305:19:_FMSTR_PipePrintfAny	48	static
freemaster_pipes.c:1368:19:_FMSTR_PipePrintfV	40	static
freemaster_pipes.c:1426:12:FMSTR_PipePrintf	28	static
freemaster_pipes.c:1447:17:FMSTR_PipeRead	40	static
freemaster_pipes.c:1523:20:_FMSTR_FindPipe	24	static
freemaster_pipes.c:1548:24:_FMSTR_PipeGetBytesFree	24	static
freemaster_pipes.c:1568:24:_FMSTR_PipeGetBytesReady	24	static
freemaster_pipes.c:1588:13:_FMSTR_PipeDiscardBytes	24	static
freemaster_pipes.c:1620:19:_FMSTR_PipeReceive	32	static
freemaster_pipes.c:1664:19:_FMSTR_PipeTransmit	32	static
freemaster_pipes.c:1711:12:FMSTR_GetPipe	48	static
freemaster_pipes.c:1809:12:FMSTR_PipeFrame	48	static
